Component: Arm Compiler for Embedded 6.22 Tool: armlink [5ee90200]

==============================================================================

Section Cross References

    startup_stm32f103xe.o(RESET) refers to startup_stm32f103xe.o(STACK) for __initial_sp
    startup_stm32f103xe.o(RESET) refers to startup_stm32f103xe.o(.text) for Reset_Handler
    startup_stm32f103xe.o(RESET) refers to stm32f1xx_it.o(.text.NMI_Handler) for NMI_Handler
    startup_stm32f103xe.o(RESET) refers to stm32f1xx_it.o(.text.HardFault_Handler) for HardFault_Handler
    startup_stm32f103xe.o(RESET) refers to stm32f1xx_it.o(.text.MemManage_Handler) for MemManage_Handler
    startup_stm32f103xe.o(RESET) refers to stm32f1xx_it.o(.text.BusFault_Handler) for BusFault_Handler
    startup_stm32f103xe.o(RESET) refers to stm32f1xx_it.o(.text.UsageFault_Handler) for UsageFault_Handler
    startup_stm32f103xe.o(RESET) refers to stm32f1xx_it.o(.text.SVC_Handler) for SVC_Handler
    startup_stm32f103xe.o(RESET) refers to stm32f1xx_it.o(.text.DebugMon_Handler) for DebugMon_Handler
    startup_stm32f103xe.o(RESET) refers to stm32f1xx_it.o(.text.PendSV_Handler) for PendSV_Handler
    startup_stm32f103xe.o(RESET) refers to stm32f1xx_it.o(.text.SysTick_Handler) for SysTick_Handler
    startup_stm32f103xe.o(RESET) refers to stm32f1xx_it.o(.text.TIM2_IRQHandler) for TIM2_IRQHandler
    startup_stm32f103xe.o(RESET) refers to stm32f1xx_it.o(.text.TIM3_IRQHandler) for TIM3_IRQHandler
    startup_stm32f103xe.o(RESET) refers to stm32f1xx_it.o(.text.TIM5_IRQHandler) for TIM5_IRQHandler
    startup_stm32f103xe.o(.text) refers to system_stm32f1xx.o(.text.SystemInit) for SystemInit
    startup_stm32f103xe.o(.text) refers to entry.o(.ARM.Collect$$$$00000000) for __main
    main.o(.text.main) refers to stm32f1xx_hal.o(.text.HAL_Init) for HAL_Init
    main.o(.text.main) refers to main.o(.text.SystemClock_Config) for SystemClock_Config
    main.o(.text.main) refers to gpio.o(.text.MX_GPIO_Init) for MX_GPIO_Init
    main.o(.text.main) refers to spi.o(.text.MX_SPI1_Init) for MX_SPI1_Init
    main.o(.text.main) refers to tim.o(.text.MX_TIM2_Init) for MX_TIM2_Init
    main.o(.text.main) refers to i2c.o(.text.MX_I2C1_Init) for MX_I2C1_Init
    main.o(.text.main) refers to tim.o(.text.MX_TIM5_Init) for MX_TIM5_Init
    main.o(.text.main) refers to tim.o(.text.MX_TIM3_Init) for MX_TIM3_Init
    main.o(.text.main) refers to i2c_oled.o(.text.OLED_Init) for OLED_Init
    main.o(.text.main) refers to i2c_oled.o(.text.OLED_CLS) for OLED_CLS
    main.o(.text.main) refers to spi_lcd.o(.text.LCE_init) for LCE_init
    main.o(.text.main) refers to stm32f1xx_hal_gpio.o(.text.HAL_GPIO_WritePin) for HAL_GPIO_WritePin
    main.o(.text.main) refers to i2c_oled.o(.text.OLED_LAB_DISP_name) for OLED_LAB_DISP_name
    main.o(.text.main) refers to spi_lcd.o(.text.timer) for timer
    main.o(.text.main) refers to i2c_oled.o(.text.OLED_LAB_DISP) for OLED_LAB_DISP
    main.o(.text.main) refers to led.o(.bss.LED_status) for LED_status
    main.o(.text.main) refers to tim.o(.bss.htim2) for htim2
    main.o(.text.main) refers to stm32f1xx_hal_tim.o(.text.HAL_TIM_Base_Start_IT) for HAL_TIM_Base_Start_IT
    main.o(.text.main) refers to tim.o(.bss.htim3) for htim3
    main.o(.text.main) refers to tim.o(.bss.htim5) for htim5
    main.o(.ARM.exidx.text.main) refers to main.o(.text.main) for [Anonymous Symbol]
    main.o(.text.SystemClock_Config) refers to stm32f1xx_hal_rcc.o(.text.HAL_RCC_OscConfig) for HAL_RCC_OscConfig
    main.o(.text.SystemClock_Config) refers to stm32f1xx_hal_rcc.o(.text.HAL_RCC_ClockConfig) for HAL_RCC_ClockConfig
    main.o(.ARM.exidx.text.SystemClock_Config) refers to main.o(.text.SystemClock_Config) for [Anonymous Symbol]
    main.o(.ARM.exidx.text.Error_Handler) refers to main.o(.text.Error_Handler) for [Anonymous Symbol]
    main.o(.text.HAL_TIM_PeriodElapsedCallback) refers to stm32f1xx_hal_gpio.o(.text.HAL_GPIO_TogglePin) for HAL_GPIO_TogglePin
    main.o(.text.HAL_TIM_PeriodElapsedCallback) refers to f2d.o(.text) for __aeabi_f2d
    main.o(.text.HAL_TIM_PeriodElapsedCallback) refers to dadd.o(.text) for __aeabi_dadd
    main.o(.text.HAL_TIM_PeriodElapsedCallback) refers to d2f.o(.text) for __aeabi_d2f
    main.o(.text.HAL_TIM_PeriodElapsedCallback) refers to fcmplt.o(.text) for __aeabi_fcmplt
    main.o(.text.HAL_TIM_PeriodElapsedCallback) refers to 595driver.o(.text.LAB_595_display) for LAB_595_display
    main.o(.text.HAL_TIM_PeriodElapsedCallback) refers to tim.o(.bss.htim2) for htim2
    main.o(.text.HAL_TIM_PeriodElapsedCallback) refers to tim.o(.bss.htim3) for htim3
    main.o(.text.HAL_TIM_PeriodElapsedCallback) refers to i2c_oled.o(.bss.inter_cnt) for inter_cnt
    main.o(.text.HAL_TIM_PeriodElapsedCallback) refers to 595driver.o(.bss..L_MergedGlobals) for count
    main.o(.text.HAL_TIM_PeriodElapsedCallback) refers to spi_lcd.o(.bss.time) for time
    main.o(.text.HAL_TIM_PeriodElapsedCallback) refers to tim.o(.bss.htim5) for htim5
[...]
    .ARM.Collect$$$$00000008                 0x08000138   Section        0  entry7b.o(.ARM.Collect$$$$00000008)
    .ARM.Collect$$$$0000000A                 0x08000138   Section        0  entry8b.o(.ARM.Collect$$$$0000000A)
    .ARM.Collect$$$$0000000B                 0x08000138   Section        8  entry9a.o(.ARM.Collect$$$$0000000B)
    __lit__00000000                          0x08000140   Data           4  entry2.o(.ARM.Collect$$$$00002712)
    .ARM.Collect$$$$0000000D                 0x08000140   Section        0  entry10a.o(.ARM.Collect$$$$0000000D)
    .ARM.Collect$$$$0000000F                 0x08000140   Section        0  entry11a.o(.ARM.Collect$$$$0000000F)
    .ARM.Collect$$$$00002712                 0x08000140   Section        4  entry2.o(.ARM.Collect$$$$00002712)
    .text                                    0x08000144   Section       36  startup_stm32f103xe.o(.text)
    .text                                    0x08000168   Section        0  llushr.o(.text)
    .text                                    0x08000188   Section        0  dadd.o(.text)
    .text                                    0x080002d6   Section        0  fcmplt.o(.text)
    .text                                    0x080002f2   Section        0  f2d.o(.text)
    .text                                    0x08000318   Section        0  d2f.o(.text)
    .text                                    0x08000350   Section        0  uidiv.o(.text)
    .text                                    0x0800037c   Section        0  uldiv.o(.text)
    .text                                    0x080003de   Section        0  llshl.o(.text)
    .text                                    0x080003fc   Section        0  llsshr.o(.text)
    .text                                    0x08000420   Section        0  iusefp.o(.text)
    .text                                    0x08000420   Section        0  fepilogue.o(.text)
    .text                                    0x0800048e   Section        0  depilogue.o(.text)
    .text                                    0x08000548   Section        0  dmul.o(.text)
    .text                                    0x0800062c   Section        0  ddiv.o(.text)
    .text                                    0x0800070a   Section        0  dfixul.o(.text)
    .text                                    0x0800073c   Section       48  cdrcmple.o(.text)
    .text                                    0x0800076c   Section       48  init.o(.text)
    .text                                    0x0800079c   Section        0  __dczerorl2.o(.text)
    [Anonymous Symbol]                       0x080007f2   Section        0  stm32f1xx_it.o(.text.BusFault_Handler)
    [Anonymous Symbol]                       0x080007f4   Section        0  stm32f1xx_it.o(.text.DebugMon_Handler)
    [Anonymous Symbol]                       0x080007f6   Section        0  main.o(.text.Error_Handler)
    [Anonymous Symbol]                       0x08000800   Section        0  stm32f1xx_hal.o(.text.HAL_Delay)
    __arm_cp.10_0                            0x08000820   Number         4  stm32f1xx_hal.o(.text.HAL_Delay)
    [Anonymous Symbol]                       0x08000824   Section        0  stm32f1xx_hal_gpio.o(.text.HAL_GPIO_Init)
    __arm_cp.0_0                             0x080009a8   Number         4  stm32f1xx_hal_gpio.o(.text.HAL_GPIO_Init)
    __arm_cp.0_1                             0x080009ac   Number         4  stm32f1xx_hal_gpio.o(.text.HAL_GPIO_Init)
    __arm_cp.0_2                             0x080009b0   Number         4  stm32f1xx_hal_gpio.o(.text.HAL_GPIO_Init)
    __arm_cp.0_3                             0x080009b4   Number         4  stm32f1xx_hal_gpio.o(.text.HAL_GPIO_Init)
    __arm_cp.0_5                             0x080009b8   Number         4  stm32f1xx_hal_gpio.o(.text.HAL_GPIO_Init)
    __arm_cp.0_6                             0x080009bc   Number         4  stm32f1xx_hal_gpio.o(.text.HAL_GPIO_Init)
    __arm_cp.0_7                             0x080009c0   Number         4  stm32f1xx_hal_gpio.o(.text.HAL_GPIO_Init)
    __arm_cp.0_8                             0x080009c4   Number         4  stm32f1xx_hal_gpio.o(.text.HAL_GPIO_Init)
    __arm_cp.0_9                             0x080009c8   Number         4  stm32f1xx_hal_gpio.o(.text.HAL_GPIO_Init)
    __arm_cp.0_10                            0x080009cc   Number         4  stm32f1xx_hal_gpio.o(.text.HAL_GPIO_Init)
    __arm_cp.0_11                            0x080009d0   Number         4  stm32f1xx_hal_gpio.o(.text.HAL_GPIO_Init)
    [Anonymous Symbol]                       0x080009d4   Section        0  stm32f1xx_hal_gpio.o(.text.HAL_GPIO_TogglePin)
    [Anonymous Symbol]                       0x080009e4   Section        0  stm32f1xx_hal_gpio.o(.text.HAL_GPIO_WritePin)
    [Anonymous Symbol]                       0x080009f0   Section        0  stm32f1xx_hal.o(.text.HAL_GetTick)
    [Anonymous Symbol]                       0x080009f8   Section        0  stm32f1xx_hal_i2c.o(.text.HAL_I2C_Init)
    __arm_cp.0_0                             0x08000b0c   Number         4  stm32f1xx_hal_i2c.o(.text.HAL_I2C_Init)
    __arm_cp.0_1                             0x08000b10   Number         4  stm32f1xx_hal_i2c.o(.text.HAL_I2C_Init)
    __arm_cp.0_2                             0x08000b14   Number         4  stm32f1xx_hal_i2c.o(.text.HAL_I2C_Init)
    __arm_cp.0_3                             0x08000b18   Number         4  stm32f1xx_hal_i2c.o(.text.HAL_I2C_Init)
    [Anonymous Symbol]                       0x08000b1c   Section        0  stm32f1xx_hal_i2c.o(.text.HAL_I2C_Mem_Write)
    __arm_cp.22_0                            0x08000c04   Number         4  stm32f1xx_hal_i2c.o(.text.HAL_I2C_Mem_Write)
    __arm_cp.22_1                            0x08000c08   Number         4  stm32f1xx_hal_i2c.o(.text.HAL_I2C_Mem_Write)
    [Anonymous Symbol]                       0x08000c0c   Section        0  i2c.o(.text.HAL_I2C_MspInit)
    __arm_cp.1_0                             0x08000c6c   Number         4  i2c.o(.text.HAL_I2C_MspInit)
    __arm_cp.1_1                             0x08000c70   Number         4  i2c.o(.text.HAL_I2C_MspInit)
    __arm_cp.1_2                             0x08000c74   Number         4  i2c.o(.text.HAL_I2C_MspInit)
    __arm_cp.1_4                             0x08000c78   Number         4  i2c.o(.text.HAL_I2C_MspInit)
    [Anonymous Symbol]                       0x08000c7c   Section        0  stm32f1xx_hal.o(.text.HAL_IncTick)
    __arm_cp.5_1                             0x08000c8c   Number         4  stm32f1xx_hal.o(.text.HAL_IncTick)
    [Anonymous Symbol]                       0x08000c90   Section        0  stm32f1xx_hal.o(.text.HAL_Init)
    [Anonymous Symbol]                       0x08000cb0   Section        0  stm32f1xx_hal.o(.text.HAL_InitTick)
    __arm_cp.1_0                             0x08000ce8   Number         4  stm32f1xx_hal.o(.text.HAL_InitTick)
    [Anonymous Symbol]                       0x08000cec   Section        0  stm32f1xx_hal_msp.o(.text.HAL_MspInit)
    __arm_cp.0_0                             0x08000d24   Number         4  stm32f1xx_hal_msp.o(.text.HAL_MspInit)
    __arm_cp.0_1                             0x08000d28   Number         4  stm32f1xx_hal_msp.o(.text.HAL_MspInit)
    [Anonymous Symbol]                       0x08000d2c   Section        0  stm32f1xx_hal_cortex.o(.text.HAL_NVIC_EnableIRQ)
    __arm_cp.2_0                             0x08000d40   Number         4  stm32f1xx_hal_cortex.o(.text.HAL_NVIC_EnableIRQ)
    [Anonymous Symbol]                       0x08000d44   Section        0  stm32f1xx_hal_cortex.o(.text.HAL_NVIC_SetPriority)
    __arm_cp.1_1                             0x08000d8c   Number         4  stm32f1xx_hal_cortex.o(.text.HAL_NVIC_SetPriority)
    [Anonymous Symbol]                       0x08000d90   Section        0  stm32f1xx_hal_cortex.o(.text.HAL_NVIC_SetPriorityGrouping)
    __arm_cp.0_0                             0x08000da8   Number         4  stm32f1xx_hal_cortex.o(.text.HAL_NVIC_SetPriorityGrouping)
    __arm_cp.0_1                             0x08000dac   Number         4  stm32f1xx_hal_cortex.o(.text.HAL_NVIC_SetPriorityGrouping)
    [Anonymous Symbol]                       0x08000db0   Section        0  stm32f1xx_hal_rcc.o(.text.HAL_RCC_ClockConfig)
    __arm_cp.2_0                             0x08000f00   Number         4  stm32f1xx_hal_rcc.o(.text.HAL_RCC_ClockConfig)
    __arm_cp.2_2                             0x08000f04   Number         4  stm32f1xx_hal_rcc.o(.text.HAL_RCC_ClockConfig)
    __arm_cp.2_4                             0x08000f08   Number         4  stm32f1xx_hal_rcc.o(.text.HAL_RCC_ClockConfig)
    [Anonymous Symbol]                       0x08000f0c   Section        0  stm32f1xx_hal_rcc.o(.text.HAL_RCC_GetPCLK1Freq)
    __arm_cp.8_0                             0x08000f20   Number         4  stm32f1xx_hal_rcc.o(.text.HAL_RCC_GetPCLK1Freq)
    __arm_cp.8_2                             0x08000f24   Number         4  stm32f1xx_hal_rcc.o(.text.HAL_RCC_GetPCLK1Freq)
    [Anonymous Symbol]                       0x08000f28   Section        0  stm32f1xx_hal_rcc.o(.text.HAL_RCC_GetSysClockFreq)
    __arm_cp.3_0                             0x08000f5c   Number         4  stm32f1xx_hal_rcc.o(.text.HAL_RCC_GetSysClockFreq)
    __arm_cp.3_1                             0x08000f60   Number         4  stm32f1xx_hal_rcc.o(.text.HAL_RCC_GetSysClockFreq)
    HAL_RCC_GetSysClockFreq.aPLLMULFactorTable 0x08000f64   Number         0  stm32f1xx_hal_rcc.o(.text.HAL_RCC_GetSysClockFreq)
    HAL_RCC_GetSysClockFreq.aPredivFactorTable 0x08000f74   Number         0  stm32f1xx_hal_rcc.o(.text.HAL_RCC_GetSysClockFreq)
    __arm_cp.3_4                             0x08000f78   Number         4  stm32f1xx_hal_rcc.o(.text.HAL_RCC_GetSysClockFreq)
    [Anonymous Symbol]                       0x08000f7c   Section        0  stm32f1xx_hal_rcc.o(.text.HAL_RCC_OscConfig)
    __arm_cp.1_0                             0x08001280   Number         4  stm32f1xx_hal_rcc.o(.text.HAL_RCC_OscConfig)
    __arm_cp.1_1                             0x08001284   Number         4  stm32f1xx_hal_rcc.o(.text.HAL_RCC_OscConfig)
    __arm_cp.1_2                             0x08001288   Number         4  stm32f1xx_hal_rcc.o(.text.HAL_RCC_OscConfig)
    __arm_cp.1_3                             0x0800128c   Number         4  stm32f1xx_hal_rcc.o(.text.HAL_RCC_OscConfig)
    [Anonymous Symbol]                       0x08001290   Section        0  stm32f1xx_hal_spi.o(.text.HAL_SPI_Init)
    [Anonymous Symbol]                       0x08001338   Section        0  spi.o(.text.HAL_SPI_MspInit)
    __arm_cp.1_0                             0x080013a4   Number         4  spi.o(.text.HAL_SPI_MspInit)
    __arm_cp.1_1                             0x080013a8   Number         4  spi.o(.text.HAL_SPI_MspInit)
    [Anonymous Symbol]                       0x080013ac   Section        0  stm32f1xx_hal_spi.o(.text.HAL_SPI_Transmit)
    [Anonymous Symbol]                       0x080014c4   Section        0  stm32f1xx_hal_cortex.o(.text.HAL_SYSTICK_Config)
    __arm_cp.6_0                             0x080014e4   Number         4  stm32f1xx_hal_cortex.o(.text.HAL_SYSTICK_Config)
    __arm_cp.6_1                             0x080014e8   Number         4  stm32f1xx_hal_cortex.o(.text.HAL_SYSTICK_Config)
    [Anonymous Symbol]                       0x080014ec   Section        0  stm32f1xx_hal_tim_ex.o(.text.HAL_TIMEx_BreakCallback)
    [Anonymous Symbol]                       0x080014ee   Section        0  stm32f1xx_hal_tim_ex.o(.text.HAL_TIMEx_CommutCallback)
    [Anonymous Symbol]                       0x080014f0   Section        0  stm32f1xx_hal_tim_ex.o(.text.HAL_TIMEx_MasterConfigSynchronization)
    [Anonymous Symbol]                       0x08001554   Section        0  stm32f1xx_hal_tim.o(.text.HAL_TIM_Base_Init)
    [Anonymous Symbol]                       0x08001574   Section        0  tim.o(.text.HAL_TIM_Base_MspInit)
    __arm_cp.3_2                             0x080015f0   Number         4  tim.o(.text.HAL_TIM_Base_MspInit)
    [Anonymous Symbol]                       0x080015f4   Section        0  stm32f1xx_hal_tim.o(.text.HAL_TIM_Base_Start_IT)
    __arm_cp.7_0                             0x0800164c   Number         4  stm32f1xx_hal_tim.o(.text.HAL_TIM_Base_Start_IT)
    __arm_cp.7_1                             0x08001650   Number         4  stm32f1xx_hal_tim.o(.text.HAL_TIM_Base_Start_IT)
    __arm_cp.7_2                             0x08001654   Number         4  stm32f1xx_hal_tim.o(.text.HAL_TIM_Base_Start_IT)
    __arm_cp.7_3                             0x08001658   Number         4  stm32f1xx_hal_tim.o(.text.HAL_TIM_Base_Start_IT)
    __arm_cp.7_4                             0x0800165c   Number         4  stm32f1xx_hal_tim.o(.text.HAL_TIM_Base_Start_IT)
    [Anonymous Symbol]                       0x08001660   Section        0  stm32f1xx_hal_tim.o(.text.HAL_TIM_ConfigClockSource)
    [Anonymous Symbol]                       0x08001714   Section        0  stm32f1xx_hal_tim.o(.text.HAL_TIM_IC_CaptureCallback)
    [Anonymous Symbol]                       0x08001716   Section        0  stm32f1xx_hal_tim.o(.text.HAL_TIM_IRQHandler)
    [Anonymous Symbol]                       0x08001820   Section        0  stm32f1xx_hal_tim.o(.text.HAL_TIM_OC_DelayElapsedCallback)
    [Anonymous Symbol]                       0x08001822   Section        0  stm32f1xx_hal_tim.o(.text.HAL_TIM_PWM_PulseFinishedCallback)
    [Anonymous Symbol]                       0x08001824   Section        0  main.o(.text.HAL_TIM_PeriodElapsedCallback)
    __arm_cp.3_0                             0x080018d4   Number         4  main.o(.text.HAL_TIM_PeriodElapsedCallback)
    __arm_cp.3_1                             0x080018d8   Number         4  main.o(.text.HAL_TIM_PeriodElapsedCallback)
    __arm_cp.3_2                             0x080018dc   Number         4  main.o(.text.HAL_TIM_PeriodElapsedCallback)
    __arm_cp.3_3                             0x080018e0   Number         4  main.o(.text.HAL_TIM_PeriodElapsedCallback)
    __arm_cp.3_4                             0x080018e4   Number         4  main.o(.text.HAL_TIM_PeriodElapsedCallback)
    __arm_cp.3_5                             0x080018e8   Number         4  main.o(.text.HAL_TIM_PeriodElapsedCallback)
    __arm_cp.3_6                             0x080018ec   Number         4  main.o(.text.HAL_TIM_PeriodElapsedCallback)
    __arm_cp.3_7                             0x080018f0   Number         4  main.o(.text.HAL_TIM_PeriodElapsedCallback)
    __arm_cp.3_8                             0x080018f4   Number         4  main.o(.text.HAL_TIM_PeriodElapsedCallback)
    __arm_cp.3_9                             0x080018f8   Number         4  main.o(.text.HAL_TIM_PeriodElapsedCallback)
    [Anonymous Symbol]                       0x080018fc   Section        0  stm32f1xx_hal_tim.o(.text.HAL_TIM_TriggerCallback)
    [Anonymous Symbol]                       0x08001900   Section        0  595driver.o(.text.HC595_CS)
    [Anonymous Symbol]                       0x0800192c   Section        0  595driver.o(.text.HC595_Send_Byte)
    __arm_cp.0_0                             0x08001970   Number         4  595driver.o(.text.HC595_Send_Byte)
    [Anonymous Symbol]                       0x08001974   Section        0  595driver.o(.text.HC595_Send_Multi_Byte)
    [Anonymous Symbol]                       0x08001994   Section        0  stm32f1xx_it.o(.text.HardFault_Handler)
    I2C_IsAcknowledgeFailed                  0x08001997   Thumb Code    48  stm32f1xx_hal_i2c.o(.text.I2C_IsAcknowledgeFailed)
    [Anonymous Symbol]                       0x08001996   Section        0  stm32f1xx_hal_i2c.o(.text.I2C_IsAcknowledgeFailed)
    I2C_RequestMemoryWrite                   0x080019c9   Thumb Code   176  stm32f1xx_hal_i2c.o(.text.I2C_RequestMemoryWrite)
    [Anonymous Symbol]                       0x080019c8   Section        0  stm32f1xx_hal_i2c.o(.text.I2C_RequestMemoryWrite)
    __arm_cp.23_0                            0x08001a78   Number         4  stm32f1xx_hal_i2c.o(.text.I2C_RequestMemoryWrite)
    I2C_WaitOnBTFFlagUntilTimeout            0x08001a7d   Thumb Code    64  stm32f1xx_hal_i2c.o(.text.I2C_WaitOnBTFFlagUntilTimeout)
    [Anonymous Symbol]                       0x08001a7c   Section        0  stm32f1xx_hal_i2c.o(.text.I2C_WaitOnBTFFlagUntilTimeout)
    I2C_WaitOnFlagUntilTimeout               0x08001abd   Thumb Code    86  stm32f1xx_hal_i2c.o(.text.I2C_WaitOnFlagUntilTimeout)
    [Anonymous Symbol]                       0x08001abc   Section        0  stm32f1xx_hal_i2c.o(.text.I2C_WaitOnFlagUntilTimeout)
    I2C_WaitOnMasterAddressFlagUntilTimeout  0x08001b13   Thumb Code    96  stm32f1xx_hal_i2c.o(.text.I2C_WaitOnMasterAddressFlagUntilTimeout)
    [Anonymous Symbol]                       0x08001b12   Section        0  stm32f1xx_hal_i2c.o(.text.I2C_WaitOnMasterAddressFlagUntilTimeout)
    I2C_WaitOnTXEFlagUntilTimeout            0x08001b73   Thumb Code    64  stm32f1xx_hal_i2c.o(.text.I2C_WaitOnTXEFlagUntilTimeout)
    [Anonymous Symbol]                       0x08001b72   Section        0  stm32f1xx_hal_i2c.o(.text.I2C_WaitOnTXEFlagUntilTimeout)
    [Anonymous Symbol]                       0x08001bb4   Section        0  595driver.o(.text.LAB_595_display)
    __arm_cp.3_0                             0x08001bdc   Number         4  595driver.o(.text.LAB_595_display)
    __arm_cp.3_1                             0x08001be0   Number         4  595driver.o(.text.LAB_595_display)
    __arm_cp.3_2                             0x08001be4   Number         4  595driver.o(.text.LAB_595_display)
    [Anonymous Symbol]                       0x08001be8   Section        0  spi_lcd.o(.text.LCD_Display_Words)
    __arm_cp.3_0                             0x08001c08   Number         4  spi_lcd.o(.text.LCD_Display_Words)
    [Anonymous Symbol]                       0x08001c0c   Section        0  spi_lcd.o(.text.LCE_init)
    __arm_cp.2_0                             0x08001c48   Number         4  spi_lcd.o(.text.LCE_init)
    __arm_cp.2_1                             0x08001c4c   Number         4  spi_lcd.o(.text.LCE_init)
    [Anonymous Symbol]                       0x08001c50   Section        0  gpio.o(.text.MX_GPIO_Init)
    __arm_cp.0_0                             0x08001d14   Number         4  gpio.o(.text.MX_GPIO_Init)
    __arm_cp.0_1                             0x08001d18   Number         4  gpio.o(.text.MX_GPIO_Init)
    __arm_cp.0_2                             0x08001d1c   Number         4  gpio.o(.text.MX_GPIO_Init)
    __arm_cp.0_3                             0x08001d20   Number         4  gpio.o(.text.MX_GPIO_Init)
    [Anonymous Symbol]                       0x08001d24   Section        0  i2c.o(.text.MX_I2C1_Init)
    __arm_cp.0_0                             0x08001d54   Number         4  i2c.o(.text.MX_I2C1_Init)
    __arm_cp.0_1                             0x08001d58   Number         4  i2c.o(.text.MX_I2C1_Init)
    __arm_cp.0_2                             0x08001d5c   Number         4  i2c.o(.text.MX_I2C1_Init)
    [Anonymous Symbol]                       0x08001d60   Section        0  spi.o(.text.MX_SPI1_Init)
    __arm_cp.0_0                             0x08001da0   Number         4  spi.o(.text.MX_SPI1_Init)
    __arm_cp.0_1                             0x08001da4   Number         4  spi.o(.text.MX_SPI1_Init)
    [Anonymous Symbol]                       0x08001da8   Section        0  tim.o(.text.MX_TIM2_Init)
    __arm_cp.0_0                             0x08001dec   Number         4  tim.o(.text.MX_TIM2_Init)
    [Anonymous Symbol]                       0x08001df0   Section        0  tim.o(.text.MX_TIM3_Init)
    __arm_cp.1_0                             0x08001e34   Number         4  tim.o(.text.MX_TIM3_Init)
    __arm_cp.1_1                             0x08001e38   Number         4  tim.o(.text.MX_TIM3_Init)
    [Anonymous Symbol]                       0x08001e3c   Section        0  tim.o(.text.MX_TIM5_Init)
    __arm_cp.2_0                             0x08001e80   Number         4  tim.o(.text.MX_TIM5_Init)
    __arm_cp.2_1                             0x08001e84   Number         4  tim.o(.text.MX_TIM5_Init)
    [Anonymous Symbol]                       0x08001e88   Section        0  stm32f1xx_it.o(.text.MemManage_Handler)
    [Anonymous Symbol]                       0x08001e8a   Section        0  stm32f1xx_it.o(.text.NMI_Handler)
    [Anonymous Symbol]                       0x08001e8c   Section        0  i2c_oled.o(.text.OLED_CLS)
    [Anonymous Symbol]                       0x08001e94   Section        0  i2c_oled.o(.text.OLED_Fill)
    [Anonymous Symbol]                       0x08001ecc   Section        0  i2c_oled.o(.text.OLED_Init)
    [Anonymous Symbol]                       0x08001f4c   Section        0  i2c_oled.o(.text.OLED_LAB_DISP)
    [Anonymous Symbol]                       0x08001f68   Section        0  i2c_oled.o(.text.OLED_LAB_DISP_name)
    __arm_cp.13_0                            0x08001fa0   Number         4  i2c_oled.o(.text.OLED_LAB_DISP_name)
    __arm_cp.13_1                            0x08001fa4   Number         4  i2c_oled.o(.text.OLED_LAB_DISP_name)
    __arm_cp.13_2                            0x08001fa8   Number         4  i2c_oled.o(.text.OLED_LAB_DISP_name)
    [Anonymous Symbol]                       0x08001fb8   Section        0  i2c_oled.o(.text.OLED_SetPos)
    __arm_cp.3_0                             0x08001fdc   Number         4  i2c_oled.o(.text.OLED_SetPos)
    [Anonymous Symbol]                       0x08001fe0   Section        0  i2c_oled.o(.text.OLED_ShowCN)
    __arm_cp.9_0                             0x08002024   Number         4  i2c_oled.o(.text.OLED_ShowCN)
    [Anonymous Symbol]                       0x08002028   Section        0  i2c_oled.o(.text.OLED_ShowStr)
    __arm_cp.8_0                             0x08002118   Number         4  i2c_oled.o(.text.OLED_ShowStr)
    __arm_cp.8_1                             0x0800211c   Number         4  i2c_oled.o(.text.OLED_ShowStr)
    OUTLINED_FUNCTION_0                      0x08002121   Thumb Code    14  gpio.o(.text.OUTLINED_FUNCTION_0)
    [Anonymous Symbol]                       0x08002120   Section        0  gpio.o(.text.OUTLINED_FUNCTION_0)
    OUTLINED_FUNCTION_0                      0x0800212f   Thumb Code    26  tim.o(.text.OUTLINED_FUNCTION_0)
    [Anonymous Symbol]                       0x0800212e   Section        0  tim.o(.text.OUTLINED_FUNCTION_0)
    OUTLINED_FUNCTION_0                      0x08002149   Thumb Code    28  spi_lcd.o(.text.OUTLINED_FUNCTION_0)
    [Anonymous Symbol]                       0x08002148   Section        0  spi_lcd.o(.text.OUTLINED_FUNCTION_0)
    OUTLINED_FUNCTION_0                      0x08002165   Thumb Code    14  stm32f1xx_hal_rcc.o(.text.OUTLINED_FUNCTION_0)
    [Anonymous Symbol]                       0x08002164   Section        0  stm32f1xx_hal_rcc.o(.text.OUTLINED_FUNCTION_0)
    OUTLINED_FUNCTION_0                      0x08002173   Thumb Code    18  stm32f1xx_hal_cortex.o(.text.OUTLINED_FUNCTION_0)
    [Anonymous Symbol]                       0x08002172   Section        0  stm32f1xx_hal_cortex.o(.text.OUTLINED_FUNCTION_0)
    OUTLINED_FUNCTION_1                      0x08002185   Thumb Code    10  spi_lcd.o(.text.OUTLINED_FUNCTION_1)
    [Anonymous Symbol]                       0x08002184   Section        0  spi_lcd.o(.text.OUTLINED_FUNCTION_1)
    OUTLINED_FUNCTION_1                      0x0800218f   Thumb Code    10  stm32f1xx_hal_rcc.o(.text.OUTLINED_FUNCTION_1)
    [Anonymous Symbol]                       0x0800218e   Section        0  stm32f1xx_hal_rcc.o(.text.OUTLINED_FUNCTION_1)
    OUTLINED_FUNCTION_1                      0x08002199   Thumb Code    16  stm32f1xx_hal_spi.o(.text.OUTLINED_FUNCTION_1)
    [Anonymous Symbol]                       0x08002198   Section        0  stm32f1xx_hal_spi.o(.text.OUTLINED_FUNCTION_1)
    OUTLINED_FUNCTION_1                      0x080021a9   Thumb Code    46  stm32f1xx_hal_tim.o(.text.OUTLINED_FUNCTION_1)
    [Anonymous Symbol]                       0x080021a8   Section        0  stm32f1xx_hal_tim.o(.text.OUTLINED_FUNCTION_1)
    OUTLINED_FUNCTION_10                     0x080021d7   Thumb Code    10  stm32f1xx_hal_i2c.o(.text.OUTLINED_FUNCTION_10)
    [Anonymous Symbol]                       0x080021d6   Section        0  stm32f1xx_hal_i2c.o(.text.OUTLINED_FUNCTION_10)
    OUTLINED_FUNCTION_10                     0x080021e1   Thumb Code    10  stm32f1xx_hal_tim.o(.text.OUTLINED_FUNCTION_10)
    [Anonymous Symbol]                       0x080021e0   Section        0  stm32f1xx_hal_tim.o(.text.OUTLINED_FUNCTION_10)
    OUTLINED_FUNCTION_12                     0x080021eb   Thumb Code    18  stm32f1xx_hal_spi.o(.text.OUTLINED_FUNCTION_12)
    [Anonymous Symbol]                       0x080021ea   Section        0  stm32f1xx_hal_spi.o(.text.OUTLINED_FUNCTION_12)
    OUTLINED_FUNCTION_13                     0x080021fd   Thumb Code    10  stm32f1xx_hal_tim.o(.text.OUTLINED_FUNCTION_13)
    [Anonymous Symbol]                       0x080021fc   Section        0  stm32f1xx_hal_tim.o(.text.OUTLINED_FUNCTION_13)
    OUTLINED_FUNCTION_15                     0x08002207   Thumb Code     8  stm32f1xx_hal_i2c.o(.text.OUTLINED_FUNCTION_15)
    [Anonymous Symbol]                       0x08002206   Section        0  stm32f1xx_hal_i2c.o(.text.OUTLINED_FUNCTION_15)
    OUTLINED_FUNCTION_17                     0x0800220f   Thumb Code    16  stm32f1xx_hal_spi.o(.text.OUTLINED_FUNCTION_17)
    [Anonymous Symbol]                       0x0800220e   Section        0  stm32f1xx_hal_spi.o(.text.OUTLINED_FUNCTION_17)
    OUTLINED_FUNCTION_2                      0x0800221f   Thumb Code    10  spi_lcd.o(.text.OUTLINED_FUNCTION_2)
    [Anonymous Symbol]                       0x0800221e   Section        0  spi_lcd.o(.text.OUTLINED_FUNCTION_2)
    OUTLINED_FUNCTION_20                     0x08002229   Thumb Code    10  stm32f1xx_hal_spi.o(.text.OUTLINED_FUNCTION_20)
    [Anonymous Symbol]                       0x08002228   Section        0  stm32f1xx_hal_spi.o(.text.OUTLINED_FUNCTION_20)
    OUTLINED_FUNCTION_21                     0x08002233   Thumb Code     8  stm32f1xx_hal_spi.o(.text.OUTLINED_FUNCTION_21)
    [Anonymous Symbol]                       0x08002232   Section        0  stm32f1xx_hal_spi.o(.text.OUTLINED_FUNCTION_21)
    OUTLINED_FUNCTION_23                     0x0800223b   Thumb Code     8  stm32f1xx_hal_i2c.o(.text.OUTLINED_FUNCTION_23)
    [Anonymous Symbol]                       0x0800223a   Section        0  stm32f1xx_hal_i2c.o(.text.OUTLINED_FUNCTION_23)
    OUTLINED_FUNCTION_24                     0x08002243   Thumb Code    18  stm32f1xx_hal_i2c.o(.text.OUTLINED_FUNCTION_24)
    [Anonymous Symbol]                       0x08002242   Section        0  stm32f1xx_hal_i2c.o(.text.OUTLINED_FUNCTION_24)
    OUTLINED_FUNCTION_24                     0x08002255   Thumb Code    10  stm32f1xx_hal_tim.o(.text.OUTLINED_FUNCTION_24)
    [Anonymous Symbol]                       0x08002254   Section        0  stm32f1xx_hal_tim.o(.text.OUTLINED_FUNCTION_24)
    OUTLINED_FUNCTION_25                     0x0800225f   Thumb Code     8  stm32f1xx_hal_spi.o(.text.OUTLINED_FUNCTION_25)
    [Anonymous Symbol]                       0x0800225e   Section        0  stm32f1xx_hal_spi.o(.text.OUTLINED_FUNCTION_25)
    OUTLINED_FUNCTION_25                     0x08002267   Thumb Code    26  stm32f1xx_hal_tim.o(.text.OUTLINED_FUNCTION_25)
    [Anonymous Symbol]                       0x08002266   Section        0  stm32f1xx_hal_tim.o(.text.OUTLINED_FUNCTION_25)
    OUTLINED_FUNCTION_3                      0x08002281   Thumb Code    18  stm32f1xx_hal_spi.o(.text.OUTLINED_FUNCTION_3)
    [Anonymous Symbol]                       0x08002280   Section        0  stm32f1xx_hal_spi.o(.text.OUTLINED_FUNCTION_3)
    OUTLINED_FUNCTION_30                     0x08002293   Thumb Code    20  stm32f1xx_hal_tim.o(.text.OUTLINED_FUNCTION_30)
    [Anonymous Symbol]                       0x08002292   Section        0  stm32f1xx_hal_tim.o(.text.OUTLINED_FUNCTION_30)
    OUTLINED_FUNCTION_36                     0x080022a7   Thumb Code    22  stm32f1xx_hal_i2c.o(.text.OUTLINED_FUNCTION_36)
    [Anonymous Symbol]                       0x080022a6   Section        0  stm32f1xx_hal_i2c.o(.text.OUTLINED_FUNCTION_36)
    OUTLINED_FUNCTION_39                     0x080022bd   Thumb Code    12  stm32f1xx_hal_tim.o(.text.OUTLINED_FUNCTION_39)
    [Anonymous Symbol]                       0x080022bc   Section        0  stm32f1xx_hal_tim.o(.text.OUTLINED_FUNCTION_39)
    OUTLINED_FUNCTION_42                     0x080022c9   Thumb Code    10  stm32f1xx_hal_tim.o(.text.OUTLINED_FUNCTION_42)
    [Anonymous Symbol]                       0x080022c8   Section        0  stm32f1xx_hal_tim.o(.text.OUTLINED_FUNCTION_42)
    OUTLINED_FUNCTION_46                     0x080022d3   Thumb Code    20  stm32f1xx_hal_i2c.o(.text.OUTLINED_FUNCTION_46)
    [Anonymous Symbol]                       0x080022d2   Section        0  stm32f1xx_hal_i2c.o(.text.OUTLINED_FUNCTION_46)
    OUTLINED_FUNCTION_47                     0x080022e7   Thumb Code    10  stm32f1xx_hal_i2c.o(.text.OUTLINED_FUNCTION_47)
    [Anonymous Symbol]                       0x080022e6   Section        0  stm32f1xx_hal_i2c.o(.text.OUTLINED_FUNCTION_47)
    OUTLINED_FUNCTION_47                     0x080022f1   Thumb Code     6  stm32f1xx_hal_tim.o(.text.OUTLINED_FUNCTION_47)
    [Anonymous Symbol]                       0x080022f0   Section        0  stm32f1xx_hal_tim.o(.text.OUTLINED_FUNCTION_47)
    OUTLINED_FUNCTION_48                     0x080022f7   Thumb Code     8  stm32f1xx_hal_i2c.o(.text.OUTLINED_FUNCTION_48)
    [Anonymous Symbol]                       0x080022f6   Section        0  stm32f1xx_hal_i2c.o(.text.OUTLINED_FUNCTION_48)
    OUTLINED_FUNCTION_5                      0x080022ff   Thumb Code    28  stm32f1xx_hal_i2c.o(.text.OUTLINED_FUNCTION_5)
    [Anonymous Symbol]                       0x080022fe   Section        0  stm32f1xx_hal_i2c.o(.text.OUTLINED_FUNCTION_5)
    OUTLINED_FUNCTION_53                     0x0800231b   Thumb Code    10  stm32f1xx_hal_i2c.o(.text.OUTLINED_FUNCTION_53)
    [Anonymous Symbol]                       0x0800231a   Section        0  stm32f1xx_hal_i2c.o(.text.OUTLINED_FUNCTION_53)
    OUTLINED_FUNCTION_53                     0x08002325   Thumb Code    14  stm32f1xx_hal_tim.o(.text.OUTLINED_FUNCTION_53)
    [Anonymous Symbol]                       0x08002324   Section        0  stm32f1xx_hal_tim.o(.text.OUTLINED_FUNCTION_53)
    OUTLINED_FUNCTION_55                     0x08002333   Thumb Code    10  stm32f1xx_hal_tim.o(.text.OUTLINED_FUNCTION_55)
    [Anonymous Symbol]                       0x08002332   Section        0  stm32f1xx_hal_tim.o(.text.OUTLINED_FUNCTION_55)
    OUTLINED_FUNCTION_61                     0x0800233d   Thumb Code    18  stm32f1xx_hal_i2c.o(.text.OUTLINED_FUNCTION_61)
    [Anonymous Symbol]                       0x0800233c   Section        0  stm32f1xx_hal_i2c.o(.text.OUTLINED_FUNCTION_61)
    OUTLINED_FUNCTION_62                     0x0800234f   Thumb Code    18  stm32f1xx_hal_i2c.o(.text.OUTLINED_FUNCTION_62)
    [Anonymous Symbol]                       0x0800234e   Section        0  stm32f1xx_hal_i2c.o(.text.OUTLINED_FUNCTION_62)
    OUTLINED_FUNCTION_65                     0x08002361   Thumb Code    16  stm32f1xx_hal_i2c.o(.text.OUTLINED_FUNCTION_65)
    [Anonymous Symbol]                       0x08002360   Section        0  stm32f1xx_hal_i2c.o(.text.OUTLINED_FUNCTION_65)
    OUTLINED_FUNCTION_68                     0x08002371   Thumb Code     6  stm32f1xx_hal_i2c.o(.text.OUTLINED_FUNCTION_68)
    [Anonymous Symbol]                       0x08002370   Section        0  stm32f1xx_hal_i2c.o(.text.OUTLINED_FUNCTION_68)
    OUTLINED_FUNCTION_7                      0x08002377   Thumb Code    14  stm32f1xx_hal_tim.o(.text.OUTLINED_FUNCTION_7)
    [Anonymous Symbol]                       0x08002376   Section        0  stm32f1xx_hal_tim.o(.text.OUTLINED_FUNCTION_7)
    OUTLINED_FUNCTION_79                     0x08002385   Thumb Code    14  stm32f1xx_hal_i2c.o(.text.OUTLINED_FUNCTION_79)
    [Anonymous Symbol]                       0x08002384   Section        0  stm32f1xx_hal_i2c.o(.text.OUTLINED_FUNCTION_79)
    OUTLINED_FUNCTION_8                      0x08002393   Thumb Code    16  stm32f1xx_hal_spi.o(.text.OUTLINED_FUNCTION_8)
    [Anonymous Symbol]                       0x08002392   Section        0  stm32f1xx_hal_spi.o(.text.OUTLINED_FUNCTION_8)
    OUTLINED_FUNCTION_86                     0x080023a3   Thumb Code     8  stm32f1xx_hal_i2c.o(.text.OUTLINED_FUNCTION_86)
    [Anonymous Symbol]                       0x080023a2   Section        0  stm32f1xx_hal_i2c.o(.text.OUTLINED_FUNCTION_86)
    [Anonymous Symbol]                       0x080023aa   Section        0  stm32f1xx_it.o(.text.PendSV_Handler)
    SPI_EndRxTxTransaction                   0x080023ad   Thumb Code    54  stm32f1xx_hal_spi.o(.text.SPI_EndRxTxTransaction)
    [Anonymous Symbol]                       0x080023ac   Section        0  stm32f1xx_hal_spi.o(.text.SPI_EndRxTxTransaction)
    SPI_WaitFlagStateUntilTimeout            0x080023e5   Thumb Code   188  stm32f1xx_hal_spi.o(.text.SPI_WaitFlagStateUntilTimeout)
    [Anonymous Symbol]                       0x080023e4   Section        0  stm32f1xx_hal_spi.o(.text.SPI_WaitFlagStateUntilTimeout)
    __arm_cp.54_0                            0x080024a0   Number         4  stm32f1xx_hal_spi.o(.text.SPI_WaitFlagStateUntilTimeout)
    [Anonymous Symbol]                       0x080024a4   Section        0  stm32f1xx_it.o(.text.SVC_Handler)
    [Anonymous Symbol]                       0x080024a6   Section        0  stm32f1xx_it.o(.text.SysTick_Handler)
    [Anonymous Symbol]                       0x080024aa   Section        0  main.o(.text.SystemClock_Config)
    [Anonymous Symbol]                       0x08002508   Section        0  system_stm32f1xx.o(.text.SystemInit)
    [Anonymous Symbol]                       0x0800250c   Section        0  stm32f1xx_it.o(.text.TIM2_IRQHandler)
    [Anonymous Symbol]                       0x08002514   Section        0  stm32f1xx_it.o(.text.TIM3_IRQHandler)
    [Anonymous Symbol]                       0x0800251c   Section        0  stm32f1xx_it.o(.text.TIM5_IRQHandler)
    [Anonymous Symbol]                       0x08002524   Section        0  stm32f1xx_hal_tim.o(.text.TIM_Base_SetConfig)
    __arm_cp.2_0                             0x080025bc   Number         4  stm32f1xx_hal_tim.o(.text.TIM_Base_SetConfig)
    __arm_cp.2_1                             0x080025c0   Number         4  stm32f1xx_hal_tim.o(.text.TIM_Base_SetConfig)
    __arm_cp.2_2                             0x080025c4   Number         4  stm32f1xx_hal_tim.o(.text.TIM_Base_SetConfig)
    __arm_cp.2_3                             0x080025c8   Number         4  stm32f1xx_hal_tim.o(.text.TIM_Base_SetConfig)
    __arm_cp.2_4                             0x080025cc   Number         4  stm32f1xx_hal_tim.o(.text.TIM_Base_SetConfig)
    TIM_TI1_ConfigInputStage                 0x080025d1   Thumb Code    34  stm32f1xx_hal_tim.o(.text.TIM_TI1_ConfigInputStage)
    [Anonymous Symbol]                       0x080025d0   Section        0  stm32f1xx_hal_tim.o(.text.TIM_TI1_ConfigInputStage)
    TIM_TI2_ConfigInputStage                 0x080025f3   Thumb Code    36  stm32f1xx_hal_tim.o(.text.TIM_TI2_ConfigInputStage)
    [Anonymous Symbol]                       0x080025f2   Section        0  stm32f1xx_hal_tim.o(.text.TIM_TI2_ConfigInputStage)
    [Anonymous Symbol]                       0x08002616   Section        0  stm32f1xx_it.o(.text.UsageFault_Handler)
    [Anonymous Symbol]                       0x08002618   Section        0  i2c_oled.o(.text.WriteCmd)
    [Anonymous Symbol]                       0x0800263c   Section        0  i2c_oled.o(.text.WriteDat)
    __arm_cp.1_0                             0x08002660   Number         4  i2c_oled.o(.text.WriteDat)
    [Anonymous Symbol]                       0x08002664   Section        0  main.o(.text.main)
    __arm_cp.0_0                             0x080026c0   Number         4  main.o(.text.main)
    __arm_cp.0_1                             0x080026c4   Number         4  main.o(.text.main)
    __arm_cp.0_2                             0x080026c8   Number         4  main.o(.text.main)
    __arm_cp.0_3                             0x080026cc   Number         4  main.o(.text.main)
    __arm_cp.0_4                             0x080026d0   Number         4  main.o(.text.main)
    [Anonymous Symbol]                       0x080026d4   Section        0  spi_lcd.o(.text.spi_wirte_cmd)
    [Anonymous Symbol]                       0x080026f4   Section        0  spi_lcd.o(.text.spi_wirte_data)
    __arm_cp.0_0                             0x08002710   Number         4  spi_lcd.o(.text.spi_wirte_data)
    __arm_cp.0_1                             0x08002714   Number         4  spi_lcd.o(.text.spi_wirte_data)
    [Anonymous Symbol]                       0x08002718   Section        0  spi_lcd.o(.text.timer)
    __arm_cp.4_0                             0x08002744   Number         4  spi_lcd.o(.text.timer)
    i.__0snprintf                            0x0800275c   Section        0  printfa.o(i.__0snprintf)
    i.__scatterload_copy                     0x08002790   Section       14  handlers.o(i.__scatterload_copy)
    i.__scatterload_null                     0x0800279e   Section        2  handlers.o(i.__scatterload_null)
    i.__scatterload_zeroinit                 0x080027a0   Section       14  handlers.o(i.__scatterload_zeroinit)
    _fp_digits                               0x080027b1   Thumb Code   366  printfa.o(i._fp_digits)
    i._fp_digits                             0x080027b0   Section        0  printfa.o(i._fp_digits)
    _printf_core                             0x08002935   Thumb Code  1744  printfa.o(i._printf_core)
    i._printf_core                           0x08002934   Section        0  printfa.o(i._printf_core)
    _printf_post_padding                     0x08003011   Thumb Code    36  printfa.o(i._printf_post_padding)
    i._printf_post_padding                   0x08003010   Section        0  printfa.o(i._printf_post_padding)
    _printf_pre_padding                      0x08003035   Thumb Code    46  printfa.o(i._printf_pre_padding)
    i._printf_pre_padding                    0x08003034   Section        0  printfa.o(i._printf_pre_padding)
    _snputc                                  0x08003063   Thumb Code    22  printfa.o(i._snputc)
    i._snputc                                0x08003062   Section        0  printfa.o(i._snputc)
    [Anonymous Symbol]                       0x080038bc   Section        0  i2c_oled.o(.rodata.str1.1)
    [Anonymous Symbol]                       0x20000000   Section        0  stm32f1xx_hal.o(.data..L_MergedGlobals)
    [Anonymous Symbol]                       0x20000330   Section        0  595driver.o(.bss..L_MergedGlobals)
    STACK                                    0x200004e8   Section     2048  startup_stm32f103xe.o(STACK)

    Global Symbols

    Symbol Name                              Value     Ov Type        Size  Object(Section)

    BuildAttributes$$THM_ISAv4$P$D$K$B$S$PE$A:L22UL41UL21$X:L11$S22US41US21$IEEE1$IW$~IW$USESV6$~STKCKD$USESV7$~SHL$OTIME$ROPI$EBA8$MICROLIB$REQ8$PRES8$EABIv2 0x00000000   Number         0  anon$$obj.o ABSOLUTE
    _printf_a                                0x00000000   Number         0  printfstubs.o ABSOLUTE
    _printf_c                                0x00000000   Number         0  printfstubs.o ABSOLUTE
    _printf_charcount                        0x00000000   Number         0  printfstubs.o ABSOLUTE
    _printf_d                                0x00000000   Number         0  printfstubs.o ABSOLUTE
    _printf_e                                0x00000000   Number         0  printfstubs.o ABSOLUTE
    _printf_f                                0x00000000   Number         0  printfstubs.o ABSOLUTE
    _printf_flags                            0x00000000   Number         0  printfstubs.o ABSOLUTE
    _printf_fp_dec                           0x00000000   Number         0  printfstubs.o ABSOLUTE
    _printf_fp_hex                           0x00000000   Number         0  printfstubs.o ABSOLUTE
    _printf_g                                0x00000000   Number         0  printfstubs.o ABSOLUTE
    _printf_i                                0x00000000   Number         0  printfstubs.o ABSOLUTE
    _printf_int_dec                          0x00000000   Number         0  printfstubs.o ABSOLUTE
    _printf_l                                0x00000000   Number         0  printfstubs.o ABSOLUTE
    _printf_lc                               0x00000000   Number         0  printfstubs.o ABSOLUTE
    _printf_ll                               0x00000000   Number         0  printfstubs.o ABSOLUTE
    _printf_lld                              0x00000000   Number         0  printfstubs.o ABSOLUTE
    _printf_lli                              0x00000000   Number         0  printfstubs.o ABSOLUTE
    _printf_llo                              0x00000000   Number         0  printfstubs.o ABSOLUTE
    _printf_llu                              0x00000000   Number         0  printfstubs.o ABSOLUTE
    _printf_llx                              0x00000000   Number         0  printfstubs.o ABSOLUTE
    _printf_longlong_dec                     0x00000000   Number         0  printfstubs.o ABSOLUTE
    _printf_longlong_hex                     0x00000000   Number         0  printfstubs.o ABSOLUTE
    _printf_longlong_oct                     0x00000000   Number         0  printfstubs.o ABSOLUTE
    _printf_ls                               0x00000000   Number         0  printfstubs.o ABSOLUTE
    _printf_mbtowc                           0x00000000   Number         0  printfstubs.o ABSOLUTE
    _printf_n                                0x00000000   Number         0  printfstubs.o ABSOLUTE
    _printf_o                                0x00000000   Number         0  printfstubs.o ABSOLUTE
    _printf_p                                0x00000000   Number         0  printfstubs.o ABSOLUTE
    _printf_percent                          0x00000000   Number         0  printfstubs.o ABSOLUTE
    _printf_pre_padding                      0x00000000   Number         0  printfstubs.o ABSOLUTE
    _printf_return_value                     0x00000000   Number         0  printfstubs.o ABSOLUTE
    _printf_s                                0x00000000   Number         0  printfstubs.o ABSOLUTE
    _printf_sizespec                         0x00000000   Number         0  printfstubs.o ABSOLUTE
    _printf_str                              0x00000000   Number         0  printfstubs.o ABSOLUTE
    _printf_truncate_signed                  0x00000000   Number         0  printfstubs.o ABSOLUTE
    _printf_truncate_unsigned                0x00000000   Number         0  printfstubs.o ABSOLUTE
    _printf_u                                0x00000000   Number         0  printfstubs.o ABSOLUTE
    _printf_wc                               0x00000000   Number         0  printfstubs.o ABSOLUTE
    _printf_wctomb                           0x00000000   Number         0  printfstubs.o ABSOLUTE
    _printf_widthprec                        0x00000000   Number         0  printfstubs.o ABSOLUTE
    _printf_x                                0x00000000   Number         0  printfstubs.o ABSOLUTE
    __cpp_initialize__aeabi_                  - Undefined Weak Reference
    __cxa_finalize                            - Undefined Weak Reference
    _clock_init                               - Undefined Weak Reference
    _microlib_exit                            - Undefined Weak Reference
    __Vectors_Size                           0x00000130   Number         0  startup_stm32f103xe.o ABSOLUTE
    __Vectors                                0x08000000   Data           4  startup_stm32f103xe.o(RESET)
    __Vectors_End                            0x08000130   Data           0  startup_stm32f103xe.o(RESET)
    __main                                   0x08000131   Thumb Code     0  entry.o(.ARM.Collect$$$$00000000)
    _main_stk                                0x08000131   Thumb Code     0  entry2.o(.ARM.Collect$$$$00000001)
    _main_scatterload                        0x08000135   Thumb Code     0  entry5.o(.ARM.Collect$$$$00000004)
    __main_after_scatterload                 0x08000139   Thumb Code     0  entry5.o(.ARM.Collect$$$$00000004)
    _main_clock                              0x08000139   Thumb Code     0  entry7b.o(.ARM.Collect$$$$00000008)
    _main_cpp_init                           0x08000139   Thumb Code     0  entry8b.o(.ARM.Collect$$$$0000000A)
    _main_init                               0x08000139   Thumb Code     0  entry9a.o(.ARM.Collect$$$$0000000B)
    __rt_final_cpp                           0x08000141   Thumb Code     0  entry10a.o(.ARM.Collect$$$$0000000D)
    __rt_final_exit                          0x08000141   Thumb Code     0  entry11a.o(.ARM.Collect$$$$0000000F)
    Reset_Handler                            0x08000145   Thumb Code     8  startup_stm32f103xe.o(.text)
    ADC1_2_IRQHandler                        0x0800015f   Thumb Code     0  startup_stm32f103xe.o(.text)
    ADC3_IRQHandler                          0x0800015f   Thumb Code     0  startup_stm32f103xe.o(.text)
    CAN1_RX1_IRQHandler                      0x0800015f   Thumb Code     0  startup_stm32f103xe.o(.text)
    CAN1_SCE_IRQHandler                      0x0800015f   Thumb Code     0  startup_stm32f103xe.o(.text)
    DMA1_Channel1_IRQHandler                 0x0800015f   Thumb Code     0  startup_stm32f103xe.o(.text)
    DMA1_Channel2_IRQHandler                 0x0800015f   Thumb Code     0  startup_stm32f103xe.o(.text)
    DMA1_Channel3_IRQHandler                 0x0800015f   Thumb Code     0  startup_stm32f103xe.o(.text)
    DMA1_Channel4_IRQHandler                 0x0800015f   Thumb Code     0  startup_stm32f103xe.o(.text)
    DMA1_Channel5_IRQHandler                 0x0800015f   Thumb Code     0  startup_stm32f103xe.o(.text)
    DMA1_Channel6_IRQHandler                 0x0800015f   Thumb Code     0  startup_stm32f103xe.o(.text)
    DMA1_Channel7_IRQHandler                 0x0800015f   Thumb Code     0  startup_stm32f103xe.o(.text)
    DMA2_Channel1_IRQHandler                 0x0800015f   Thumb Code     0  startup_stm32f103xe.o(.text)
    DMA2_Channel2_IRQHandler                 0x0800015f   Thumb Code     0  startup_stm32f103xe.o(.text)
    DMA2_Channel3_IRQHandler                 0x0800015f   Thumb Code     0  startup_stm32f103xe.o(.text)
    DMA2_Channel4_5_IRQHandler               0x0800015f   Thumb Code     0  startup_stm32f103xe.o(.text)
    EXTI0_IRQHandler                         0x0800015f   Thumb Code     0  startup_stm32f103xe.o(.text)
    EXTI15_10_IRQHandler                     0x0800015f   Thumb Code     0  startup_stm32f103xe.o(.text)
    EXTI1_IRQHandler                         0x0800015f   Thumb Code     0  startup_stm32f103xe.o(.text)
    EXTI2_IRQHandler                         0x0800015f   Thumb Code     0  startup_stm32f103xe.o(.text)
    EXTI3_IRQHandler                         0x0800015f   Thumb Code     0  startup_stm32f103xe.o(.text)
    EXTI4_IRQHandler                         0x0800015f   Thumb Code     0  startup_stm32f103xe.o(.text)
    EXTI9_5_IRQHandler                       0x0800015f   Thumb Code     0  startup_stm32f103xe.o(.text)
    FLASH_IRQHandler                         0x0800015f   Thumb Code     0  startup_stm32f103xe.o(.text)
    FSMC_IRQHandler                          0x0800015f   Thumb Code     0  startup_stm32f103xe.o(.text)
    I2C1_ER_IRQHandler                       0x0800015f   Thumb Code     0  startup_stm32f103xe.o(.text)
    I2C1_EV_IRQHandler                       0x0800015f   Thumb Code     0  startup_stm32f103xe.o(.text)
    I2C2_ER_IRQHandler                       0x0800015f   Thumb Code     0  startup_stm32f103xe.o(.text)
    I2C2_EV_IRQHandler                       0x0800015f   Thumb Code     0  startup_stm32f103xe.o(.text)
    PVD_IRQHandler                           0x0800015f   Thumb Code     0  startup_stm32f103xe.o(.text)
    RCC_IRQHandler                           0x0800015f   Thumb Code     0  startup_stm32f103xe.o(.text)
    RTC_Alarm_IRQHandler                     0x0800015f   Thumb Code     0  startup_stm32f103xe.o(.text)
    RTC_IRQHandler                           0x0800015f   Thumb Code     0  startup_stm32f103xe.o(.text)
    SDIO_IRQHandler                          0x0800015f   Thumb Code     0  startup_stm32f103xe.o(.text)
    SPI1_IRQHandler                          0x0800015f   Thumb Code     0  startup_stm32f103xe.o(.text)
    SPI2_IRQHandler                          0x0800015f   Thumb Code     0  startup_stm32f103xe.o(.text)
    SPI3_IRQHandler                          0x0800015f   Thumb Code     0  startup_stm32f103xe.o(.text)
    TAMPER_IRQHandler                        0x0800015f   Thumb Code     0  startup_stm32f103xe.o(.text)
    TIM1_BRK_IRQHandler                      0x0800015f   Thumb Code     0  startup_stm32f103xe.o(.text)
    TIM1_CC_IRQHandler                       0x0800015f   Thumb Code     0  startup_stm32f103xe.o(.text)
    TIM1_TRG_COM_IRQHandler                  0x0800015f   Thumb Code     0  startup_stm32f103xe.o(.text)
    TIM1_UP_IRQHandler                       0x0800015f   Thumb Code     0  startup_stm32f103xe.o(.text)
    TIM4_IRQHandler                          0x0800015f   Thumb Code     0  startup_stm32f103xe.o(.text)
    TIM6_IRQHandler                          0x0800015f   Thumb Code     0  startup_stm32f103xe.o(.text)
    TIM7_IRQHandler                          0x0800015f   Thumb Code     0  startup_stm32f103xe.o(.text)
    TIM8_BRK_IRQHandler                      0x0800015f   Thumb Code     0  startup_stm32f103xe.o(.text)
    TIM8_CC_IRQHandler                       0x0800015f   Thumb Code     0  startup_stm32f103xe.o(.text)
    TIM8_TRG_COM_IRQHandler                  0x0800015f   Thumb Code     0  startup_stm32f103xe.o(.text)
    TIM8_UP_IRQHandler                       0x0800015f   Thumb Code     0  startup_stm32f103xe.o(.text)
    UART4_IRQHandler                         0x0800015f   Thumb Code     0  startup_stm32f103xe.o(.text)
    UART5_IRQHandler                         0x0800015f   Thumb Code     0  startup_stm32f103xe.o(.text)
    USART1_IRQHandler                        0x0800015f   Thumb Code     0  startup_stm32f103xe.o(.text)
    USART2_IRQHandler                        0x0800015f   Thumb Code     0  startup_stm32f103xe.o(.text)
    USART3_IRQHandler                        0x0800015f   Thumb Code     0  startup_stm32f103xe.o(.text)
    USBWakeUp_IRQHandler                     0x0800015f   Thumb Code     0  startup_stm32f103xe.o(.text)
    USB_HP_CAN1_TX_IRQHandler                0x0800015f   Thumb Code     0  startup_stm32f103xe.o(.text)
    USB_LP_CAN1_RX0_IRQHandler               0x0800015f   Thumb Code     0  startup_stm32f103xe.o(.text)
    WWDG_IRQHandler                          0x0800015f   Thumb Code     0  startup_stm32f103xe.o(.text)
    __aeabi_llsr                             0x08000169   Thumb Code    32  llushr.o(.text)
    _ll_ushift_r                             0x08000169   Thumb Code     0  llushr.o(.text)
    __aeabi_dadd                             0x08000189   Thumb Code   322  dadd.o(.text)
    __aeabi_dsub                             0x080002cb   Thumb Code     6  dadd.o(.text)
    __aeabi_drsub                            0x080002d1   Thumb Code     6  dadd.o(.text)
    __aeabi_fcmplt                           0x080002d7   Thumb Code    28  fcmplt.o(.text)
    __aeabi_f2d                              0x080002f3   Thumb Code    38  f2d.o(.text)
    __aeabi_d2f                              0x08000319   Thumb Code    56  d2f.o(.text)
    __aeabi_uidiv                            0x08000351   Thumb Code     0  uidiv.o(.text)
    __aeabi_uidivmod                         0x08000351   Thumb Code    44  uidiv.o(.text)
    __aeabi_uldivmod                         0x0800037d   Thumb Code    98  uldiv.o(.text)
    __aeabi_llsl                             0x080003df   Thumb Code    30  llshl.o(.text)
    _ll_shift_l                              0x080003df   Thumb Code     0  llshl.o(.text)
    __aeabi_lasr                             0x080003fd   Thumb Code    36  llsshr.o(.text)
    _ll_sshift_r                             0x080003fd   Thumb Code     0  llsshr.o(.text)
    __I$use$fp                               0x08000421   Thumb Code     0  iusefp.o(.text)
    _float_round                             0x08000421   Thumb Code    18  fepilogue.o(.text)
    _float_epilogue                          0x08000433   Thumb Code    92  fepilogue.o(.text)
    _double_round                            0x0800048f   Thumb Code    30  depilogue.o(.text)
    _double_epilogue                         0x080004ad   Thumb Code   156  depilogue.o(.text)
    __aeabi_dmul                             0x08000549   Thumb Code   228  dmul.o(.text)
    __aeabi_ddiv                             0x0800062d   Thumb Code   222  ddiv.o(.text)
    __aeabi_d2ulz                            0x0800070b   Thumb Code    48  dfixul.o(.text)
    __aeabi_cdrcmple                         0x0800073d   Thumb Code    48  cdrcmple.o(.text)
    __scatterload                            0x0800076d   Thumb Code    38  init.o(.text)
    __scatterload_rt2                        0x0800076d   Thumb Code     0  init.o(.text)
    __decompress                             0x0800079d   Thumb Code     0  __dczerorl2.o(.text)
    __decompress1                            0x0800079d   Thumb Code    86  __dczerorl2.o(.text)
    BusFault_Handler                         0x080007f3   Thumb Code     2  stm32f1xx_it.o(.text.BusFault_Handler)
    DebugMon_Handler                         0x080007f5   Thumb Code     2  stm32f1xx_it.o(.text.DebugMon_Handler)
    Error_Handler                            0x080007f7   Thumb Code     8  main.o(.text.Error_Handler)
    HAL_Delay                                0x08000801   Thumb Code    32  stm32f1xx_hal.o(.text.HAL_Delay)
    HAL_GPIO_Init                            0x08000825   Thumb Code   388  stm32f1xx_hal_gpio.o(.text.HAL_GPIO_Init)
    HAL_GPIO_TogglePin                       0x080009d5   Thumb Code    16  stm32f1xx_hal_gpio.o(.text.HAL_GPIO_TogglePin)
    HAL_GPIO_WritePin                        0x080009e5   Thumb Code    10  stm32f1xx_hal_gpio.o(.text.HAL_GPIO_WritePin)
    HAL_GetTick                              0x080009f1   Thumb Code     8  stm32f1xx_hal.o(.text.HAL_GetTick)
    HAL_I2C_Init                             0x080009f9   Thumb Code   276  stm32f1xx_hal_i2c.o(.text.HAL_I2C_Init)
    HAL_I2C_Mem_Write                        0x08000b1d   Thumb Code   232  stm32f1xx_hal_i2c.o(.text.HAL_I2C_Mem_Write)
    HAL_I2C_MspInit                          0x08000c0d   Thumb Code    96  i2c.o(.text.HAL_I2C_MspInit)
    HAL_IncTick                              0x08000c7d   Thumb Code    16  stm32f1xx_hal.o(.text.HAL_IncTick)
    HAL_Init                                 0x08000c91   Thumb Code    32  stm32f1xx_hal.o(.text.HAL_Init)
    HAL_InitTick                             0x08000cb1   Thumb Code    56  stm32f1xx_hal.o(.text.HAL_InitTick)
    HAL_MspInit                              0x08000ced   Thumb Code    56  stm32f1xx_hal_msp.o(.text.HAL_MspInit)
    HAL_NVIC_EnableIRQ                       0x08000d2d   Thumb Code    20  stm32f1xx_hal_cortex.o(.text.HAL_NVIC_EnableIRQ)
    HAL_NVIC_SetPriority                     0x08000d45   Thumb Code    72  stm32f1xx_hal_cortex.o(.text.HAL_NVIC_SetPriority)
    HAL_NVIC_SetPriorityGrouping             0x08000d91   Thumb Code    24  stm32f1xx_hal_cortex.o(.text.HAL_NVIC_SetPriorityGrouping)
    HAL_RCC_ClockConfig                      0x08000db1   Thumb Code   336  stm32f1xx_hal_rcc.o(.text.HAL_RCC_ClockConfig)
    HAL_RCC_GetPCLK1Freq                     0x08000f0d   Thumb Code    20  stm32f1xx_hal_rcc.o(.text.HAL_RCC_GetPCLK1Freq)
    HAL_RCC_GetSysClockFreq                  0x08000f29   Thumb Code    52  stm32f1xx_hal_rcc.o(.text.HAL_RCC_GetSysClockFreq)
    HAL_RCC_OscConfig                        0x08000f7d   Thumb Code   772  stm32f1xx_hal_rcc.o(.text.HAL_RCC_OscConfig)
    HAL_SPI_Init                             0x08001291   Thumb Code   168  stm32f1xx_hal_spi.o(.text.HAL_SPI_Init)
    HAL_SPI_MspInit                          0x08001339   Thumb Code   108  spi.o(.text.HAL_SPI_MspInit)
    HAL_SPI_Transmit                         0x080013ad   Thumb Code   278  stm32f1xx_hal_spi.o(.text.HAL_SPI_Transmit)
    HAL_SYSTICK_Config                       0x080014c5   Thumb Code    32  stm32f1xx_hal_cortex.o(.text.HAL_SYSTICK_Config)
    HAL_TIMEx_BreakCallback                  0x080014ed   Thumb Code     2  stm32f1xx_hal_tim_ex.o(.text.HAL_TIMEx_BreakCallback)
    HAL_TIMEx_CommutCallback                 0x080014ef   Thumb Code     2  stm32f1xx_hal_tim_ex.o(.text.HAL_TIMEx_CommutCallback)
    HAL_TIMEx_MasterConfigSynchronization    0x080014f1   Thumb Code   100  stm32f1xx_hal_tim_ex.o(.text.HAL_TIMEx_MasterConfigSynchronization)
    HAL_TIM_Base_Init                        0x08001555   Thumb Code    30  stm32f1xx_hal_tim.o(.text.HAL_TIM_Base_Init)
    HAL_TIM_Base_MspInit                     0x08001575   Thumb Code   124  tim.o(.text.HAL_TIM_Base_MspInit)
    HAL_TIM_Base_Start_IT                    0x080015f5   Thumb Code    88  stm32f1xx_hal_tim.o(.text.HAL_TIM_Base_Start_IT)
    HAL_TIM_ConfigClockSource                0x08001661   Thumb Code   180  stm32f1xx_hal_tim.o(.text.HAL_TIM_ConfigClockSource)
    HAL_TIM_IC_CaptureCallback               0x08001715   Thumb Code     2  stm32f1xx_hal_tim.o(.text.HAL_TIM_IC_CaptureCallback)
    HAL_TIM_IRQHandler                       0x08001717   Thumb Code   266  stm32f1xx_hal_tim.o(.text.HAL_TIM_IRQHandler)
    HAL_TIM_OC_DelayElapsedCallback          0x08001821   Thumb Code     2  stm32f1xx_hal_tim.o(.text.HAL_TIM_OC_DelayElapsedCallback)
    HAL_TIM_PWM_PulseFinishedCallback        0x08001823   Thumb Code     2  stm32f1xx_hal_tim.o(.text.HAL_TIM_PWM_PulseFinishedCallback)
    HAL_TIM_PeriodElapsedCallback            0x08001825   Thumb Code   176  main.o(.text.HAL_TIM_PeriodElapsedCallback)
    HAL_TIM_TriggerCallback                  0x080018fd   Thumb Code     2  stm32f1xx_hal_tim.o(.text.HAL_TIM_TriggerCallback)
    HC595_CS                                 0x08001901   Thumb Code    44  595driver.o(.text.HC595_CS)
    HC595_Send_Byte                          0x0800192d   Thumb Code    68  595driver.o(.text.HC595_Send_Byte)
    HC595_Send_Multi_Byte                    0x08001975   Thumb Code    32  595driver.o(.text.HC595_Send_Multi_Byte)
    HardFault_Handler                        0x08001995   Thumb Code     2  stm32f1xx_it.o(.text.HardFault_Handler)
    LAB_595_display                          0x08001bb5   Thumb Code    40  595driver.o(.text.LAB_595_display)
    LCD_Display_Words                        0x08001be9   Thumb Code    32  spi_lcd.o(.text.LCD_Display_Words)
    LCE_init                                 0x08001c0d   Thumb Code    60  spi_lcd.o(.text.LCE_init)
    MX_GPIO_Init                             0x08001c51   Thumb Code   196  gpio.o(.text.MX_GPIO_Init)
    MX_I2C1_Init                             0x08001d25   Thumb Code    48  i2c.o(.text.MX_I2C1_Init)
    MX_SPI1_Init                             0x08001d61   Thumb Code    64  spi.o(.text.MX_SPI1_Init)
    MX_TIM2_Init                             0x08001da9   Thumb Code    68  tim.o(.text.MX_TIM2_Init)
    MX_TIM3_Init                             0x08001df1   Thumb Code    68  tim.o(.text.MX_TIM3_Init)
    MX_TIM5_Init                             0x08001e3d   Thumb Code    68  tim.o(.text.MX_TIM5_Init)
    MemManage_Handler                        0x08001e89   Thumb Code     2  stm32f1xx_it.o(.text.MemManage_Handler)
    NMI_Handler                              0x08001e8b   Thumb Code     2  stm32f1xx_it.o(.text.NMI_Handler)
    OLED_CLS                                 0x08001e8d   Thumb Code     6  i2c_oled.o(.text.OLED_CLS)
    OLED_Fill                                0x08001e95   Thumb Code    56  i2c_oled.o(.text.OLED_Fill)
    OLED_Init                                0x08001ecd   Thumb Code   128  i2c_oled.o(.text.OLED_Init)
    OLED_LAB_DISP                            0x08001f4d   Thumb Code    28  i2c_oled.o(.text.OLED_LAB_DISP)
    OLED_LAB_DISP_name                       0x08001f69   Thumb Code    56  i2c_oled.o(.text.OLED_LAB_DISP_name)
    OLED_SetPos                              0x08001fb9   Thumb Code    36  i2c_oled.o(.text.OLED_SetPos)
    OLED_ShowCN                              0x08001fe1   Thumb Code    68  i2c_oled.o(.text.OLED_ShowCN)
    OLED_ShowStr                             0x08002029   Thumb Code   240  i2c_oled.o(.text.OLED_ShowStr)
    PendSV_Handler                           0x080023ab   Thumb Code     2  stm32f1xx_it.o(.text.PendSV_Handler)
    SVC_Handler                              0x080024a5   Thumb Code     2  stm32f1xx_it.o(.text.SVC_Handler)
    SysTick_Handler                          0x080024a7   Thumb Code     4  stm32f1xx_it.o(.text.SysTick_Handler)
    SystemClock_Config                       0x080024ab   Thumb Code    94  main.o(.text.SystemClock_Config)
    SystemInit                               0x08002509   Thumb Code     2  system_stm32f1xx.o(.text.SystemInit)
    TIM2_IRQHandler                          0x0800250d   Thumb Code     8  stm32f1xx_it.o(.text.TIM2_IRQHandler)
    TIM3_IRQHandler                          0x08002515   Thumb Code     8  stm32f1xx_it.o(.text.TIM3_IRQHandler)
    TIM5_IRQHandler                          0x0800251d   Thumb Code     8  stm32f1xx_it.o(.text.TIM5_IRQHandler)
    TIM_Base_SetConfig                       0x08002525   Thumb Code   152  stm32f1xx_hal_tim.o(.text.TIM_Base_SetConfig)
    UsageFault_Handler                       0x08002617   Thumb Code     2  stm32f1xx_it.o(.text.UsageFault_Handler)
    WriteCmd                                 0x08002619   Thumb Code    36  i2c_oled.o(.text.WriteCmd)
    WriteDat                                 0x0800263d   Thumb Code    36  i2c_oled.o(.text.WriteDat)
    main                                     0x08002665   Thumb Code    92  main.o(.text.main)
    spi_wirte_cmd                            0x080026d5   Thumb Code    32  spi_lcd.o(.text.spi_wirte_cmd)
    spi_wirte_data                           0x080026f5   Thumb Code    28  spi_lcd.o(.text.spi_wirte_data)
    timer                                    0x08002719   Thumb Code    44  spi_lcd.o(.text.timer)
    __0snprintf                              0x0800275d   Thumb Code    48  printfa.o(i.__0snprintf)
    __1snprintf                              0x0800275d   Thumb Code     0  printfa.o(i.__0snprintf)
    __2snprintf                              0x0800275d   Thumb Code     0  printfa.o(i.__0snprintf)
    __c89snprintf                            0x0800275d   Thumb Code     0  printfa.o(i.__0snprintf)
    snprintf                                 0x0800275d   Thumb Code     0  printfa.o(i.__0snprintf)
    __scatterload_copy                       0x08002791   Thumb Code    14  handlers.o(i.__scatterload_copy)
    __scatterload_null                       0x0800279f   Thumb Code     2  handlers.o(i.__scatterload_null)
    __scatterload_zeroinit                   0x080027a1   Thumb Code    14  handlers.o(i.__scatterload_zeroinit)
    AHBPrescTable                            0x08003078   Data          16  system_stm32f1xx.o(.rodata.AHBPrescTable)
    APBPrescTable                            0x08003088   Data           8  system_stm32f1xx.o(.rodata.APBPrescTable)
    DIG_CS_CA                                0x08003090   Data          10  595driver.o(.rodata.DIG_CS_CA)
    F6x8                                     0x0800309a   Data         552  i2c_oled.o(.rodata.F6x8)
    F8X16                                    0x080032c2   Data        1520  i2c_oled.o(.rodata.F8X16)
    digitMapCC                               0x080038b2   Data          10  595driver.o(.rodata.digitMapCC)
    Region$$Table$$Base                      0x080038c0   Number         0  anon$$obj.o(Region$$Table)
    Region$$Table$$Limit                     0x080038e0   Number         0  anon$$obj.o(Region$$Table)
    uwTickFreq                               0x20000000   Data           1  stm32f1xx_hal.o(.data..L_MergedGlobals)
    uwTickPrio                               0x20000004   Data           4  stm32f1xx_hal.o(.data..L_MergedGlobals)
    F16x16                                   0x20000008   Data         768  i2c_oled.o(.data.F16x16)
    LCD_addr                                 0x20000308   Data          32  spi_lcd.o(.data.LCD_addr)
    SystemCoreClock                          0x20000328   Data           4  system_stm32f1xx.o(.data.SystemCoreClock)
    time595                                  0x20000330   Data           4  595driver.o(.bss..L_MergedGlobals)
    count                                    0x20000334   Data          32  595driver.o(.bss..L_MergedGlobals)
    LED_status                               0x20000354   Data           4  led.o(.bss.LED_status)
    hi2c1                                    0x20000358   Data          84  i2c.o(.bss.hi2c1)
    hspi1                                    0x200003ac   Data          88  spi.o(.bss.hspi1)
    htim2                                    0x20000404   Data          72  tim.o(.bss.htim2)
    htim3                                    0x2000044c   Data          72  tim.o(.bss.htim3)
    htim5                                    0x20000494   Data          72  tim.o(.bss.htim5)
    inter_cnt                                0x200004dc   Data           4  i2c_oled.o(.bss.inter_cnt)
    time                                     0x200004e0   Data           4  spi_lcd.o(.bss.time)
    uwTick                                   0x200004e4   Data           4  stm32f1xx_hal.o(.bss.uwTick)
    __initial_sp                             0x20000ce8   Data           0  startup_stm32f103xe.o(STACK)



==============================================================================

Memory Map of the image

  Image Entry point : 0x08000131

  Load Region LR_IROM1 (Base: 0x08000000, Size: 0x00003c10, Max: 0x00040000, ABSOLUTE, COMPRESSED[0x00003b58])

    Execution Region ER_IROM1 (Exec base: 0x08000000, Load base: 0x08000000, Size: 0x000038e0, Max: 0x00040000, ABSOLUTE)

    Exec Addr    Load Addr    Size         Type   Attr      Idx    E Section Name        Object

    0x08000000   0x08000000   0x00000130   Data   RO            3    RESET               startup_stm32f103xe.o
    0x08000130   0x08000130   0x00000000   Code   RO         1692  * .ARM.Collect$$$$00000000  mc_w.l(entry.o)
    0x08000130   0x08000130   0x00000004   Code   RO         1968    .ARM.Collect$$$$00000001  mc_w.l(entry2.o)
    0x08000134   0x08000134   0x00000004   Code   RO         1971    .ARM.Collect$$$$00000004  mc_w.l(entry5.o)
    0x08000138   0x08000138   0x00000000   Code   RO         1973    .ARM.Collect$$$$00000008  mc_w.l(entry7b.o)
    0x08000138   0x08000138   0x00000000   Code   RO         1975    .ARM.Collect$$$$0000000A  mc_w.l(entry8b.o)
    0x08000138   0x08000138   0x00000008   Code   RO         1976    .ARM.Collect$$$$0000000B  mc_w.l(entry9a.o)
    0x08000140   0x08000140   0x00000000   Code   RO         1978    .ARM.Collect$$$$0000000D  mc_w.l(entry10a.o)
    0x08000140   0x08000140   0x00000000   Code   RO         1980    .ARM.Collect$$$$0000000F  mc_w.l(entry11a.o)
    0x08000140   0x08000140   0x00000004   Code   RO         1969    .ARM.Collect$$$$00002712  mc_w.l(entry2.o)
    0x08000144   0x08000144   0x00000024   Code   RO            4    .text               startup_stm32f103xe.o
    0x08000168   0x08000168   0x00000020   Code   RO         1695    .text               mc_w.l(llushr.o)
    0x08000188   0x08000188   0x0000014e   Code   RO         1960    .text               mf_w.l(dadd.o)
    0x080002d6   0x080002d6   0x0000001c   Code   RO         1962    .text               mf_w.l(fcmplt.o)
    0x080002f2   0x080002f2   0x00000026   Code   RO         1964    .text               mf_w.l(f2d.o)
    0x08000318   0x08000318   0x00000038   Code   RO         1966    .text               mf_w.l(d2f.o)
    0x08000350   0x08000350   0x0000002c   Code   RO         1996    .text               mc_w.l(uidiv.o)
    0x0800037c   0x0800037c   0x00000062   Code   RO         1998    .text               mc_w.l(uldiv.o)
    0x080003de   0x080003de   0x0000001e   Code   RO         2000    .text               mc_w.l(llshl.o)
    0x080003fc   0x080003fc   0x00000024   Code   RO         2002    .text               mc_w.l(llsshr.o)
    0x08000420   0x08000420   0x00000000   Code   RO         2004    .text               mc_w.l(iusefp.o)
    0x08000420   0x08000420   0x0000006e   Code   RO         2005    .text               mf_w.l(fepilogue.o)
    0x0800048e   0x0800048e   0x000000ba   Code   RO         2007    .text               mf_w.l(depilogue.o)
    0x08000548   0x08000548   0x000000e4   Code   RO         2009    .text               mf_w.l(dmul.o)
    0x0800062c   0x0800062c   0x000000de   Code   RO         2011    .text               mf_w.l(ddiv.o)
    0x0800070a   0x0800070a   0x00000030   Code   RO         2013    .text               mf_w.l(dfixul.o)
    0x0800073a   0x0800073a   0x00000002   PAD
    0x0800073c   0x0800073c   0x00000030   Code   RO         2015    .text               mf_w.l(cdrcmple.o)
    0x0800076c   0x0800076c   0x00000030   Code   RO         2017    .text               mc_w.l(init.o)
    0x0800079c   0x0800079c   0x00000056   Code   RO         2029    .text               mc_w.l(__dczerorl2.o)
    0x080007f2   0x080007f2   0x00000002   Code   RO           98    .text.BusFault_Handler  stm32f1xx_it.o
    0x080007f4   0x080007f4   0x00000002   Code   RO          104    .text.DebugMon_Handler  stm32f1xx_it.o
    0x080007f6   0x080007f6   0x00000008   Code   RO           15    .text.Error_Handler  main.o
    0x080007fe   0x080007fe   0x00000002   PAD
    0x08000800   0x08000800   0x00000024   Code   RO          652    .text.HAL_Delay     stm32f1xx_hal.o
    0x08000824   0x08000824   0x000001b0   Code   RO          750    .text.HAL_GPIO_Init  stm32f1xx_hal_gpio.o
    0x080009d4   0x080009d4   0x00000010   Code   RO          758    .text.HAL_GPIO_TogglePin  stm32f1xx_hal_gpio.o
    0x080009e4   0x080009e4   0x0000000a   Code   RO          756    .text.HAL_GPIO_WritePin  stm32f1xx_hal_gpio.o
    0x080009ee   0x080009ee   0x00000002   PAD
    0x080009f0   0x080009f0   0x00000008   Code   RO          644    .text.HAL_GetTick   stm32f1xx_hal.o
    0x080009f8   0x080009f8   0x00000124   Code   RO          322    .text.HAL_I2C_Init  stm32f1xx_hal_i2c.o
    0x08000b1c   0x08000b1c   0x000000f0   Code   RO          366    .text.HAL_I2C_Mem_Write  stm32f1xx_hal_i2c.o
    0x08000c0c   0x08000c0c   0x00000070   Code   RO           41    .text.HAL_I2C_MspInit  i2c.o
    0x08000c7c   0x08000c7c   0x00000014   Code   RO          642    .text.HAL_IncTick   stm32f1xx_hal.o
    0x08000c90   0x08000c90   0x00000020   Code   RO          632    .text.HAL_Init      stm32f1xx_hal.o
    0x08000cb0   0x08000cb0   0x0000003c   Code   RO          634    .text.HAL_InitTick  stm32f1xx_hal.o
    0x08000cec   0x08000cec   0x00000040   Code   RO          123    .text.HAL_MspInit   stm32f1xx_hal_msp.o
    0x08000d2c   0x08000d2c   0x00000018   Code   RO          816    .text.HAL_NVIC_EnableIRQ  stm32f1xx_hal_cortex.o
    0x08000d44   0x08000d44   0x0000004c   Code   RO          814    .text.HAL_NVIC_SetPriority  stm32f1xx_hal_cortex.o
    0x08000d90   0x08000d90   0x00000020   Code   RO          812    .text.HAL_NVIC_SetPriorityGrouping  stm32f1xx_hal_cortex.o
    0x08000db0   0x08000db0   0x0000015c   Code   RO          700    .text.HAL_RCC_ClockConfig  stm32f1xx_hal_rcc.o
    0x08000f0c   0x08000f0c   0x0000001c   Code   RO          712    .text.HAL_RCC_GetPCLK1Freq  stm32f1xx_hal_rcc.o
    0x08000f28   0x08000f28   0x00000054   Code   RO          702    .text.HAL_RCC_GetSysClockFreq  stm32f1xx_hal_rcc.o
    0x08000f7c   0x08000f7c   0x00000314   Code   RO          698    .text.HAL_RCC_OscConfig  stm32f1xx_hal_rcc.o
    0x08001290   0x08001290   0x000000a8   Code   RO          991    .text.HAL_SPI_Init  stm32f1xx_hal_spi.o
    0x08001338   0x08001338   0x00000074   Code   RO           56    .text.HAL_SPI_MspInit  spi.o
    0x080013ac   0x080013ac   0x00000116   Code   RO          999    .text.HAL_SPI_Transmit  stm32f1xx_hal_spi.o
    0x080014c2   0x080014c2   0x00000002   PAD
    0x080014c4   0x080014c4   0x00000028   Code   RO          824    .text.HAL_SYSTICK_Config  stm32f1xx_hal_cortex.o
    0x080014ec   0x080014ec   0x00000002   Code   RO         1602    .text.HAL_TIMEx_BreakCallback  stm32f1xx_hal_tim_ex.o
    0x080014ee   0x080014ee   0x00000002   Code   RO         1598    .text.HAL_TIMEx_CommutCallback  stm32f1xx_hal_tim_ex.o
    0x080014f0   0x080014f0   0x00000064   Code   RO         1592    .text.HAL_TIMEx_MasterConfigSynchronization  stm32f1xx_hal_tim_ex.o
    0x08001554   0x08001554   0x0000001e   Code   RO         1167    .text.HAL_TIM_Base_Init  stm32f1xx_hal_tim.o
    0x08001572   0x08001572   0x00000002   PAD
    0x08001574   0x08001574   0x00000080   Code   RO           75    .text.HAL_TIM_Base_MspInit  tim.o
    0x080015f4   0x080015f4   0x0000006c   Code   RO         1181    .text.HAL_TIM_Base_Start_IT  stm32f1xx_hal_tim.o
    0x08001660   0x08001660   0x000000b4   Code   RO         1355    .text.HAL_TIM_ConfigClockSource  stm32f1xx_hal_tim.o
    0x08001714   0x08001714   0x00000002   Code   RO         1303    .text.HAL_TIM_IC_CaptureCallback  stm32f1xx_hal_tim.o
    0x08001716   0x08001716   0x0000010a   Code   RO         1301    .text.HAL_TIM_IRQHandler  stm32f1xx_hal_tim.o
    0x08001820   0x08001820   0x00000002   Code   RO         1305    .text.HAL_TIM_OC_DelayElapsedCallback  stm32f1xx_hal_tim.o
    0x08001822   0x08001822   0x00000002   Code   RO         1307    .text.HAL_TIM_PWM_PulseFinishedCallback  stm32f1xx_hal_tim.o
    0x08001824   0x08001824   0x000000d8   Code   RO           17    .text.HAL_TIM_PeriodElapsedCallback  main.o
    0x080018fc   0x080018fc   0x00000002   Code   RO         1311    .text.HAL_TIM_TriggerCallback  stm32f1xx_hal_tim.o
    0x080018fe   0x080018fe   0x00000002   PAD
    0x08001900   0x08001900   0x0000002c   Code   RO          289    .text.HC595_CS      595driver.o
    0x0800192c   0x0800192c   0x00000048   Code   RO          287    .text.HC595_Send_Byte  595driver.o
    0x08001974   0x08001974   0x00000020   Code   RO          291    .text.HC595_Send_Multi_Byte  595driver.o
    0x08001994   0x08001994   0x00000002   Code   RO           94    .text.HardFault_Handler  stm32f1xx_it.o
    0x08001996   0x08001996   0x00000030   Code   RO          444    .text.I2C_IsAcknowledgeFailed  stm32f1xx_hal_i2c.o
    0x080019c6   0x080019c6   0x00000002   PAD
    0x080019c8   0x080019c8   0x000000b4   Code   RO          368    .text.I2C_RequestMemoryWrite  stm32f1xx_hal_i2c.o
    0x08001a7c   0x08001a7c   0x00000040   Code   RO          336    .text.I2C_WaitOnBTFFlagUntilTimeout  stm32f1xx_hal_i2c.o
    0x08001abc   0x08001abc   0x00000056   Code   RO          332    .text.I2C_WaitOnFlagUntilTimeout  stm32f1xx_hal_i2c.o
    0x08001b12   0x08001b12   0x00000060   Code   RO          442    .text.I2C_WaitOnMasterAddressFlagUntilTimeout  stm32f1xx_hal_i2c.o
    0x08001b72   0x08001b72   0x00000040   Code   RO          334    .text.I2C_WaitOnTXEFlagUntilTimeout  stm32f1xx_hal_i2c.o
    0x08001bb2   0x08001bb2   0x00000002   PAD
    0x08001bb4   0x08001bb4   0x00000034   Code   RO          293    .text.LAB_595_display  595driver.o
    0x08001be8   0x08001be8   0x00000024   Code   RO          221    .text.LCD_Display_Words  spi_lcd.o
    0x08001c0c   0x08001c0c   0x00000044   Code   RO          219    .text.LCE_init      spi_lcd.o
    0x08001c50   0x08001c50   0x000000d4   Code   RO           28    .text.MX_GPIO_Init  gpio.o
    0x08001d24   0x08001d24   0x0000003c   Code   RO           39    .text.MX_I2C1_Init  i2c.o
    0x08001d60   0x08001d60   0x00000048   Code   RO           54    .text.MX_SPI1_Init  spi.o
    0x08001da8   0x08001da8   0x00000048   Code   RO           69    .text.MX_TIM2_Init  tim.o
    0x08001df0   0x08001df0   0x0000004c   Code   RO           71    .text.MX_TIM3_Init  tim.o
    0x08001e3c   0x08001e3c   0x0000004c   Code   RO           73    .text.MX_TIM5_Init  tim.o
    0x08001e88   0x08001e88   0x00000002   Code   RO           96    .text.MemManage_Handler  stm32f1xx_it.o
    0x08001e8a   0x08001e8a   0x00000002   Code   RO           92    .text.NMI_Handler   stm32f1xx_it.o
    0x08001e8c   0x08001e8c   0x00000006   Code   RO          251    .text.OLED_CLS      i2c_oled.o
    0x08001e92   0x08001e92   0x00000002   PAD
    0x08001e94   0x08001e94   0x00000038   Code   RO          249    .text.OLED_Fill     i2c_oled.o
    0x08001ecc   0x08001ecc   0x00000080   Code   RO          245    .text.OLED_Init     i2c_oled.o
    0x08001f4c   0x08001f4c   0x0000001c   Code   RO          269    .text.OLED_LAB_DISP  i2c_oled.o
    0x08001f68   0x08001f68   0x00000050   Code   RO          267    .text.OLED_LAB_DISP_name  i2c_oled.o
    0x08001fb8   0x08001fb8   0x00000028   Code   RO          247    .text.OLED_SetPos   i2c_oled.o
    0x08001fe0   0x08001fe0   0x00000048   Code   RO          259    .text.OLED_ShowCN   i2c_oled.o
    0x08002028   0x08002028   0x000000f8   Code   RO          257    .text.OLED_ShowStr  i2c_oled.o
    0x08002120   0x08002120   0x0000000e   Code   RO           30    .text.OUTLINED_FUNCTION_0  gpio.o
    0x0800212e   0x0800212e   0x0000001a   Code   RO           79    .text.OUTLINED_FUNCTION_0  tim.o
    0x08002148   0x08002148   0x0000001c   Code   RO          225    .text.OUTLINED_FUNCTION_0  spi_lcd.o
    0x08002164   0x08002164   0x0000000e   Code   RO          724    .text.OUTLINED_FUNCTION_0  stm32f1xx_hal_rcc.o
    0x08002172   0x08002172   0x00000012   Code   RO          844    .text.OUTLINED_FUNCTION_0  stm32f1xx_hal_cortex.o
    0x08002184   0x08002184   0x0000000a   Code   RO          227    .text.OUTLINED_FUNCTION_1  spi_lcd.o
    0x0800218e   0x0800218e   0x0000000a   Code   RO          726    .text.OUTLINED_FUNCTION_1  stm32f1xx_hal_rcc.o
    0x08002198   0x08002198   0x00000010   Code   RO         1103    .text.OUTLINED_FUNCTION_1  stm32f1xx_hal_spi.o
    0x080021a8   0x080021a8   0x0000002e   Code   RO         1401    .text.OUTLINED_FUNCTION_1  stm32f1xx_hal_tim.o
    0x080021d6   0x080021d6   0x0000000a   Code   RO          466    .text.OUTLINED_FUNCTION_10  stm32f1xx_hal_i2c.o
    0x080021e0   0x080021e0   0x0000000a   Code   RO         1419    .text.OUTLINED_FUNCTION_10  stm32f1xx_hal_tim.o
    0x080021ea   0x080021ea   0x00000012   Code   RO         1125    .text.OUTLINED_FUNCTION_12  stm32f1xx_hal_spi.o
    0x080021fc   0x080021fc   0x0000000a   Code   RO         1425    .text.OUTLINED_FUNCTION_13  stm32f1xx_hal_tim.o
    0x08002206   0x08002206   0x00000008   Code   RO          476    .text.OUTLINED_FUNCTION_15  stm32f1xx_hal_i2c.o
    0x0800220e   0x0800220e   0x00000010   Code   RO         1135    .text.OUTLINED_FUNCTION_17  stm32f1xx_hal_spi.o
    0x0800221e   0x0800221e   0x0000000a   Code   RO          229    .text.OUTLINED_FUNCTION_2  spi_lcd.o
    0x08002228   0x08002228   0x0000000a   Code   RO         1141    .text.OUTLINED_FUNCTION_20  stm32f1xx_hal_spi.o
    0x08002232   0x08002232   0x00000008   Code   RO         1143    .text.OUTLINED_FUNCTION_21  stm32f1xx_hal_spi.o
    0x0800223a   0x0800223a   0x00000008   Code   RO          492    .text.OUTLINED_FUNCTION_23  stm32f1xx_hal_i2c.o
    0x08002242   0x08002242   0x00000012   Code   RO          494    .text.OUTLINED_FUNCTION_24  stm32f1xx_hal_i2c.o
    0x08002254   0x08002254   0x0000000a   Code   RO         1447    .text.OUTLINED_FUNCTION_24  stm32f1xx_hal_tim.o
    0x0800225e   0x0800225e   0x00000008   Code   RO         1151    .text.OUTLINED_FUNCTION_25  stm32f1xx_hal_spi.o
    0x08002266   0x08002266   0x0000001a   Code   RO         1449    .text.OUTLINED_FUNCTION_25  stm32f1xx_hal_tim.o
    0x08002280   0x08002280   0x00000012   Code   RO         1107    .text.OUTLINED_FUNCTION_3  stm32f1xx_hal_spi.o
    0x08002292   0x08002292   0x00000014   Code   RO         1459    .text.OUTLINED_FUNCTION_30  stm32f1xx_hal_tim.o
    0x080022a6   0x080022a6   0x00000016   Code   RO          518    .text.OUTLINED_FUNCTION_36  stm32f1xx_hal_i2c.o
    0x080022bc   0x080022bc   0x0000000c   Code   RO         1477    .text.OUTLINED_FUNCTION_39  stm32f1xx_hal_tim.o
    0x080022c8   0x080022c8   0x0000000a   Code   RO         1483    .text.OUTLINED_FUNCTION_42  stm32f1xx_hal_tim.o
    0x080022d2   0x080022d2   0x00000014   Code   RO          538    .text.OUTLINED_FUNCTION_46  stm32f1xx_hal_i2c.o
    0x080022e6   0x080022e6   0x0000000a   Code   RO          540    .text.OUTLINED_FUNCTION_47  stm32f1xx_hal_i2c.o
    0x080022f0   0x080022f0   0x00000006   Code   RO         1493    .text.OUTLINED_FUNCTION_47  stm32f1xx_hal_tim.o
    0x080022f6   0x080022f6   0x00000008   Code   RO          542    .text.OUTLINED_FUNCTION_48  stm32f1xx_hal_i2c.o
    0x080022fe   0x080022fe   0x0000001c   Code   RO          456    .text.OUTLINED_FUNCTION_5  stm32f1xx_hal_i2c.o
    0x0800231a   0x0800231a   0x0000000a   Code   RO          552    .text.OUTLINED_FUNCTION_53  stm32f1xx_hal_i2c.o
    0x08002324   0x08002324   0x0000000e   Code   RO         1505    .text.OUTLINED_FUNCTION_53  stm32f1xx_hal_tim.o
    0x08002332   0x08002332   0x0000000a   Code   RO         1509    .text.OUTLINED_FUNCTION_55  stm32f1xx_hal_tim.o
    0x0800233c   0x0800233c   0x00000012   Code   RO          568    .text.OUTLINED_FUNCTION_61  stm32f1xx_hal_i2c.o
    0x0800234e   0x0800234e   0x00000012   Code   RO          570    .text.OUTLINED_FUNCTION_62  stm32f1xx_hal_i2c.o
    0x08002360   0x08002360   0x00000010   Code   RO          576    .text.OUTLINED_FUNCTION_65  stm32f1xx_hal_i2c.o
    0x08002370   0x08002370   0x00000006   Code   RO          582    .text.OUTLINED_FUNCTION_68  stm32f1xx_hal_i2c.o
    0x08002376   0x08002376   0x0000000e   Code   RO         1413    .text.OUTLINED_FUNCTION_7  stm32f1xx_hal_tim.o
    0x08002384   0x08002384   0x0000000e   Code   RO          604    .text.OUTLINED_FUNCTION_79  stm32f1xx_hal_i2c.o
    0x08002392   0x08002392   0x00000010   Code   RO         1117    .text.OUTLINED_FUNCTION_8  stm32f1xx_hal_spi.o
    0x080023a2   0x080023a2   0x00000008   Code   RO          618    .text.OUTLINED_FUNCTION_86  stm32f1xx_hal_i2c.o
    0x080023aa   0x080023aa   0x00000002   Code   RO          106    .text.PendSV_Handler  stm32f1xx_it.o
    0x080023ac   0x080023ac   0x00000036   Code   RO         1001    .text.SPI_EndRxTxTransaction  stm32f1xx_hal_spi.o
    0x080023e2   0x080023e2   0x00000002   PAD
    0x080023e4   0x080023e4   0x000000c0   Code   RO         1099    .text.SPI_WaitFlagStateUntilTimeout  stm32f1xx_hal_spi.o
    0x080024a4   0x080024a4   0x00000002   Code   RO          102    .text.SVC_Handler   stm32f1xx_it.o
    0x080024a6   0x080024a6   0x00000004   Code   RO          108    .text.SysTick_Handler  stm32f1xx_it.o
    0x080024aa   0x080024aa   0x0000005e   Code   RO           13    .text.SystemClock_Config  main.o
    0x08002508   0x08002508   0x00000002   Code   RO         1678    .text.SystemInit    system_stm32f1xx.o
    0x0800250a   0x0800250a   0x00000002   PAD
    0x0800250c   0x0800250c   0x00000008   Code   RO          110    .text.TIM2_IRQHandler  stm32f1xx_it.o
    0x08002514   0x08002514   0x00000008   Code   RO          112    .text.TIM3_IRQHandler  stm32f1xx_it.o
    0x0800251c   0x0800251c   0x00000008   Code   RO          114    .text.TIM5_IRQHandler  stm32f1xx_it.o
    0x08002524   0x08002524   0x000000ac   Code   RO         1171    .text.TIM_Base_SetConfig  stm32f1xx_hal_tim.o
    0x080025d0   0x080025d0   0x00000022   Code   RO         1357    .text.TIM_TI1_ConfigInputStage  stm32f1xx_hal_tim.o
    0x080025f2   0x080025f2   0x00000024   Code   RO         1359    .text.TIM_TI2_ConfigInputStage  stm32f1xx_hal_tim.o
    0x08002616   0x08002616   0x00000002   Code   RO          100    .text.UsageFault_Handler  stm32f1xx_it.o
    0x08002618   0x08002618   0x00000024   Code   RO          241    .text.WriteCmd      i2c_oled.o
    0x0800263c   0x0800263c   0x00000028   Code   RO          243    .text.WriteDat      i2c_oled.o
    0x08002664   0x08002664   0x00000070   Code   RO           11    .text.main          main.o
    0x080026d4   0x080026d4   0x00000020   Code   RO          217    .text.spi_wirte_cmd  spi_lcd.o
    0x080026f4   0x080026f4   0x00000024   Code   RO          215    .text.spi_wirte_data  spi_lcd.o
    0x08002718   0x08002718   0x00000044   Code   RO          223    .text.timer         spi_lcd.o
    0x0800275c   0x0800275c   0x00000034   Code   RO         1933    i.__0snprintf       mc_w.l(printfa.o)
    0x08002790   0x08002790   0x0000000e   Code   RO         2023    i.__scatterload_copy  mc_w.l(handlers.o)
    0x0800279e   0x0800279e   0x00000002   Code   RO         2024    i.__scatterload_null  mc_w.l(handlers.o)
    0x080027a0   0x080027a0   0x0000000e   Code   RO         2025    i.__scatterload_zeroinit  mc_w.l(handlers.o)
    0x080027ae   0x080027ae   0x00000002   PAD
    0x080027b0   0x080027b0   0x00000184   Code   RO         1939    i._fp_digits        mc_w.l(printfa.o)
    0x08002934   0x08002934   0x000006dc   Code   RO         1940    i._printf_core      mc_w.l(printfa.o)
    0x08003010   0x08003010   0x00000024   Code   RO         1941    i._printf_post_padding  mc_w.l(printfa.o)
    0x08003034   0x08003034   0x0000002e   Code   RO         1942    i._printf_pre_padding  mc_w.l(printfa.o)
    0x08003062   0x08003062   0x00000016   Code   RO         1943    i._snputc           mc_w.l(printfa.o)
    0x08003078   0x08003078   0x00000010   Data   RO         1683    .rodata.AHBPrescTable  system_stm32f1xx.o
    0x08003088   0x08003088   0x00000008   Data   RO         1684    .rodata.APBPrescTable  system_stm32f1xx.o
    0x08003090   0x08003090   0x0000000a   Data   RO          297    .rodata.DIG_CS_CA   595driver.o
    0x0800309a   0x0800309a   0x00000228   Data   RO          272    .rodata.F6x8        i2c_oled.o
    0x080032c2   0x080032c2   0x000005f0   Data   RO          273    .rodata.F8X16       i2c_oled.o
    0x080038b2   0x080038b2   0x0000000a   Data   RO          296    .rodata.digitMapCC  595driver.o
    0x080038bc   0x080038bc   0x00000003   Data   RO          277    .rodata.str1.1      i2c_oled.o
    0x080038bf   0x080038bf   0x00000001   PAD
    0x080038c0   0x080038c0   0x00000020   Data   RO         2022    Region$$Table       anon$$obj.o


    Execution Region RW_IRAM1 (Exec base: 0x20000000, Load base: 0x080038e0, Size: 0x00000ce8, Max: 0x0000c000, ABSOLUTE, COMPRESSED[0x00000278])

    Exec Addr    Load Addr    Size         Type   Attr      Idx    E Section Name        Object

    0x20000000   COMPRESSED   0x00000008   Data   RW          687    .data..L_MergedGlobals  stm32f1xx_hal.o
    0x20000008   COMPRESSED   0x00000300   Data   RW          271    .data.F16x16        i2c_oled.o
    0x20000308   COMPRESSED   0x00000020   Data   RW          232    .data.LCD_addr      spi_lcd.o
    0x20000328   COMPRESSED   0x00000004   Data   RW         1682    .data.SystemCoreClock  system_stm32f1xx.o
    0x2000032c   COMPRESSED   0x00000004   PAD
    0x20000330        -       0x00000024   Zero   RW          299    .bss..L_MergedGlobals  595driver.o
    0x20000354        -       0x00000004   Zero   RW          132    .bss.LED_status     led.o
    0x20000358        -       0x00000054   Zero   RW           45    .bss.hi2c1          i2c.o
    0x200003ac        -       0x00000058   Zero   RW           60    .bss.hspi1          spi.o
    0x20000404        -       0x00000048   Zero   RW           81    .bss.htim2          tim.o
    0x2000044c        -       0x00000048   Zero   RW           82    .bss.htim3          tim.o
    0x20000494        -       0x00000048   Zero   RW           83    .bss.htim5          tim.o
    0x200004dc        -       0x00000004   Zero   RW          278    .bss.inter_cnt      i2c_oled.o
    0x200004e0        -       0x00000004   Zero   RW          231    .bss.time           spi_lcd.o
    0x200004e4        -       0x00000004   Zero   RW          686    .bss.uwTick         stm32f1xx_hal.o
    0x200004e8        -       0x00000800   Zero   RW            1    STACK               startup_stm32f103xe.o


==============================================================================

Image component sizes


      Code (inc. data)   RO Data    RW Data    ZI Data      Debug   Object Name

       200         16         20          0         36       2179   595driver.o
       226         16          0          0          0       1718   gpio.o
       172         28          0          0         84       4777   i2c.o
       734         44       2075        768          4       6082   i2c_oled.o
         0          0          0          0          4        300   led.o
       430         60          0          0          0       5738   main.o
       188         16          0          0         88       4344   spi.o
       288         44          0         32          4       2794   spi_lcd.o
        36          8        304          0       2048        784   startup_stm32f103xe.o
       156         12          0          8          4       6250   stm32f1xx_hal.o
       190         24          0          0          0       8647   stm32f1xx_hal_cortex.o
       458         48          0          0          0       4678   stm32f1xx_hal_gpio.o
      1292         28          0          0          0      42314   stm32f1xx_hal_i2c.o
        64          8          0          0          0       1226   stm32f1xx_hal_msp.o
      1272         68          0          0          0       7480   stm32f1xx_hal_rcc.o
       802          4          0          0          0      21678   stm32f1xx_hal_spi.o
      1022         40          0          0          0      46934   stm32f1xx_hal_tim.o
       104          0          0          0          0      19872   stm32f1xx_hal_tim_ex.o
        44          0          0          0          0       4468   stm32f1xx_it.o
         2          0         24          4          0       1619   system_stm32f1xx.o
       378         24          0          0        216       7031   tim.o

    ----------------------------------------------------------------------
      8078        488       2456        812       2492     200913   Object Totals
         0          0         32          0          0          0   (incl. Generated)
        20          0          1          0          4          0   (incl. Padding)

    ----------------------------------------------------------------------

      Code (inc. data)   RO Data    RW Data    ZI Data      Debug   Library Member Name

        86          0          0          0          0          0   __dczerorl2.o
         0          0          0          0          0          0   entry.o
         0          0          0          0          0          0   entry10a.o
         0          0          0          0          0          0   entry11a.o
         8          4          0          0          0          0   entry2.o
         4          0          0          0          0          0   entry5.o
         0          0          0          0          0          0   entry7b.o
         0          0          0          0          0          0   entry8b.o
         8          4          0          0          0          0   entry9a.o
        30          0          0          0          0          0   handlers.o
        48         10          0          0          0         68   init.o
         0          0          0          0          0          0   iusefp.o
        30          0          0          0          0         68   llshl.o
        36          0          0          0          0         68   llsshr.o
        32          0          0          0          0         68   llushr.o
      2300         84          0          0          0        524   printfa.o
        44          0          0          0          0         80   uidiv.o
        98          0          0          0          0         92   uldiv.o
        48          0          0          0          0         68   cdrcmple.o
        56          0          0          0          0         88   d2f.o
       334          0          0          0          0        148   dadd.o
       222          0          0          0          0        100   ddiv.o
       186          0          0          0          0        176   depilogue.o
        48          0          0          0          0         68   dfixul.o
       228          0          0          0          0         96   dmul.o
        38          0          0          0          0         68   f2d.o
        28          0          0          0          0         68   fcmplt.o
       110          0          0          0          0        168   fepilogue.o

    ----------------------------------------------------------------------
      4026        102          0          0          0       2016   Library Totals
         4          0          0          0          0          0   (incl. Padding)

    ----------------------------------------------------------------------

      Code (inc. data)   RO Data    RW Data    ZI Data      Debug   Library Name

      2724        102          0          0          0        968   mc_w.l
      1298          0          0          0          0       1048   mf_w.l

    ----------------------------------------------------------------------
      4026        102          0          0          0       2016   Library Totals

    ----------------------------------------------------------------------

==============================================================================


      Code (inc. data)   RO Data    RW Data    ZI Data      Debug   

     12104        590       2456        812       2492     201813   Grand Totals
     12104        590       2456        632       2492     201813   ELF Image Totals (compressed)
     12104        590       2456        632          0          0   ROM Totals

==============================================================================

    Total RO  Size (Code + RO Data)                14560 (  14.22kB)
    Total RW  Size (RW Data + ZI Data)              3304 (   3.23kB)
    Total ROM Size (Code + RO Data + RW Data)      15192 (  14.84kB)

==============================================================================

