Component: ARM Compiler 6.10.1 Tool: armlink [5d142800]

==============================================================================

Section Cross References

    startup_stm32f103xe.o(RESET) refers to startup_stm32f103xe.o(STACK) for __initial_sp
    startup_stm32f103xe.o(RESET) refers to startup_stm32f103xe.o(.text) for Reset_Handler
    startup_stm32f103xe.o(RESET) refers to stm32f1xx_it.o(.text.NMI_Handler) for NMI_Handler
    startup_stm32f103xe.o(RESET) refers to stm32f1xx_it.o(.text.HardFault_Handler) for HardFault_Handler
    startup_stm32f103xe.o(RESET) refers to stm32f1xx_it.o(.text.MemManage_Handler) for MemManage_Handler
    startup_stm32f103xe.o(RESET) refers to stm32f1xx_it.o(.text.BusFault_Handler) for BusFault_Handler
    startup_stm32f103xe.o(RESET) refers to stm32f1xx_it.o(.text.UsageFault_Handler) for UsageFault_Handler
    startup_stm32f103xe.o(RESET) refers to stm32f1xx_it.o(.text.SVC_Handler) for SVC_Handler
    startup_stm32f103xe.o(RESET) refers to stm32f1xx_it.o(.text.DebugMon_Handler) for DebugMon_Handler
    startup_stm32f103xe.o(RESET) refers to stm32f1xx_it.o(.text.PendSV_Handler) for PendSV_Handler
    startup_stm32f103xe.o(RESET) refers to stm32f1xx_it.o(.text.SysTick_Handler) for SysTick_Handler
    startup_stm32f103xe.o(RESET) refers to stm32f1xx_it.o(.text.TIM2_IRQHandler) for TIM2_IRQHandler
    startup_stm32f103xe.o(RESET) refers to stm32f1xx_it.o(.text.TIM3_IRQHandler) for TIM3_IRQHandler
    startup_stm32f103xe.o(RESET) refers to stm32f1xx_it.o(.text.TIM5_IRQHandler) for TIM5_IRQHandler
    startup_stm32f103xe.o(.text) refers to system_stm32f1xx.o(.text.SystemInit) for SystemInit
    startup_stm32f103xe.o(.text) refers to entry.o(.ARM.Collect$$$$00000000) for __main
    main.o(.text.main) refers to stm32f1xx_hal.o(.text.HAL_Init) for HAL_Init
    main.o(.text.main) refers to main.o(.text.SystemClock_Config) for SystemClock_Config
    main.o(.text.main) refers to gpio.o(.text.MX_GPIO_Init) for MX_GPIO_Init
    main.o(.text.main) refers to spi.o(.text.MX_SPI1_Init) for MX_SPI1_Init
    main.o(.text.main) refers to tim.o(.text.MX_TIM2_Init) for MX_TIM2_Init
    main.o(.text.main) refers to i2c.o(.text.MX_I2C1_Init) for MX_I2C1_Init
    main.o(.text.main) refers to tim.o(.text.MX_TIM5_Init) for MX_TIM5_Init
    main.o(.text.main) refers to tim.o(.text.MX_TIM3_Init) for MX_TIM3_Init
    main.o(.text.main) refers to stm32f1xx_hal_tim.o(.text.HAL_TIM_Base_Start_IT) for HAL_TIM_Base_Start_IT
    main.o(.text.main) refers to i2c_oled.o(.text.OLED_Init) for OLED_Init
    main.o(.text.main) refers to i2c_oled.o(.text.OLED_CLS) for OLED_CLS
    main.o(.text.main) refers to spi_lcd.o(.text.LCE_init) for LCE_init
    main.o(.text.main) refers to stm32f1xx_hal_gpio.o(.text.HAL_GPIO_WritePin) for HAL_GPIO_WritePin
    main.o(.text.main) refers to i2c_oled.o(.text.OLED_LAB_DISP_name) for OLED_LAB_DISP_name
    main.o(.text.main) refers to 595driver.o(.text.LAB_595_display) for LAB_595_display
    main.o(.text.main) refers to spi_lcd.o(.text.timer) for timer
    main.o(.text.main) refers to i2c_oled.o(.text.OLED_LAB_DISP) for OLED_LAB_DISP
    main.o(.text.main) refers to led.o(.bss.LED_status) for LED_status
    main.o(.text.main) refers to tim.o(.bss.htim2) for htim2
    main.o(.text.main) refers to tim.o(.bss.htim3) for htim3
    main.o(.ARM.exidx.text.main) refers to main.o(.text.main) for [Anonymous Symbol]
    main.o(.text.SystemClock_Config) refers to memseta.o(.text) for __aeabi_memclr4
    main.o(.text.SystemClock_Config) refers to stm32f1xx_hal_rcc.o(.text.HAL_RCC_OscConfig) for HAL_RCC_OscConfig
    main.o(.text.SystemClock_Config) refers to stm32f1xx_hal_rcc.o(.text.HAL_RCC_ClockConfig) for HAL_RCC_ClockConfig
    main.o(.ARM.exidx.text.SystemClock_Config) refers to main.o(.text.SystemClock_Config) for [Anonymous Symbol]
    main.o(.ARM.exidx.text.Error_Handler) refers to main.o(.text.Error_Handler) for [Anonymous Symbol]
    main.o(.text.HAL_TIM_PeriodElapsedCallback) refers to f2d.o(.text) for __aeabi_f2d
    main.o(.text.HAL_TIM_PeriodElapsedCallback) refers to dadd.o(.text) for __aeabi_dadd
    main.o(.text.HAL_TIM_PeriodElapsedCallback) refers to d2f.o(.text) for __aeabi_d2f
    main.o(.text.HAL_TIM_PeriodElapsedCallback) refers to fcmplt.o(.text) for __aeabi_fcmplt
    main.o(.text.HAL_TIM_PeriodElapsedCallback) refers to 595driver.o(.text.LAB_595_display) for LAB_595_display
    main.o(.text.HAL_TIM_PeriodElapsedCallback) refers to stm32f1xx_hal_gpio.o(.text.HAL_GPIO_TogglePin) for HAL_GPIO_TogglePin
    main.o(.text.HAL_TIM_PeriodElapsedCallback) refers to tim.o(.bss.htim2) for htim2
    main.o(.text.HAL_TIM_PeriodElapsedCallback) refers to tim.o(.bss.htim3) for htim3
    main.o(.text.HAL_TIM_PeriodElapsedCallback) refers to spi_lcd.o(.bss.time) for time
    main.o(.text.HAL_TIM_PeriodElapsedCallback) refers to i2c_oled.o(.bss.inter_cnt) for inter_cnt
    main.o(.text.HAL_TIM_PeriodElapsedCallback) refers to 595driver.o(.bss.count) for count
[...]
    Removing stm32f1xx_hal_tim.o(.text.HAL_TIM_Encoder_GetState), (6 bytes).
    Removing stm32f1xx_hal_tim.o(.ARM.exidx.text.HAL_TIM_Encoder_GetState), (8 bytes).
    Removing stm32f1xx_hal_tim.o(.text.HAL_TIM_GetActiveChannel), (4 bytes).
    Removing stm32f1xx_hal_tim.o(.ARM.exidx.text.HAL_TIM_GetActiveChannel), (8 bytes).
    Removing stm32f1xx_hal_tim.o(.text.HAL_TIM_GetChannelState), (28 bytes).
    Removing stm32f1xx_hal_tim.o(.ARM.exidx.text.HAL_TIM_GetChannelState), (8 bytes).
    Removing stm32f1xx_hal_tim.o(.text.HAL_TIM_DMABurstState), (6 bytes).
    Removing stm32f1xx_hal_tim.o(.ARM.exidx.text.HAL_TIM_DMABurstState), (8 bytes).
    Removing stm32f1xx_hal_tim.o(.rodata.cst16), (32 bytes).
    Removing stm32f1xx_hal_tim_ex.o(.text), (0 bytes).
    Removing stm32f1xx_hal_tim_ex.o(.text.HAL_TIMEx_HallSensor_Init), (194 bytes).
    Removing stm32f1xx_hal_tim_ex.o(.ARM.exidx.text.HAL_TIMEx_HallSensor_Init), (8 bytes).
    Removing stm32f1xx_hal_tim_ex.o(.text.HAL_TIMEx_HallSensor_MspInit), (2 bytes).
    Removing stm32f1xx_hal_tim_ex.o(.ARM.exidx.text.HAL_TIMEx_HallSensor_MspInit), (8 bytes).
    Removing stm32f1xx_hal_tim_ex.o(.text.HAL_TIMEx_HallSensor_DeInit), (80 bytes).
    Removing stm32f1xx_hal_tim_ex.o(.ARM.exidx.text.HAL_TIMEx_HallSensor_DeInit), (8 bytes).
    Removing stm32f1xx_hal_tim_ex.o(.text.HAL_TIMEx_HallSensor_MspDeInit), (2 bytes).
    Removing stm32f1xx_hal_tim_ex.o(.ARM.exidx.text.HAL_TIMEx_HallSensor_MspDeInit), (8 bytes).
    Removing stm32f1xx_hal_tim_ex.o(.text.HAL_TIMEx_HallSensor_Start), (152 bytes).
    Removing stm32f1xx_hal_tim_ex.o(.ARM.exidx.text.HAL_TIMEx_HallSensor_Start), (8 bytes).
    Removing stm32f1xx_hal_tim_ex.o(.text.HAL_TIMEx_HallSensor_Stop), (66 bytes).
    Removing stm32f1xx_hal_tim_ex.o(.ARM.exidx.text.HAL_TIMEx_HallSensor_Stop), (8 bytes).
    Removing stm32f1xx_hal_tim_ex.o(.text.HAL_TIMEx_HallSensor_Start_IT), (160 bytes).
    Removing stm32f1xx_hal_tim_ex.o(.ARM.exidx.text.HAL_TIMEx_HallSensor_Start_IT), (8 bytes).
    Removing stm32f1xx_hal_tim_ex.o(.text.HAL_TIMEx_HallSensor_Stop_IT), (74 bytes).
    Removing stm32f1xx_hal_tim_ex.o(.ARM.exidx.text.HAL_TIMEx_HallSensor_Stop_IT), (8 bytes).
    Removing stm32f1xx_hal_tim_ex.o(.text.HAL_TIMEx_HallSensor_Start_DMA), (208 bytes).
    Removing stm32f1xx_hal_tim_ex.o(.ARM.exidx.text.HAL_TIMEx_HallSensor_Start_DMA), (8 bytes).
    Removing stm32f1xx_hal_tim_ex.o(.text.HAL_TIMEx_HallSensor_Stop_DMA), (74 bytes).
    Removing stm32f1xx_hal_tim_ex.o(.ARM.exidx.text.HAL_TIMEx_HallSensor_Stop_DMA), (8 bytes).
    Removing stm32f1xx_hal_tim_ex.o(.text.HAL_TIMEx_OCN_Start), (172 bytes).
    Removing stm32f1xx_hal_tim_ex.o(.ARM.exidx.text.HAL_TIMEx_OCN_Start), (8 bytes).
    Removing stm32f1xx_hal_tim_ex.o(.text.TIM_CCxNChannelCmd), (30 bytes).
    Removing stm32f1xx_hal_tim_ex.o(.ARM.exidx.text.TIM_CCxNChannelCmd), (8 bytes).
    Removing stm32f1xx_hal_tim_ex.o(.text.HAL_TIMEx_OCN_Stop), (106 bytes).
    Removing stm32f1xx_hal_tim_ex.o(.ARM.exidx.text.HAL_TIMEx_OCN_Stop), (8 bytes).
    Removing stm32f1xx_hal_tim_ex.o(.text.HAL_TIMEx_OCN_Start_IT), (192 bytes).
    Removing stm32f1xx_hal_tim_ex.o(.ARM.exidx.text.HAL_TIMEx_OCN_Start_IT), (8 bytes).
    Removing stm32f1xx_hal_tim_ex.o(.text.HAL_TIMEx_OCN_Stop_IT), (162 bytes).
    Removing stm32f1xx_hal_tim_ex.o(.ARM.exidx.text.HAL_TIMEx_OCN_Stop_IT), (8 bytes).
    Removing stm32f1xx_hal_tim_ex.o(.text.HAL_TIMEx_OCN_Start_DMA), (372 bytes).
    Removing stm32f1xx_hal_tim_ex.o(.ARM.exidx.text.HAL_TIMEx_OCN_Start_DMA), (8 bytes).
    Removing stm32f1xx_hal_tim_ex.o(.text.TIM_DMADelayPulseNCplt), (78 bytes).
    Removing stm32f1xx_hal_tim_ex.o(.ARM.exidx.text.TIM_DMADelayPulseNCplt), (8 bytes).
    Removing stm32f1xx_hal_tim_ex.o(.text.TIM_DMAErrorCCxN), (62 bytes).
    Removing stm32f1xx_hal_tim_ex.o(.ARM.exidx.text.TIM_DMAErrorCCxN), (8 bytes).
    Removing stm32f1xx_hal_tim_ex.o(.text.HAL_TIMEx_OCN_Stop_DMA), (168 bytes).
    Removing stm32f1xx_hal_tim_ex.o(.ARM.exidx.text.HAL_TIMEx_OCN_Stop_DMA), (8 bytes).
    Removing stm32f1xx_hal_tim_ex.o(.text.HAL_TIMEx_PWMN_Start), (172 bytes).
    Removing stm32f1xx_hal_tim_ex.o(.ARM.exidx.text.HAL_TIMEx_PWMN_Start), (8 bytes).
    Removing stm32f1xx_hal_tim_ex.o(.text.HAL_TIMEx_PWMN_Stop), (106 bytes).
    Removing stm32f1xx_hal_tim_ex.o(.ARM.exidx.text.HAL_TIMEx_PWMN_Stop), (8 bytes).
    Removing stm32f1xx_hal_tim_ex.o(.text.HAL_TIMEx_PWMN_Start_IT), (192 bytes).
    Removing stm32f1xx_hal_tim_ex.o(.ARM.exidx.text.HAL_TIMEx_PWMN_Start_IT), (8 bytes).
    Removing stm32f1xx_hal_tim_ex.o(.text.HAL_TIMEx_PWMN_Stop_IT), (162 bytes).
    Removing stm32f1xx_hal_tim_ex.o(.ARM.exidx.text.HAL_TIMEx_PWMN_Stop_IT), (8 bytes).
    Removing stm32f1xx_hal_tim_ex.o(.text.HAL_TIMEx_PWMN_Start_DMA), (372 bytes).
    Removing stm32f1xx_hal_tim_ex.o(.ARM.exidx.text.HAL_TIMEx_PWMN_Start_DMA), (8 bytes).
    Removing stm32f1xx_hal_tim_ex.o(.text.HAL_TIMEx_PWMN_Stop_DMA), (168 bytes).
    Removing stm32f1xx_hal_tim_ex.o(.ARM.exidx.text.HAL_TIMEx_PWMN_Stop_DMA), (8 bytes).
    Removing stm32f1xx_hal_tim_ex.o(.text.HAL_TIMEx_OnePulseN_Start), (100 bytes).
    Removing stm32f1xx_hal_tim_ex.o(.ARM.exidx.text.HAL_TIMEx_OnePulseN_Start), (8 bytes).
    Removing stm32f1xx_hal_tim_ex.o(.text.HAL_TIMEx_OnePulseN_Stop), (106 bytes).
    Removing stm32f1xx_hal_tim_ex.o(.ARM.exidx.text.HAL_TIMEx_OnePulseN_Stop), (8 bytes).
    Removing stm32f1xx_hal_tim_ex.o(.text.HAL_TIMEx_OnePulseN_Start_IT), (116 bytes).
    Removing stm32f1xx_hal_tim_ex.o(.ARM.exidx.text.HAL_TIMEx_OnePulseN_Start_IT), (8 bytes).
    Removing stm32f1xx_hal_tim_ex.o(.text.HAL_TIMEx_OnePulseN_Stop_IT), (124 bytes).
    Removing stm32f1xx_hal_tim_ex.o(.ARM.exidx.text.HAL_TIMEx_OnePulseN_Stop_IT), (8 bytes).
    Removing stm32f1xx_hal_tim_ex.o(.text.HAL_TIMEx_ConfigCommutEvent), (120 bytes).
    Removing stm32f1xx_hal_tim_ex.o(.ARM.exidx.text.HAL_TIMEx_ConfigCommutEvent), (8 bytes).
    Removing stm32f1xx_hal_tim_ex.o(.text.HAL_TIMEx_ConfigCommutEvent_IT), (120 bytes).
    Removing stm32f1xx_hal_tim_ex.o(.ARM.exidx.text.HAL_TIMEx_ConfigCommutEvent_IT), (8 bytes).
    Removing stm32f1xx_hal_tim_ex.o(.text.HAL_TIMEx_ConfigCommutEvent_DMA), (152 bytes).
    Removing stm32f1xx_hal_tim_ex.o(.ARM.exidx.text.HAL_TIMEx_ConfigCommutEvent_DMA), (8 bytes).
    Removing stm32f1xx_hal_tim_ex.o(.text.TIMEx_DMACommutationCplt), (12 bytes).
    Removing stm32f1xx_hal_tim_ex.o(.ARM.exidx.text.TIMEx_DMACommutationCplt), (8 bytes).
    Removing stm32f1xx_hal_tim_ex.o(.text.TIMEx_DMACommutationHalfCplt), (12 bytes).
    Removing stm32f1xx_hal_tim_ex.o(.ARM.exidx.text.TIMEx_DMACommutationHalfCplt), (8 bytes).
    Removing stm32f1xx_hal_tim_ex.o(.ARM.exidx.text.HAL_TIMEx_MasterConfigSynchronization), (8 bytes).
    Removing stm32f1xx_hal_tim_ex.o(.text.HAL_TIMEx_ConfigBreakDeadTime), (80 bytes).
    Removing stm32f1xx_hal_tim_ex.o(.ARM.exidx.text.HAL_TIMEx_ConfigBreakDeadTime), (8 bytes).
    Removing stm32f1xx_hal_tim_ex.o(.text.HAL_TIMEx_RemapConfig), (4 bytes).
    Removing stm32f1xx_hal_tim_ex.o(.ARM.exidx.text.HAL_TIMEx_RemapConfig), (8 bytes).
    Removing stm32f1xx_hal_tim_ex.o(.ARM.exidx.text.HAL_TIMEx_CommutCallback), (8 bytes).
    Removing stm32f1xx_hal_tim_ex.o(.text.HAL_TIMEx_CommutHalfCpltCallback), (2 bytes).
    Removing stm32f1xx_hal_tim_ex.o(.ARM.exidx.text.HAL_TIMEx_CommutHalfCpltCallback), (8 bytes).
    Removing stm32f1xx_hal_tim_ex.o(.ARM.exidx.text.HAL_TIMEx_BreakCallback), (8 bytes).
    Removing stm32f1xx_hal_tim_ex.o(.text.HAL_TIMEx_HallSensor_GetState), (6 bytes).
    Removing stm32f1xx_hal_tim_ex.o(.ARM.exidx.text.HAL_TIMEx_HallSensor_GetState), (8 bytes).
    Removing stm32f1xx_hal_tim_ex.o(.text.HAL_TIMEx_GetChannelNState), (28 bytes).
    Removing stm32f1xx_hal_tim_ex.o(.ARM.exidx.text.HAL_TIMEx_GetChannelNState), (8 bytes).
    Removing system_stm32f1xx.o(.text), (0 bytes).
    Removing system_stm32f1xx.o(.ARM.exidx.text.SystemInit), (8 bytes).
    Removing system_stm32f1xx.o(.text.SystemCoreClockUpdate), (88 bytes).
    Removing system_stm32f1xx.o(.ARM.exidx.text.SystemCoreClockUpdate), (8 bytes).
    Removing fadd.o(.text), (176 bytes).
    Removing ffixui.o(.text), (40 bytes).
    Removing dmul.o(.text), (228 bytes).
    Removing ddiv.o(.text), (222 bytes).
    Removing dfixul.o(.text), (48 bytes).
    Removing cdrcmple.o(.text), (48 bytes).

932 unused section(s) (total 49635 bytes) removed from the image.

==============================================================================

Image Symbol Table

    Local Symbols

    Symbol Name                              Value     Ov Type        Size  Object(Section)

    ../clib/../cmprslib/zerorunl2.c          0x00000000   Number         0  __dczerorl2.o ABSOLUTE
    ../clib/microlib/division.c              0x00000000   Number         0  uldiv.o ABSOLUTE
    ../clib/microlib/division.c              0x00000000   Number         0  uidiv.o ABSOLUTE
    ../clib/microlib/init/entry.s            0x00000000   Number         0  entry10b.o ABSOLUTE
    ../clib/microlib/init/entry.s            0x00000000   Number         0  entry.o ABSOLUTE
    ../clib/microlib/init/entry.s            0x00000000   Number         0  entry11a.o ABSOLUTE
    ../clib/microlib/init/entry.s            0x00000000   Number         0  entry11b.o ABSOLUTE
    ../clib/microlib/init/entry.s            0x00000000   Number         0  entry2.o ABSOLUTE
    ../clib/microlib/init/entry.s            0x00000000   Number         0  entry5.o ABSOLUTE
    ../clib/microlib/init/entry.s            0x00000000   Number         0  entry7a.o ABSOLUTE
    ../clib/microlib/init/entry.s            0x00000000   Number         0  entry7b.o ABSOLUTE
    ../clib/microlib/init/entry.s            0x00000000   Number         0  entry10a.o ABSOLUTE
    ../clib/microlib/init/entry.s            0x00000000   Number         0  entry8a.o ABSOLUTE
    ../clib/microlib/init/entry.s            0x00000000   Number         0  entry8b.o ABSOLUTE
    ../clib/microlib/init/entry.s            0x00000000   Number         0  entry9a.o ABSOLUTE
    ../clib/microlib/init/entry.s            0x00000000   Number         0  entry9b.o ABSOLUTE
    ../clib/microlib/longlong.c              0x00000000   Number         0  llushr.o ABSOLUTE
    ../clib/microlib/longlong.c              0x00000000   Number         0  llsshr.o ABSOLUTE
    ../clib/microlib/longlong.c              0x00000000   Number         0  llshl.o ABSOLUTE
    ../clib/microlib/printf/printf.c         0x00000000   Number         0  printfb.o ABSOLUTE
    ../clib/microlib/printf/printf.c         0x00000000   Number         0  printf0.o ABSOLUTE
    ../clib/microlib/printf/printf.c         0x00000000   Number         0  printf1.o ABSOLUTE
    ../clib/microlib/printf/printf.c         0x00000000   Number         0  printf2.o ABSOLUTE
    ../clib/microlib/printf/printf.c         0x00000000   Number         0  printf4.o ABSOLUTE
    ../clib/microlib/printf/printf.c         0x00000000   Number         0  printf6.o ABSOLUTE
    ../clib/microlib/printf/printf.c         0x00000000   Number         0  printf7.o ABSOLUTE
    ../clib/microlib/printf/printf.c         0x00000000   Number         0  printf8.o ABSOLUTE
    ../clib/microlib/printf/printf.c         0x00000000   Number         0  printfa.o ABSOLUTE
    ../clib/microlib/printf/printf.c         0x00000000   Number         0  printf3.o ABSOLUTE
    ../clib/microlib/printf/printf.c         0x00000000   Number         0  printf5.o ABSOLUTE
    ../clib/microlib/printf/stubs.s          0x00000000   Number         0  stubs.o ABSOLUTE
    ../clib/microlib/stdio/fputc.c           0x00000000   Number         0  fputc.o ABSOLUTE
    ../clib/microlib/stdio/fputc.c           0x00000000   Number         0  fputc_h.o ABSOLUTE
    ../clib/microlib/stdio/semi.s            0x00000000   Number         0  semi.o ABSOLUTE
    ../clib/microlib/stdio/streams.c         0x00000000   Number         0  stdout.o ABSOLUTE
    ../clib/microlib/string/memset.c         0x00000000   Number         0  memseta.o ABSOLUTE
    ../clib/microlib/stubs.s                 0x00000000   Number         0  iusesemip.o ABSOLUTE
    ../clib/microlib/stubs.s                 0x00000000   Number         0  iusefp.o ABSOLUTE
    ../fplib/microlib/d2f.c                  0x00000000   Number         0  d2f.o ABSOLUTE
    ../fplib/microlib/f2d.c                  0x00000000   Number         0  f2d.o ABSOLUTE
    ../fplib/microlib/fpadd.c                0x00000000   Number         0  fadd.o ABSOLUTE
    ../fplib/microlib/fpadd.c                0x00000000   Number         0  dadd.o ABSOLUTE
    ../fplib/microlib/fpcmp.c                0x00000000   Number         0  fcmplt.o ABSOLUTE
    ../fplib/microlib/fpdiv.c                0x00000000   Number         0  ddiv.o ABSOLUTE
    ../fplib/microlib/fpepilogue.c           0x00000000   Number         0  depilogue.o ABSOLUTE
    ../fplib/microlib/fpepilogue.c           0x00000000   Number         0  fepilogue.o ABSOLUTE
    ../fplib/microlib/fpfix.c                0x00000000   Number         0  ffixui.o ABSOLUTE
    ../fplib/microlib/fpfix.c                0x00000000   Number         0  dfixul.o ABSOLUTE
    ../fplib/microlib/fpmul.c                0x00000000   Number         0  dmul.o ABSOLUTE
    595Driver.c                              0x00000000   Number         0  595driver.o ABSOLUTE
    I2C_OLED.c                               0x00000000   Number         0  i2c_oled.o ABSOLUTE
    LED.c                                    0x00000000   Number         0  led.o ABSOLUTE
    SPI_LCD.c                                0x00000000   Number         0  spi_lcd.o ABSOLUTE
    SoftWare_LCD_Driver.c                    0x00000000   Number         0  software_lcd_driver.o ABSOLUTE
    cdrcmple.s                               0x00000000   Number         0  cdrcmple.o ABSOLUTE
    dc.s                                     0x00000000   Number         0  dc.o ABSOLUTE
    gpio.c                                   0x00000000   Number         0  gpio.o ABSOLUTE
    handlers.s                               0x00000000   Number         0  handlers.o ABSOLUTE
    i2c.c                                    0x00000000   Number         0  i2c.o ABSOLUTE
    init.s                                   0x00000000   Number         0  init.o ABSOLUTE
    main.c                                   0x00000000   Number         0  main.o ABSOLUTE
    spi.c                                    0x00000000   Number         0  spi.o ABSOLUTE
    startup_stm32f103xe.s                    0x00000000   Number         0  startup_stm32f103xe.o ABSOLUTE
    stm32f1xx_hal.c                          0x00000000   Number         0  stm32f1xx_hal.o ABSOLUTE
    stm32f1xx_hal_cortex.c                   0x00000000   Number         0  stm32f1xx_hal_cortex.o ABSOLUTE
    stm32f1xx_hal_dma.c                      0x00000000   Number         0  stm32f1xx_hal_dma.o ABSOLUTE
    stm32f1xx_hal_exti.c                     0x00000000   Number         0  stm32f1xx_hal_exti.o ABSOLUTE
    stm32f1xx_hal_flash.c                    0x00000000   Number         0  stm32f1xx_hal_flash.o ABSOLUTE
    stm32f1xx_hal_flash_ex.c                 0x00000000   Number         0  stm32f1xx_hal_flash_ex.o ABSOLUTE
    stm32f1xx_hal_gpio.c                     0x00000000   Number         0  stm32f1xx_hal_gpio.o ABSOLUTE
    stm32f1xx_hal_gpio_ex.c                  0x00000000   Number         0  stm32f1xx_hal_gpio_ex.o ABSOLUTE
    stm32f1xx_hal_i2c.c                      0x00000000   Number         0  stm32f1xx_hal_i2c.o ABSOLUTE
    stm32f1xx_hal_msp.c                      0x00000000   Number         0  stm32f1xx_hal_msp.o ABSOLUTE
    stm32f1xx_hal_pwr.c                      0x00000000   Number         0  stm32f1xx_hal_pwr.o ABSOLUTE
    stm32f1xx_hal_rcc.c                      0x00000000   Number         0  stm32f1xx_hal_rcc.o ABSOLUTE
    stm32f1xx_hal_rcc_ex.c                   0x00000000   Number         0  stm32f1xx_hal_rcc_ex.o ABSOLUTE
    stm32f1xx_hal_spi.c                      0x00000000   Number         0  stm32f1xx_hal_spi.o ABSOLUTE
    stm32f1xx_hal_tim.c                      0x00000000   Number         0  stm32f1xx_hal_tim.o ABSOLUTE
    stm32f1xx_hal_tim_ex.c                   0x00000000   Number         0  stm32f1xx_hal_tim_ex.o ABSOLUTE
    stm32f1xx_it.c                           0x00000000   Number         0  stm32f1xx_it.o ABSOLUTE
    system_stm32f1xx.c                       0x00000000   Number         0  system_stm32f1xx.o ABSOLUTE
    tim.c                                    0x00000000   Number         0  tim.o ABSOLUTE
    RESET                                    0x08000000   Section      304  startup_stm32f103xe.o(RESET)
    .ARM.Collect$$$$00000000                 0x08000130   Section        0  entry.o(.ARM.Collect$$$$00000000)
    .ARM.Collect$$$$00000001                 0x08000130   Section        4  entry2.o(.ARM.Collect$$$$00000001)
    .ARM.Collect$$$$00000004                 0x08000134   Section        4  entry5.o(.ARM.Collect$$$$00000004)
    .ARM.Collect$$$$00000008                 0x08000138   Section        0  entry7b.o(.ARM.Collect$$$$00000008)
    .ARM.Collect$$$$0000000A                 0x08000138   Section        0  entry8b.o(.ARM.Collect$$$$0000000A)
    .ARM.Collect$$$$0000000B                 0x08000138   Section        8  entry9a.o(.ARM.Collect$$$$0000000B)
    .ARM.Collect$$$$0000000D                 0x08000140   Section        0  entry10a.o(.ARM.Collect$$$$0000000D)
    .ARM.Collect$$$$0000000F                 0x08000140   Section        0  entry11a.o(.ARM.Collect$$$$0000000F)
    .ARM.Collect$$$$00002712                 0x08000140   Section        4  entry2.o(.ARM.Collect$$$$00002712)
    __lit__00000000                          0x08000140   Data           4  entry2.o(.ARM.Collect$$$$00002712)
    .text                                    0x08000144   Section       36  startup_stm32f103xe.o(.text)
    .text                                    0x08000168   Section        0  memseta.o(.text)
    .text                                    0x0800018c   Section        0  dadd.o(.text)
    .text                                    0x080002da   Section        0  fcmplt.o(.text)
    .text                                    0x080002f6   Section        0  f2d.o(.text)
    .text                                    0x0800031c   Section        0  d2f.o(.text)
    .text                                    0x08000354   Section        0  uidiv.o(.text)
    .text                                    0x08000380   Section        0  llshl.o(.text)
    .text                                    0x0800039e   Section        0  llsshr.o(.text)
    .text                                    0x080003c2   Section        0  fepilogue.o(.text)
    .text                                    0x080003c2   Section        0  iusefp.o(.text)
    .text                                    0x08000430   Section        0  depilogue.o(.text)
    .text                                    0x080004ec   Section       36  init.o(.text)
    .text                                    0x08000510   Section        0  llushr.o(.text)
    .text                                    0x08000530   Section        0  __dczerorl2.o(.text)
    [Anonymous Symbol]                       0x08000586   Section        0  stm32f1xx_it.o(.text.BusFault_Handler)
    [Anonymous Symbol]                       0x08000588   Section        0  stm32f1xx_it.o(.text.DebugMon_Handler)
    [Anonymous Symbol]                       0x0800058a   Section        0  main.o(.text.Error_Handler)
    [Anonymous Symbol]                       0x08000594   Section        0  stm32f1xx_hal.o(.text.HAL_Delay)
    [Anonymous Symbol]                       0x080005b4   Section        0  stm32f1xx_hal_gpio.o(.text.HAL_GPIO_Init)
    __arm_cp.0_0                             0x08000738   Number         4  stm32f1xx_hal_gpio.o(.text.HAL_GPIO_Init)
    __arm_cp.0_1                             0x0800073c   Number         4  stm32f1xx_hal_gpio.o(.text.HAL_GPIO_Init)
    __arm_cp.0_2                             0x08000740   Number         4  stm32f1xx_hal_gpio.o(.text.HAL_GPIO_Init)
    __arm_cp.0_3                             0x08000744   Number         4  stm32f1xx_hal_gpio.o(.text.HAL_GPIO_Init)
    __arm_cp.0_4                             0x08000748   Number         4  stm32f1xx_hal_gpio.o(.text.HAL_GPIO_Init)
    __arm_cp.0_5                             0x0800074c   Number         4  stm32f1xx_hal_gpio.o(.text.HAL_GPIO_Init)
    __arm_cp.0_6                             0x08000750   Number         4  stm32f1xx_hal_gpio.o(.text.HAL_GPIO_Init)
    __arm_cp.0_7                             0x08000754   Number         4  stm32f1xx_hal_gpio.o(.text.HAL_GPIO_Init)
    __arm_cp.0_8                             0x08000758   Number         4  stm32f1xx_hal_gpio.o(.text.HAL_GPIO_Init)
    __arm_cp.0_9                             0x0800075c   Number         4  stm32f1xx_hal_gpio.o(.text.HAL_GPIO_Init)
    __arm_cp.0_10                            0x08000760   Number         4  stm32f1xx_hal_gpio.o(.text.HAL_GPIO_Init)
    __arm_cp.0_11                            0x08000764   Number         4  stm32f1xx_hal_gpio.o(.text.HAL_GPIO_Init)
    [Anonymous Symbol]                       0x08000768   Section        0  stm32f1xx_hal_gpio.o(.text.HAL_GPIO_TogglePin)
    [Anonymous Symbol]                       0x08000778   Section        0  stm32f1xx_hal_gpio.o(.text.HAL_GPIO_WritePin)
    [Anonymous Symbol]                       0x08000784   Section        0  stm32f1xx_hal.o(.text.HAL_GetTick)
    __arm_cp.6_0                             0x0800078c   Number         4  stm32f1xx_hal.o(.text.HAL_GetTick)
    [Anonymous Symbol]                       0x08000790   Section        0  stm32f1xx_hal_i2c.o(.text.HAL_I2C_Init)
    __arm_cp.0_0                             0x08000900   Number         4  stm32f1xx_hal_i2c.o(.text.HAL_I2C_Init)
    __arm_cp.0_1                             0x08000904   Number         4  stm32f1xx_hal_i2c.o(.text.HAL_I2C_Init)
    __arm_cp.0_2                             0x08000908   Number         4  stm32f1xx_hal_i2c.o(.text.HAL_I2C_Init)
    __arm_cp.0_3                             0x0800090c   Number         4  stm32f1xx_hal_i2c.o(.text.HAL_I2C_Init)
    __arm_cp.0_4                             0x08000910   Number         4  stm32f1xx_hal_i2c.o(.text.HAL_I2C_Init)
    [Anonymous Symbol]                       0x08000914   Section        0  stm32f1xx_hal_i2c.o(.text.HAL_I2C_Mem_Write)
    __arm_cp.22_0                            0x08000a38   Number         4  stm32f1xx_hal_i2c.o(.text.HAL_I2C_Mem_Write)
    __arm_cp.22_1                            0x08000a3c   Number         4  stm32f1xx_hal_i2c.o(.text.HAL_I2C_Mem_Write)
    [Anonymous Symbol]                       0x08000a40   Section        0  i2c.o(.text.HAL_I2C_MspInit)
    __arm_cp.1_0                             0x08000aa0   Number         4  i2c.o(.text.HAL_I2C_MspInit)
    __arm_cp.1_2                             0x08000aa4   Number         4  i2c.o(.text.HAL_I2C_MspInit)
    __arm_cp.1_4                             0x08000aa8   Number         4  i2c.o(.text.HAL_I2C_MspInit)
    [Anonymous Symbol]                       0x08000aac   Section        0  stm32f1xx_hal.o(.text.HAL_IncTick)
    [Anonymous Symbol]                       0x08000ab8   Section        0  stm32f1xx_hal.o(.text.HAL_Init)
    __arm_cp.0_0                             0x08000ad8   Number         4  stm32f1xx_hal.o(.text.HAL_Init)
    [Anonymous Symbol]                       0x08000adc   Section        0  stm32f1xx_hal.o(.text.HAL_InitTick)
    __arm_cp.1_0                             0x08000b14   Number         4  stm32f1xx_hal.o(.text.HAL_InitTick)
    [Anonymous Symbol]                       0x08000b18   Section        0  stm32f1xx_hal_msp.o(.text.HAL_MspInit)
    __arm_cp.0_0                             0x08000b50   Number         4  stm32f1xx_hal_msp.o(.text.HAL_MspInit)
    __arm_cp.0_1                             0x08000b54   Number         4  stm32f1xx_hal_msp.o(.text.HAL_MspInit)
    [Anonymous Symbol]                       0x08000b58   Section        0  stm32f1xx_hal_cortex.o(.text.HAL_NVIC_EnableIRQ)
    __arm_cp.3_0                             0x08000b70   Number         4  stm32f1xx_hal_cortex.o(.text.HAL_NVIC_EnableIRQ)
    [Anonymous Symbol]                       0x08000b74   Section        0  stm32f1xx_hal_cortex.o(.text.HAL_NVIC_SetPriority)
    [Anonymous Symbol]                       0x08000bb8   Section        0  stm32f1xx_hal_cortex.o(.text.HAL_NVIC_SetPriorityGrouping)
    __arm_cp.0_0                             0x08000bd0   Number         4  stm32f1xx_hal_cortex.o(.text.HAL_NVIC_SetPriorityGrouping)
    __arm_cp.0_1                             0x08000bd4   Number         4  stm32f1xx_hal_cortex.o(.text.HAL_NVIC_SetPriorityGrouping)
    [Anonymous Symbol]                       0x08000bd8   Section        0  stm32f1xx_hal_rcc.o(.text.HAL_RCC_ClockConfig)
    __arm_cp.2_0                             0x08000d00   Number         4  stm32f1xx_hal_rcc.o(.text.HAL_RCC_ClockConfig)
    __arm_cp.2_1                             0x08000d04   Number         4  stm32f1xx_hal_rcc.o(.text.HAL_RCC_ClockConfig)
    __arm_cp.2_3                             0x08000d08   Number         4  stm32f1xx_hal_rcc.o(.text.HAL_RCC_ClockConfig)
    [Anonymous Symbol]                       0x08000d0c   Section        0  stm32f1xx_hal_rcc.o(.text.HAL_RCC_GetPCLK1Freq)
    __arm_cp.8_0                             0x08000d20   Number         4  stm32f1xx_hal_rcc.o(.text.HAL_RCC_GetPCLK1Freq)
    __arm_cp.8_2                             0x08000d24   Number         4  stm32f1xx_hal_rcc.o(.text.HAL_RCC_GetPCLK1Freq)
    [Anonymous Symbol]                       0x08000d28   Section        0  stm32f1xx_hal_rcc.o(.text.HAL_RCC_GetSysClockFreq)
    __arm_cp.3_0                             0x08000d60   Number         4  stm32f1xx_hal_rcc.o(.text.HAL_RCC_GetSysClockFreq)
    __arm_cp.3_1                             0x08000d64   Number         4  stm32f1xx_hal_rcc.o(.text.HAL_RCC_GetSysClockFreq)
    HAL_RCC_GetSysClockFreq.aPLLMULFactorTable 0x08000d68   Number         0  stm32f1xx_hal_rcc.o(.text.HAL_RCC_GetSysClockFreq)
    HAL_RCC_GetSysClockFreq.aPredivFactorTable 0x08000d78   Number         0  stm32f1xx_hal_rcc.o(.text.HAL_RCC_GetSysClockFreq)
    __arm_cp.3_4                             0x08000d7c   Number         4  stm32f1xx_hal_rcc.o(.text.HAL_RCC_GetSysClockFreq)
    [Anonymous Symbol]                       0x08000d80   Section        0  stm32f1xx_hal_rcc.o(.text.HAL_RCC_OscConfig)
    __arm_cp.1_0                             0x080010e0   Number         4  stm32f1xx_hal_rcc.o(.text.HAL_RCC_OscConfig)
    __arm_cp.1_1                             0x080010e4   Number         4  stm32f1xx_hal_rcc.o(.text.HAL_RCC_OscConfig)
    __arm_cp.1_2                             0x080010e8   Number         4  stm32f1xx_hal_rcc.o(.text.HAL_RCC_OscConfig)
    __arm_cp.1_3                             0x080010ec   Number         4  stm32f1xx_hal_rcc.o(.text.HAL_RCC_OscConfig)
    __arm_cp.1_4                             0x080010f0   Number         4  stm32f1xx_hal_rcc.o(.text.HAL_RCC_OscConfig)
    [Anonymous Symbol]                       0x080010f4   Section        0  stm32f1xx_hal_spi.o(.text.HAL_SPI_Init)
    [Anonymous Symbol]                       0x080011ac   Section        0  spi.o(.text.HAL_SPI_MspInit)
    __arm_cp.1_0                             0x08001218   Number         4  spi.o(.text.HAL_SPI_MspInit)
    __arm_cp.1_1                             0x0800121c   Number         4  spi.o(.text.HAL_SPI_MspInit)
    [Anonymous Symbol]                       0x08001220   Section        0  stm32f1xx_hal_spi.o(.text.HAL_SPI_Transmit)
    [Anonymous Symbol]                       0x08001398   Section        0  stm32f1xx_hal_cortex.o(.text.HAL_SYSTICK_Config)
    __arm_cp.7_0                             0x080013b8   Number         4  stm32f1xx_hal_cortex.o(.text.HAL_SYSTICK_Config)
    __arm_cp.7_1                             0x080013bc   Number         4  stm32f1xx_hal_cortex.o(.text.HAL_SYSTICK_Config)
    [Anonymous Symbol]                       0x080013c0   Section        0  stm32f1xx_hal_tim_ex.o(.text.HAL_TIMEx_BreakCallback)
    [Anonymous Symbol]                       0x080013c2   Section        0  stm32f1xx_hal_tim_ex.o(.text.HAL_TIMEx_CommutCallback)
    [Anonymous Symbol]                       0x080013c4   Section        0  stm32f1xx_hal_tim_ex.o(.text.HAL_TIMEx_MasterConfigSynchronization)
    [Anonymous Symbol]                       0x08001430   Section        0  stm32f1xx_hal_tim.o(.text.HAL_TIM_Base_Init)
    [Anonymous Symbol]                       0x08001488   Section        0  tim.o(.text.HAL_TIM_Base_MspInit)
    __arm_cp.3_2                             0x08001510   Number         4  tim.o(.text.HAL_TIM_Base_MspInit)
    [Anonymous Symbol]                       0x08001514   Section        0  stm32f1xx_hal_tim.o(.text.HAL_TIM_Base_Start_IT)
    __arm_cp.7_0                             0x0800156c   Number         4  stm32f1xx_hal_tim.o(.text.HAL_TIM_Base_Start_IT)
    __arm_cp.7_1                             0x08001570   Number         4  stm32f1xx_hal_tim.o(.text.HAL_TIM_Base_Start_IT)
    __arm_cp.7_2                             0x08001574   Number         4  stm32f1xx_hal_tim.o(.text.HAL_TIM_Base_Start_IT)
    __arm_cp.7_3                             0x08001578   Number         4  stm32f1xx_hal_tim.o(.text.HAL_TIM_Base_Start_IT)
    __arm_cp.7_4                             0x0800157c   Number         4  stm32f1xx_hal_tim.o(.text.HAL_TIM_Base_Start_IT)
    [Anonymous Symbol]                       0x08001580   Section        0  stm32f1xx_hal_tim.o(.text.HAL_TIM_ConfigClockSource)
    [Anonymous Symbol]                       0x08001678   Section        0  stm32f1xx_hal_tim.o(.text.HAL_TIM_IC_CaptureCallback)
    [Anonymous Symbol]                       0x0800167a   Section        0  stm32f1xx_hal_tim.o(.text.HAL_TIM_IRQHandler)
    [Anonymous Symbol]                       0x08001796   Section        0  stm32f1xx_hal_tim.o(.text.HAL_TIM_OC_DelayElapsedCallback)
    [Anonymous Symbol]                       0x08001798   Section        0  stm32f1xx_hal_tim.o(.text.HAL_TIM_PWM_PulseFinishedCallback)
    [Anonymous Symbol]                       0x0800179c   Section        0  main.o(.text.HAL_TIM_PeriodElapsedCallback)
    __arm_cp.3_0                             0x08001894   Number         4  main.o(.text.HAL_TIM_PeriodElapsedCallback)
    __arm_cp.3_1                             0x08001898   Number         4  main.o(.text.HAL_TIM_PeriodElapsedCallback)
    __arm_cp.3_2                             0x0800189c   Number         4  main.o(.text.HAL_TIM_PeriodElapsedCallback)
    __arm_cp.3_3                             0x080018a0   Number         4  main.o(.text.HAL_TIM_PeriodElapsedCallback)
    __arm_cp.3_4                             0x080018a4   Number         4  main.o(.text.HAL_TIM_PeriodElapsedCallback)
    __arm_cp.3_5                             0x080018a8   Number         4  main.o(.text.HAL_TIM_PeriodElapsedCallback)
    __arm_cp.3_6                             0x080018ac   Number         4  main.o(.text.HAL_TIM_PeriodElapsedCallback)
    __arm_cp.3_7                             0x080018b0   Number         4  main.o(.text.HAL_TIM_PeriodElapsedCallback)
    __arm_cp.3_8                             0x080018b4   Number         4  main.o(.text.HAL_TIM_PeriodElapsedCallback)
    __arm_cp.3_9                             0x080018b8   Number         4  main.o(.text.HAL_TIM_PeriodElapsedCallback)
    __arm_cp.3_10                            0x080018bc   Number         4  main.o(.text.HAL_TIM_PeriodElapsedCallback)
    [Anonymous Symbol]                       0x080018c0   Section        0  stm32f1xx_hal_tim.o(.text.HAL_TIM_TriggerCallback)
    [Anonymous Symbol]                       0x080018c4   Section        0  595driver.o(.text.HC595_CS)
    __arm_cp.1_0                             0x080018f0   Number         4  595driver.o(.text.HC595_CS)
    [Anonymous Symbol]                       0x080018f4   Section        0  595driver.o(.text.HC595_Send_Byte)
    __arm_cp.0_0                             0x0800193c   Number         4  595driver.o(.text.HC595_Send_Byte)
    [Anonymous Symbol]                       0x08001940   Section        0  595driver.o(.text.HC595_Send_Multi_Byte)
    [Anonymous Symbol]                       0x08001960   Section        0  stm32f1xx_it.o(.text.HardFault_Handler)
    [Anonymous Symbol]                       0x08001964   Section        0  stm32f1xx_hal_i2c.o(.text.I2C_IsAcknowledgeFailed)
    I2C_IsAcknowledgeFailed                  0x08001965   Thumb Code    52  stm32f1xx_hal_i2c.o(.text.I2C_IsAcknowledgeFailed)
    [Anonymous Symbol]                       0x08001994   Section        0  stm32f1xx_hal_i2c.o(.text.I2C_RequestMemoryWrite)
    I2C_RequestMemoryWrite                   0x08001995   Thumb Code   188  stm32f1xx_hal_i2c.o(.text.I2C_RequestMemoryWrite)
    __arm_cp.23_0                            0x08001a4c   Number         4  stm32f1xx_hal_i2c.o(.text.I2C_RequestMemoryWrite)
    [Anonymous Symbol]                       0x08001a50   Section        0  stm32f1xx_hal_i2c.o(.text.I2C_WaitOnBTFFlagUntilTimeout)
    I2C_WaitOnBTFFlagUntilTimeout            0x08001a51   Thumb Code    90  stm32f1xx_hal_i2c.o(.text.I2C_WaitOnBTFFlagUntilTimeout)
    [Anonymous Symbol]                       0x08001aaa   Section        0  stm32f1xx_hal_i2c.o(.text.I2C_WaitOnFlagUntilTimeout)
    I2C_WaitOnFlagUntilTimeout               0x08001aab   Thumb Code   146  stm32f1xx_hal_i2c.o(.text.I2C_WaitOnFlagUntilTimeout)
    [Anonymous Symbol]                       0x08001b3c   Section        0  stm32f1xx_hal_i2c.o(.text.I2C_WaitOnMasterAddressFlagUntilTimeout)
    I2C_WaitOnMasterAddressFlagUntilTimeout  0x08001b3d   Thumb Code   180  stm32f1xx_hal_i2c.o(.text.I2C_WaitOnMasterAddressFlagUntilTimeout)
    __arm_cp.60_0                            0x08001bec   Number         4  stm32f1xx_hal_i2c.o(.text.I2C_WaitOnMasterAddressFlagUntilTimeout)
    [Anonymous Symbol]                       0x08001bf0   Section        0  stm32f1xx_hal_i2c.o(.text.I2C_WaitOnTXEFlagUntilTimeout)
    I2C_WaitOnTXEFlagUntilTimeout            0x08001bf1   Thumb Code    90  stm32f1xx_hal_i2c.o(.text.I2C_WaitOnTXEFlagUntilTimeout)
    [Anonymous Symbol]                       0x08001c4c   Section        0  595driver.o(.text.LAB_595_display)
    __arm_cp.3_0                             0x08001c84   Number         4  595driver.o(.text.LAB_595_display)
    __arm_cp.3_1                             0x08001c88   Number         4  595driver.o(.text.LAB_595_display)
    __arm_cp.3_2                             0x08001c8c   Number         4  595driver.o(.text.LAB_595_display)
    [Anonymous Symbol]                       0x08001c90   Section        0  spi_lcd.o(.text.LCD_Display_Words)
    __arm_cp.3_0                             0x08001cb0   Number         4  spi_lcd.o(.text.LCD_Display_Words)
    [Anonymous Symbol]                       0x08001cb4   Section        0  spi_lcd.o(.text.LCE_init)
    __arm_cp.2_0                             0x08001cf4   Number         4  spi_lcd.o(.text.LCE_init)
    __arm_cp.2_1                             0x08001cf8   Number         4  spi_lcd.o(.text.LCE_init)
    __arm_cp.2_2                             0x08001cfc   Number         4  spi_lcd.o(.text.LCE_init)
    [Anonymous Symbol]                       0x08001d00   Section        0  gpio.o(.text.MX_GPIO_Init)
    __arm_cp.0_0                             0x08001dcc   Number         4  gpio.o(.text.MX_GPIO_Init)
    __arm_cp.0_1                             0x08001dd0   Number         4  gpio.o(.text.MX_GPIO_Init)
    __arm_cp.0_2                             0x08001dd4   Number         4  gpio.o(.text.MX_GPIO_Init)
    __arm_cp.0_3                             0x08001dd8   Number         4  gpio.o(.text.MX_GPIO_Init)
    [Anonymous Symbol]                       0x08001ddc   Section        0  i2c.o(.text.MX_I2C1_Init)
    __arm_cp.0_0                             0x08001e10   Number         4  i2c.o(.text.MX_I2C1_Init)
    __arm_cp.0_1                             0x08001e14   Number         4  i2c.o(.text.MX_I2C1_Init)
    __arm_cp.0_2                             0x08001e18   Number         4  i2c.o(.text.MX_I2C1_Init)
    [Anonymous Symbol]                       0x08001e1c   Section        0  spi.o(.text.MX_SPI1_Init)
    __arm_cp.0_0                             0x08001e64   Number         4  spi.o(.text.MX_SPI1_Init)
    __arm_cp.0_1                             0x08001e68   Number         4  spi.o(.text.MX_SPI1_Init)
    [Anonymous Symbol]                       0x08001e6c   Section        0  tim.o(.text.MX_TIM2_Init)
    __arm_cp.0_0                             0x08001ecc   Number         4  tim.o(.text.MX_TIM2_Init)
    [Anonymous Symbol]                       0x08001ed0   Section        0  tim.o(.text.MX_TIM3_Init)
    __arm_cp.1_0                             0x08001f30   Number         4  tim.o(.text.MX_TIM3_Init)
    __arm_cp.1_1                             0x08001f34   Number         4  tim.o(.text.MX_TIM3_Init)
    [Anonymous Symbol]                       0x08001f38   Section        0  tim.o(.text.MX_TIM5_Init)
    __arm_cp.2_0                             0x08001f98   Number         4  tim.o(.text.MX_TIM5_Init)
    __arm_cp.2_1                             0x08001f9c   Number         4  tim.o(.text.MX_TIM5_Init)
    [Anonymous Symbol]                       0x08001fa0   Section        0  stm32f1xx_it.o(.text.MemManage_Handler)
    [Anonymous Symbol]                       0x08001fa2   Section        0  stm32f1xx_it.o(.text.NMI_Handler)
    [Anonymous Symbol]                       0x08001fa4   Section        0  i2c_oled.o(.text.OLED_CLS)
    [Anonymous Symbol]                       0x08001fac   Section        0  i2c_oled.o(.text.OLED_Fill)
    [Anonymous Symbol]                       0x08001fe4   Section        0  i2c_oled.o(.text.OLED_Init)
    [Anonymous Symbol]                       0x08002064   Section        0  i2c_oled.o(.text.OLED_LAB_DISP)
    [Anonymous Symbol]                       0x08002070   Section        0  i2c_oled.o(.text.OLED_LAB_DISP_name)
    __arm_cp.13_0                            0x080020a8   Number         4  i2c_oled.o(.text.OLED_LAB_DISP_name)
    __arm_cp.13_2                            0x080020b0   Number         4  i2c_oled.o(.text.OLED_LAB_DISP_name)
    [Anonymous Symbol]                       0x080020c0   Section        0  i2c_oled.o(.text.OLED_SetPos)
    __arm_cp.3_0                             0x080020e8   Number         4  i2c_oled.o(.text.OLED_SetPos)
    [Anonymous Symbol]                       0x080020ec   Section        0  i2c_oled.o(.text.OLED_ShowCN)
    __arm_cp.9_0                             0x08002144   Number         4  i2c_oled.o(.text.OLED_ShowCN)
    [Anonymous Symbol]                       0x08002148   Section        0  i2c_oled.o(.text.OLED_ShowNumber_16)
    [Anonymous Symbol]                       0x0800220c   Section        0  i2c_oled.o(.text.OLED_ShowStr)
    __arm_cp.8_0                             0x08002300   Number         4  i2c_oled.o(.text.OLED_ShowStr)
    __arm_cp.8_1                             0x08002304   Number         4  i2c_oled.o(.text.OLED_ShowStr)
    [Anonymous Symbol]                       0x08002308   Section        0  stm32f1xx_it.o(.text.PendSV_Handler)
    [Anonymous Symbol]                       0x0800230a   Section        0  stm32f1xx_hal_spi.o(.text.SPI_EndRxTxTransaction)
    SPI_EndRxTxTransaction                   0x0800230b   Thumb Code    56  stm32f1xx_hal_spi.o(.text.SPI_EndRxTxTransaction)
    [Anonymous Symbol]                       0x08002344   Section        0  stm32f1xx_hal_spi.o(.text.SPI_WaitFlagStateUntilTimeout)
    SPI_WaitFlagStateUntilTimeout            0x08002345   Thumb Code   192  stm32f1xx_hal_spi.o(.text.SPI_WaitFlagStateUntilTimeout)
    __arm_cp.54_0                            0x08002400   Number         4  stm32f1xx_hal_spi.o(.text.SPI_WaitFlagStateUntilTimeout)
    [Anonymous Symbol]                       0x08002404   Section        0  stm32f1xx_it.o(.text.SVC_Handler)
    [Anonymous Symbol]                       0x08002406   Section        0  stm32f1xx_it.o(.text.SysTick_Handler)
    [Anonymous Symbol]                       0x0800240a   Section        0  main.o(.text.SystemClock_Config)
    [Anonymous Symbol]                       0x08002470   Section        0  system_stm32f1xx.o(.text.SystemInit)
    [Anonymous Symbol]                       0x08002474   Section        0  stm32f1xx_it.o(.text.TIM2_IRQHandler)
    [Anonymous Symbol]                       0x0800247c   Section        0  stm32f1xx_it.o(.text.TIM3_IRQHandler)
    [Anonymous Symbol]                       0x08002484   Section        0  stm32f1xx_it.o(.text.TIM5_IRQHandler)
    __arm_cp.11_0                            0x0800248c   Number         4  stm32f1xx_it.o(.text.TIM5_IRQHandler)
    [Anonymous Symbol]                       0x08002490   Section        0  stm32f1xx_hal_tim.o(.text.TIM_Base_SetConfig)
    __arm_cp.2_0                             0x08002500   Number         4  stm32f1xx_hal_tim.o(.text.TIM_Base_SetConfig)
    __arm_cp.2_1                             0x08002504   Number         4  stm32f1xx_hal_tim.o(.text.TIM_Base_SetConfig)
    __arm_cp.2_2                             0x08002508   Number         4  stm32f1xx_hal_tim.o(.text.TIM_Base_SetConfig)
    __arm_cp.2_3                             0x0800250c   Number         4  stm32f1xx_hal_tim.o(.text.TIM_Base_SetConfig)
    __arm_cp.2_4                             0x08002510   Number         4  stm32f1xx_hal_tim.o(.text.TIM_Base_SetConfig)
    [Anonymous Symbol]                       0x08002514   Section        0  stm32f1xx_hal_tim.o(.text.TIM_TI1_ConfigInputStage)
    TIM_TI1_ConfigInputStage                 0x08002515   Thumb Code    34  stm32f1xx_hal_tim.o(.text.TIM_TI1_ConfigInputStage)
    [Anonymous Symbol]                       0x08002536   Section        0  stm32f1xx_hal_tim.o(.text.TIM_TI2_ConfigInputStage)
    TIM_TI2_ConfigInputStage                 0x08002537   Thumb Code    36  stm32f1xx_hal_tim.o(.text.TIM_TI2_ConfigInputStage)
    [Anonymous Symbol]                       0x0800255a   Section        0  stm32f1xx_it.o(.text.UsageFault_Handler)
    [Anonymous Symbol]                       0x0800255c   Section        0  i2c_oled.o(.text.WriteCmd)
    [Anonymous Symbol]                       0x08002580   Section        0  i2c_oled.o(.text.WriteDat)
    __arm_cp.1_0                             0x080025a4   Number         4  i2c_oled.o(.text.WriteDat)
    [Anonymous Symbol]                       0x080025a8   Section        0  stm32f1xx_hal_cortex.o(.text.__NVIC_SetPriority)
    __NVIC_SetPriority                       0x080025a9   Thumb Code    36  stm32f1xx_hal_cortex.o(.text.__NVIC_SetPriority)
    __arm_cp.2_0                             0x080025c4   Number         4  stm32f1xx_hal_cortex.o(.text.__NVIC_SetPriority)
    __arm_cp.2_1                             0x080025c8   Number         4  stm32f1xx_hal_cortex.o(.text.__NVIC_SetPriority)
    [Anonymous Symbol]                       0x080025cc   Section        0  main.o(.text.main)
    __arm_cp.0_0                             0x0800262c   Number         4  main.o(.text.main)
    __arm_cp.0_1                             0x08002630   Number         4  main.o(.text.main)
    __arm_cp.0_2                             0x08002634   Number         4  main.o(.text.main)
    [Anonymous Symbol]                       0x08002638   Section        0  spi_lcd.o(.text.spi_wirte_cmd)
    [Anonymous Symbol]                       0x0800267c   Section        0  spi_lcd.o(.text.spi_wirte_data)
    __arm_cp.0_0                             0x080026bc   Number         4  spi_lcd.o(.text.spi_wirte_data)
    __arm_cp.0_1                             0x080026c0   Number         4  spi_lcd.o(.text.spi_wirte_data)
    [Anonymous Symbol]                       0x080026c4   Section        0  spi_lcd.o(.text.timer)
    __arm_cp.4_1                             0x080026f0   Number         4  spi_lcd.o(.text.timer)
    i.__0snprintf$1                          0x080026f4   Section        0  printf1.o(i.__0snprintf$1)
    i.__scatterload_copy                     0x08002724   Section       14  handlers.o(i.__scatterload_copy)
    i.__scatterload_null                     0x08002732   Section        2  handlers.o(i.__scatterload_null)
    i.__scatterload_zeroinit                 0x08002734   Section       14  handlers.o(i.__scatterload_zeroinit)
    i._printf_core                           0x08002744   Section        0  printf1.o(i._printf_core)
    _printf_core                             0x08002745   Thumb Code   336  printf1.o(i._printf_core)
    i._snputc                                0x08002898   Section        0  printf1.o(i._snputc)
    _snputc                                  0x08002899   Thumb Code    22  printf1.o(i._snputc)
    [Anonymous Symbol]                       0x20000000   Section        0  stm32f1xx_hal.o(.data..L_MergedGlobals)
    STACK                                    0x200004f0   Section     2048  startup_stm32f103xe.o(STACK)

    Global Symbols

    Symbol Name                              Value     Ov Type        Size  Object(Section)

    BuildAttributes$$THM_ISAv4$P$D$K$B$S$PE$A:L22UL41UL21$X:L11$S22US41US21$IEEE1$IW$~IW$USESV6$~STKCKD$USESV7$~SHL$OTIME$ROPI$EBA8$MICROLIB$REQ8$PRES8$EABIv2 0x00000000   Number         0  anon$$obj.o ABSOLUTE
    _printf_a                                0x00000000   Number         0  stubs.o ABSOLUTE
    _printf_c                                0x00000000   Number         0  stubs.o ABSOLUTE
    _printf_charcount                        0x00000000   Number         0  stubs.o ABSOLUTE
    _printf_d                                0x00000000   Number         0  stubs.o ABSOLUTE
    _printf_e                                0x00000000   Number         0  stubs.o ABSOLUTE
    _printf_f                                0x00000000   Number         0  stubs.o ABSOLUTE
    _printf_flags                            0x00000000   Number         0  stubs.o ABSOLUTE
    _printf_fp_dec                           0x00000000   Number         0  stubs.o ABSOLUTE
    _printf_fp_hex                           0x00000000   Number         0  stubs.o ABSOLUTE
    _printf_g                                0x00000000   Number         0  stubs.o ABSOLUTE
    _printf_i                                0x00000000   Number         0  stubs.o ABSOLUTE
    _printf_int_dec                          0x00000000   Number         0  stubs.o ABSOLUTE
    _printf_l                                0x00000000   Number         0  stubs.o ABSOLUTE
    _printf_lc                               0x00000000   Number         0  stubs.o ABSOLUTE
    _printf_ll                               0x00000000   Number         0  stubs.o ABSOLUTE
    _printf_lld                              0x00000000   Number         0  stubs.o ABSOLUTE
    _printf_lli                              0x00000000   Number         0  stubs.o ABSOLUTE
    _printf_llo                              0x00000000   Number         0  stubs.o ABSOLUTE
    _printf_llu                              0x00000000   Number         0  stubs.o ABSOLUTE
    _printf_llx                              0x00000000   Number         0  stubs.o ABSOLUTE
    _printf_longlong_dec                     0x00000000   Number         0  stubs.o ABSOLUTE
    _printf_longlong_hex                     0x00000000   Number         0  stubs.o ABSOLUTE
    _printf_longlong_oct                     0x00000000   Number         0  stubs.o ABSOLUTE
    _printf_ls                               0x00000000   Number         0  stubs.o ABSOLUTE
    _printf_mbtowc                           0x00000000   Number         0  stubs.o ABSOLUTE
    _printf_n                                0x00000000   Number         0  stubs.o ABSOLUTE
    _printf_o                                0x00000000   Number         0  stubs.o ABSOLUTE
    _printf_p                                0x00000000   Number         0  stubs.o ABSOLUTE
    _printf_percent                          0x00000000   Number         0  stubs.o ABSOLUTE
    _printf_pre_padding                      0x00000000   Number         0  stubs.o ABSOLUTE
    _printf_return_value                     0x00000000   Number         0  stubs.o ABSOLUTE
    _printf_s                                0x00000000   Number         0  stubs.o ABSOLUTE
    _printf_sizespec                         0x00000000   Number         0  stubs.o ABSOLUTE
    _printf_str                              0x00000000   Number         0  stubs.o ABSOLUTE
    _printf_truncate_signed                  0x00000000   Number         0  stubs.o ABSOLUTE
    _printf_truncate_unsigned                0x00000000   Number         0  stubs.o ABSOLUTE
    _printf_u                                0x00000000   Number         0  stubs.o ABSOLUTE
    _printf_wc                               0x00000000   Number         0  stubs.o ABSOLUTE
    _printf_wctomb                           0x00000000   Number         0  stubs.o ABSOLUTE
    _printf_widthprec                        0x00000000   Number         0  stubs.o ABSOLUTE
    _printf_x                                0x00000000   Number         0  stubs.o ABSOLUTE
    __cpp_initialize__aeabi_                  - Undefined Weak Reference
    __cxa_finalize                            - Undefined Weak Reference
    _clock_init                               - Undefined Weak Reference
    _microlib_exit                            - Undefined Weak Reference
    __Vectors_Size                           0x00000130   Number         0  startup_stm32f103xe.o ABSOLUTE
    __Vectors                                0x08000000   Data           4  startup_stm32f103xe.o(RESET)
    __Vectors_End                            0x08000130   Data           0  startup_stm32f103xe.o(RESET)
    __main                                   0x08000131   Thumb Code     0  entry.o(.ARM.Collect$$$$00000000)
    _main_stk                                0x08000131   Thumb Code     0  entry2.o(.ARM.Collect$$$$00000001)
    _main_scatterload                        0x08000135   Thumb Code     0  entry5.o(.ARM.Collect$$$$00000004)
    __main_after_scatterload                 0x08000139   Thumb Code     0  entry5.o(.ARM.Collect$$$$00000004)
    _main_clock                              0x08000139   Thumb Code     0  entry7b.o(.ARM.Collect$$$$00000008)
    _main_cpp_init                           0x08000139   Thumb Code     0  entry8b.o(.ARM.Collect$$$$0000000A)
    _main_init                               0x08000139   Thumb Code     0  entry9a.o(.ARM.Collect$$$$0000000B)
    __rt_final_cpp                           0x08000141   Thumb Code     0  entry10a.o(.ARM.Collect$$$$0000000D)
    __rt_final_exit                          0x08000141   Thumb Code     0  entry11a.o(.ARM.Collect$$$$0000000F)
    Reset_Handler                            0x08000145   Thumb Code     8  startup_stm32f103xe.o(.text)
    ADC1_2_IRQHandler                        0x0800015f   Thumb Code     0  startup_stm32f103xe.o(.text)
    ADC3_IRQHandler                          0x0800015f   Thumb Code     0  startup_stm32f103xe.o(.text)
    CAN1_RX1_IRQHandler                      0x0800015f   Thumb Code     0  startup_stm32f103xe.o(.text)
    CAN1_SCE_IRQHandler                      0x0800015f   Thumb Code     0  startup_stm32f103xe.o(.text)
    DMA1_Channel1_IRQHandler                 0x0800015f   Thumb Code     0  startup_stm32f103xe.o(.text)
    DMA1_Channel2_IRQHandler                 0x0800015f   Thumb Code     0  startup_stm32f103xe.o(.text)
    DMA1_Channel3_IRQHandler                 0x0800015f   Thumb Code     0  startup_stm32f103xe.o(.text)
    DMA1_Channel4_IRQHandler                 0x0800015f   Thumb Code     0  startup_stm32f103xe.o(.text)
    DMA1_Channel5_IRQHandler                 0x0800015f   Thumb Code     0  startup_stm32f103xe.o(.text)
    DMA1_Channel6_IRQHandler                 0x0800015f   Thumb Code     0  startup_stm32f103xe.o(.text)
    DMA1_Channel7_IRQHandler                 0x0800015f   Thumb Code     0  startup_stm32f103xe.o(.text)
    DMA2_Channel1_IRQHandler                 0x0800015f   Thumb Code     0  startup_stm32f103xe.o(.text)
    DMA2_Channel2_IRQHandler                 0x0800015f   Thumb Code     0  startup_stm32f103xe.o(.text)
    DMA2_Channel3_IRQHandler                 0x0800015f   Thumb Code     0  startup_stm32f103xe.o(.text)
    DMA2_Channel4_5_IRQHandler               0x0800015f   Thumb Code     0  startup_stm32f103xe.o(.text)
    EXTI0_IRQHandler                         0x0800015f   Thumb Code     0  startup_stm32f103xe.o(.text)
    EXTI15_10_IRQHandler                     0x0800015f   Thumb Code     0  startup_stm32f103xe.o(.text)
    EXTI1_IRQHandler                         0x0800015f   Thumb Code     0  startup_stm32f103xe.o(.text)
    EXTI2_IRQHandler                         0x0800015f   Thumb Code     0  startup_stm32f103xe.o(.text)
    EXTI3_IRQHandler                         0x0800015f   Thumb Code     0  startup_stm32f103xe.o(.text)
    EXTI4_IRQHandler                         0x0800015f   Thumb Code     0  startup_stm32f103xe.o(.text)
    EXTI9_5_IRQHandler                       0x0800015f   Thumb Code     0  startup_stm32f103xe.o(.text)
    FLASH_IRQHandler                         0x0800015f   Thumb Code     0  startup_stm32f103xe.o(.text)
    FSMC_IRQHandler                          0x0800015f   Thumb Code     0  startup_stm32f103xe.o(.text)
    I2C1_ER_IRQHandler                       0x0800015f   Thumb Code     0  startup_stm32f103xe.o(.text)
    I2C1_EV_IRQHandler                       0x0800015f   Thumb Code     0  startup_stm32f103xe.o(.text)
    I2C2_ER_IRQHandler                       0x0800015f   Thumb Code     0  startup_stm32f103xe.o(.text)
    I2C2_EV_IRQHandler                       0x0800015f   Thumb Code     0  startup_stm32f103xe.o(.text)
    PVD_IRQHandler                           0x0800015f   Thumb Code     0  startup_stm32f103xe.o(.text)
    RCC_IRQHandler                           0x0800015f   Thumb Code     0  startup_stm32f103xe.o(.text)
    RTC_Alarm_IRQHandler                     0x0800015f   Thumb Code     0  startup_stm32f103xe.o(.text)
    RTC_IRQHandler                           0x0800015f   Thumb Code     0  startup_stm32f103xe.o(.text)
    SDIO_IRQHandler                          0x0800015f   Thumb Code     0  startup_stm32f103xe.o(.text)
    SPI1_IRQHandler                          0x0800015f   Thumb Code     0  startup_stm32f103xe.o(.text)
    SPI2_IRQHandler                          0x0800015f   Thumb Code     0  startup_stm32f103xe.o(.text)
    SPI3_IRQHandler                          0x0800015f   Thumb Code     0  startup_stm32f103xe.o(.text)
    TAMPER_IRQHandler                        0x0800015f   Thumb Code     0  startup_stm32f103xe.o(.text)
    TIM1_BRK_IRQHandler                      0x0800015f   Thumb Code     0  startup_stm32f103xe.o(.text)
    TIM1_CC_IRQHandler                       0x0800015f   Thumb Code     0  startup_stm32f103xe.o(.text)
    TIM1_TRG_COM_IRQHandler                  0x0800015f   Thumb Code     0  startup_stm32f103xe.o(.text)
    TIM1_UP_IRQHandler                       0x0800015f   Thumb Code     0  startup_stm32f103xe.o(.text)
    TIM4_IRQHandler                          0x0800015f   Thumb Code     0  startup_stm32f103xe.o(.text)
    TIM6_IRQHandler                          0x0800015f   Thumb Code     0  startup_stm32f103xe.o(.text)
    TIM7_IRQHandler                          0x0800015f   Thumb Code     0  startup_stm32f103xe.o(.text)
    TIM8_BRK_IRQHandler                      0x0800015f   Thumb Code     0  startup_stm32f103xe.o(.text)
    TIM8_CC_IRQHandler                       0x0800015f   Thumb Code     0  startup_stm32f103xe.o(.text)
    TIM8_TRG_COM_IRQHandler                  0x0800015f   Thumb Code     0  startup_stm32f103xe.o(.text)
    TIM8_UP_IRQHandler                       0x0800015f   Thumb Code     0  startup_stm32f103xe.o(.text)
    UART4_IRQHandler                         0x0800015f   Thumb Code     0  startup_stm32f103xe.o(.text)
    UART5_IRQHandler                         0x0800015f   Thumb Code     0  startup_stm32f103xe.o(.text)
    USART1_IRQHandler                        0x0800015f   Thumb Code     0  startup_stm32f103xe.o(.text)
    USART2_IRQHandler                        0x0800015f   Thumb Code     0  startup_stm32f103xe.o(.text)
    USART3_IRQHandler                        0x0800015f   Thumb Code     0  startup_stm32f103xe.o(.text)
    USBWakeUp_IRQHandler                     0x0800015f   Thumb Code     0  startup_stm32f103xe.o(.text)
    USB_HP_CAN1_TX_IRQHandler                0x0800015f   Thumb Code     0  startup_stm32f103xe.o(.text)
    USB_LP_CAN1_RX0_IRQHandler               0x0800015f   Thumb Code     0  startup_stm32f103xe.o(.text)
    WWDG_IRQHandler                          0x0800015f   Thumb Code     0  startup_stm32f103xe.o(.text)
    __aeabi_memset                           0x08000169   Thumb Code    14  memseta.o(.text)
    __aeabi_memset4                          0x08000169   Thumb Code     0  memseta.o(.text)
    __aeabi_memset8                          0x08000169   Thumb Code     0  memseta.o(.text)
    __aeabi_memclr                           0x08000177   Thumb Code     4  memseta.o(.text)
    __aeabi_memclr4                          0x08000177   Thumb Code     0  memseta.o(.text)
    __aeabi_memclr8                          0x08000177   Thumb Code     0  memseta.o(.text)
    _memset$wrapper                          0x0800017b   Thumb Code    18  memseta.o(.text)
    __aeabi_dadd                             0x0800018d   Thumb Code   322  dadd.o(.text)
    __aeabi_dsub                             0x080002cf   Thumb Code     6  dadd.o(.text)
    __aeabi_drsub                            0x080002d5   Thumb Code     6  dadd.o(.text)
    __aeabi_fcmplt                           0x080002db   Thumb Code    28  fcmplt.o(.text)
    __aeabi_f2d                              0x080002f7   Thumb Code    38  f2d.o(.text)
    __aeabi_d2f                              0x0800031d   Thumb Code    56  d2f.o(.text)
    __aeabi_uidiv                            0x08000355   Thumb Code     0  uidiv.o(.text)
    __aeabi_uidivmod                         0x08000355   Thumb Code    44  uidiv.o(.text)
    __aeabi_llsl                             0x08000381   Thumb Code    30  llshl.o(.text)
    _ll_shift_l                              0x08000381   Thumb Code     0  llshl.o(.text)
    __aeabi_lasr                             0x0800039f   Thumb Code    36  llsshr.o(.text)
    _ll_sshift_r                             0x0800039f   Thumb Code     0  llsshr.o(.text)
    __I$use$fp                               0x080003c3   Thumb Code     0  iusefp.o(.text)
    _float_round                             0x080003c3   Thumb Code    18  fepilogue.o(.text)
    _float_epilogue                          0x080003d5   Thumb Code    92  fepilogue.o(.text)
    _double_round                            0x08000431   Thumb Code    30  depilogue.o(.text)
    _double_epilogue                         0x0800044f   Thumb Code   156  depilogue.o(.text)
    __scatterload                            0x080004ed   Thumb Code    28  init.o(.text)
    __scatterload_rt2                        0x080004ed   Thumb Code     0  init.o(.text)
    __aeabi_llsr                             0x08000511   Thumb Code    32  llushr.o(.text)
    _ll_ushift_r                             0x08000511   Thumb Code     0  llushr.o(.text)
    __decompress                             0x08000531   Thumb Code     0  __dczerorl2.o(.text)
    __decompress1                            0x08000531   Thumb Code    86  __dczerorl2.o(.text)
    BusFault_Handler                         0x08000587   Thumb Code     2  stm32f1xx_it.o(.text.BusFault_Handler)
    DebugMon_Handler                         0x08000589   Thumb Code     2  stm32f1xx_it.o(.text.DebugMon_Handler)
    Error_Handler                            0x0800058b   Thumb Code     8  main.o(.text.Error_Handler)
    HAL_Delay                                0x08000595   Thumb Code    36  stm32f1xx_hal.o(.text.HAL_Delay)
    HAL_GPIO_Init                            0x080005b5   Thumb Code   436  stm32f1xx_hal_gpio.o(.text.HAL_GPIO_Init)
    HAL_GPIO_TogglePin                       0x08000769   Thumb Code    16  stm32f1xx_hal_gpio.o(.text.HAL_GPIO_TogglePin)
    HAL_GPIO_WritePin                        0x08000779   Thumb Code    10  stm32f1xx_hal_gpio.o(.text.HAL_GPIO_WritePin)
    HAL_GetTick                              0x08000785   Thumb Code    12  stm32f1xx_hal.o(.text.HAL_GetTick)
    HAL_I2C_Init                             0x08000791   Thumb Code   388  stm32f1xx_hal_i2c.o(.text.HAL_I2C_Init)
    HAL_I2C_Mem_Write                        0x08000915   Thumb Code   300  stm32f1xx_hal_i2c.o(.text.HAL_I2C_Mem_Write)
    HAL_I2C_MspInit                          0x08000a41   Thumb Code   116  i2c.o(.text.HAL_I2C_MspInit)
    HAL_IncTick                              0x08000aad   Thumb Code    16  stm32f1xx_hal.o(.text.HAL_IncTick)
    HAL_Init                                 0x08000ab9   Thumb Code    36  stm32f1xx_hal.o(.text.HAL_Init)
    HAL_InitTick                             0x08000add   Thumb Code    64  stm32f1xx_hal.o(.text.HAL_InitTick)
    HAL_MspInit                              0x08000b19   Thumb Code    64  stm32f1xx_hal_msp.o(.text.HAL_MspInit)
    HAL_NVIC_EnableIRQ                       0x08000b59   Thumb Code    28  stm32f1xx_hal_cortex.o(.text.HAL_NVIC_EnableIRQ)
    HAL_NVIC_SetPriority                     0x08000b75   Thumb Code    72  stm32f1xx_hal_cortex.o(.text.HAL_NVIC_SetPriority)
    HAL_NVIC_SetPriorityGrouping             0x08000bb9   Thumb Code    32  stm32f1xx_hal_cortex.o(.text.HAL_NVIC_SetPriorityGrouping)
    HAL_RCC_ClockConfig                      0x08000bd9   Thumb Code   312  stm32f1xx_hal_rcc.o(.text.HAL_RCC_ClockConfig)
    HAL_RCC_GetPCLK1Freq                     0x08000d0d   Thumb Code    32  stm32f1xx_hal_rcc.o(.text.HAL_RCC_GetPCLK1Freq)
    HAL_RCC_GetSysClockFreq                  0x08000d29   Thumb Code    88  stm32f1xx_hal_rcc.o(.text.HAL_RCC_GetSysClockFreq)
    HAL_RCC_OscConfig                        0x08000d81   Thumb Code   884  stm32f1xx_hal_rcc.o(.text.HAL_RCC_OscConfig)
    HAL_SPI_Init                             0x080010f5   Thumb Code   182  stm32f1xx_hal_spi.o(.text.HAL_SPI_Init)
    HAL_SPI_MspInit                          0x080011ad   Thumb Code   116  spi.o(.text.HAL_SPI_MspInit)
    HAL_SPI_Transmit                         0x08001221   Thumb Code   376  stm32f1xx_hal_spi.o(.text.HAL_SPI_Transmit)
    HAL_SYSTICK_Config                       0x08001399   Thumb Code    40  stm32f1xx_hal_cortex.o(.text.HAL_SYSTICK_Config)
    HAL_TIMEx_BreakCallback                  0x080013c1   Thumb Code     2  stm32f1xx_hal_tim_ex.o(.text.HAL_TIMEx_BreakCallback)
    HAL_TIMEx_CommutCallback                 0x080013c3   Thumb Code     2  stm32f1xx_hal_tim_ex.o(.text.HAL_TIMEx_CommutCallback)
    HAL_TIMEx_MasterConfigSynchronization    0x080013c5   Thumb Code   128  stm32f1xx_hal_tim_ex.o(.text.HAL_TIMEx_MasterConfigSynchronization)
    HAL_TIM_Base_Init                        0x08001431   Thumb Code    88  stm32f1xx_hal_tim.o(.text.HAL_TIM_Base_Init)
    HAL_TIM_Base_MspInit                     0x08001489   Thumb Code   148  tim.o(.text.HAL_TIM_Base_MspInit)
    HAL_TIM_Base_Start_IT                    0x08001515   Thumb Code   108  stm32f1xx_hal_tim.o(.text.HAL_TIM_Base_Start_IT)
    HAL_TIM_ConfigClockSource                0x08001581   Thumb Code   248  stm32f1xx_hal_tim.o(.text.HAL_TIM_ConfigClockSource)
    HAL_TIM_IC_CaptureCallback               0x08001679   Thumb Code     2  stm32f1xx_hal_tim.o(.text.HAL_TIM_IC_CaptureCallback)
    HAL_TIM_IRQHandler                       0x0800167b   Thumb Code   284  stm32f1xx_hal_tim.o(.text.HAL_TIM_IRQHandler)
    HAL_TIM_OC_DelayElapsedCallback          0x08001797   Thumb Code     2  stm32f1xx_hal_tim.o(.text.HAL_TIM_OC_DelayElapsedCallback)
    HAL_TIM_PWM_PulseFinishedCallback        0x08001799   Thumb Code     2  stm32f1xx_hal_tim.o(.text.HAL_TIM_PWM_PulseFinishedCallback)
    HAL_TIM_PeriodElapsedCallback            0x0800179d   Thumb Code   296  main.o(.text.HAL_TIM_PeriodElapsedCallback)
    HAL_TIM_TriggerCallback                  0x080018c1   Thumb Code     2  stm32f1xx_hal_tim.o(.text.HAL_TIM_TriggerCallback)
    HC595_CS                                 0x080018c5   Thumb Code    48  595driver.o(.text.HC595_CS)
    HC595_Send_Byte                          0x080018f5   Thumb Code    76  595driver.o(.text.HC595_Send_Byte)
    HC595_Send_Multi_Byte                    0x08001941   Thumb Code    32  595driver.o(.text.HC595_Send_Multi_Byte)
    HardFault_Handler                        0x08001961   Thumb Code     2  stm32f1xx_it.o(.text.HardFault_Handler)
    LAB_595_display                          0x08001c4d   Thumb Code    68  595driver.o(.text.LAB_595_display)
    LCD_Display_Words                        0x08001c91   Thumb Code    36  spi_lcd.o(.text.LCD_Display_Words)
    LCE_init                                 0x08001cb5   Thumb Code    76  spi_lcd.o(.text.LCE_init)
    MX_GPIO_Init                             0x08001d01   Thumb Code   220  gpio.o(.text.MX_GPIO_Init)
    MX_I2C1_Init                             0x08001ddd   Thumb Code    64  i2c.o(.text.MX_I2C1_Init)
    MX_SPI1_Init                             0x08001e1d   Thumb Code    80  spi.o(.text.MX_SPI1_Init)
    MX_TIM2_Init                             0x08001e6d   Thumb Code   100  tim.o(.text.MX_TIM2_Init)
    MX_TIM3_Init                             0x08001ed1   Thumb Code   104  tim.o(.text.MX_TIM3_Init)
    MX_TIM5_Init                             0x08001f39   Thumb Code   104  tim.o(.text.MX_TIM5_Init)
    MemManage_Handler                        0x08001fa1   Thumb Code     2  stm32f1xx_it.o(.text.MemManage_Handler)
    NMI_Handler                              0x08001fa3   Thumb Code     2  stm32f1xx_it.o(.text.NMI_Handler)
    OLED_CLS                                 0x08001fa5   Thumb Code     6  i2c_oled.o(.text.OLED_CLS)
    OLED_Fill                                0x08001fad   Thumb Code    60  i2c_oled.o(.text.OLED_Fill)
    OLED_Init                                0x08001fe5   Thumb Code   132  i2c_oled.o(.text.OLED_Init)
    OLED_LAB_DISP                            0x08002065   Thumb Code    16  i2c_oled.o(.text.OLED_LAB_DISP)
    OLED_LAB_DISP_name                       0x08002071   Thumb Code    80  i2c_oled.o(.text.OLED_LAB_DISP_name)
    OLED_SetPos                              0x080020c1   Thumb Code    44  i2c_oled.o(.text.OLED_SetPos)
    OLED_ShowCN                              0x080020ed   Thumb Code    92  i2c_oled.o(.text.OLED_ShowCN)
    OLED_ShowNumber_16                       0x08002149   Thumb Code   196  i2c_oled.o(.text.OLED_ShowNumber_16)
    OLED_ShowStr                             0x0800220d   Thumb Code   252  i2c_oled.o(.text.OLED_ShowStr)
    PendSV_Handler                           0x08002309   Thumb Code     2  stm32f1xx_it.o(.text.PendSV_Handler)
    SVC_Handler                              0x08002405   Thumb Code     2  stm32f1xx_it.o(.text.SVC_Handler)
    SysTick_Handler                          0x08002407   Thumb Code     4  stm32f1xx_it.o(.text.SysTick_Handler)
    SystemClock_Config                       0x0800240b   Thumb Code   102  main.o(.text.SystemClock_Config)
    SystemInit                               0x08002471   Thumb Code     2  system_stm32f1xx.o(.text.SystemInit)
    TIM2_IRQHandler                          0x08002475   Thumb Code    12  stm32f1xx_it.o(.text.TIM2_IRQHandler)
    TIM3_IRQHandler                          0x0800247d   Thumb Code    12  stm32f1xx_it.o(.text.TIM3_IRQHandler)
    TIM5_IRQHandler                          0x08002485   Thumb Code    12  stm32f1xx_it.o(.text.TIM5_IRQHandler)
    TIM_Base_SetConfig                       0x08002491   Thumb Code   132  stm32f1xx_hal_tim.o(.text.TIM_Base_SetConfig)
    UsageFault_Handler                       0x0800255b   Thumb Code     2  stm32f1xx_it.o(.text.UsageFault_Handler)
    WriteCmd                                 0x0800255d   Thumb Code    40  i2c_oled.o(.text.WriteCmd)
    WriteDat                                 0x08002581   Thumb Code    40  i2c_oled.o(.text.WriteDat)
    main                                     0x080025cd   Thumb Code   112  main.o(.text.main)
    spi_wirte_cmd                            0x08002639   Thumb Code    76  spi_lcd.o(.text.spi_wirte_cmd)
    spi_wirte_data                           0x0800267d   Thumb Code    72  spi_lcd.o(.text.spi_wirte_data)
    timer                                    0x080026c5   Thumb Code    48  spi_lcd.o(.text.timer)
    __0snprintf$1                            0x080026f5   Thumb Code    44  printf1.o(i.__0snprintf$1)
    __1snprintf$1                            0x080026f5   Thumb Code     0  printf1.o(i.__0snprintf$1)
    __2snprintf                              0x080026f5   Thumb Code     0  printf1.o(i.__0snprintf$1)
    __scatterload_copy                       0x08002725   Thumb Code    14  handlers.o(i.__scatterload_copy)
    __scatterload_null                       0x08002733   Thumb Code     2  handlers.o(i.__scatterload_null)
    __scatterload_zeroinit                   0x08002735   Thumb Code    14  handlers.o(i.__scatterload_zeroinit)
    AHBPrescTable                            0x080028ae   Data          16  system_stm32f1xx.o(.rodata.AHBPrescTable)
    APBPrescTable                            0x080028be   Data           8  system_stm32f1xx.o(.rodata.APBPrescTable)
    DIG_CS_CA_INVERTED                       0x080028c6   Data           8  595driver.o(.rodata.DIG_CS_CA_INVERTED)
    F6x8                                     0x080028ce   Data         552  i2c_oled.o(.rodata.F6x8)
    F8X16                                    0x08002af6   Data        1520  i2c_oled.o(.rodata.F8X16)
    digitMapCC                               0x080030e6   Data          10  595driver.o(.rodata.digitMapCC)
    Region$$Table$$Base                      0x080030f0   Number         0  anon$$obj.o(Region$$Table)
    Region$$Table$$Limit                     0x08003110   Number         0  anon$$obj.o(Region$$Table)
    uwTickFreq                               0x20000000   Data           1  stm32f1xx_hal.o(.data..L_MergedGlobals)
    uwTickPrio                               0x20000004   Data           4  stm32f1xx_hal.o(.data..L_MergedGlobals)
    uwTick                                   0x20000008   Data           4  stm32f1xx_hal.o(.data..L_MergedGlobals)
    F16x16                                   0x2000000c   Data         768  i2c_oled.o(.data.F16x16)
    LCD_addr                                 0x2000030c   Data          32  spi_lcd.o(.data.LCD_addr)
    SystemCoreClock                          0x2000032c   Data           4  system_stm32f1xx.o(.data.SystemCoreClock)
    LED_status                               0x20000330   Data           4  led.o(.bss.LED_status)
    SPI_timer                                0x20000334   Data           8  spi_lcd.o(.bss.SPI_timer)
    count                                    0x2000033c   Data          32  595driver.o(.bss.count)
    hi2c1                                    0x2000035c   Data          84  i2c.o(.bss.hi2c1)
    hspi1                                    0x200003b0   Data          88  spi.o(.bss.hspi1)
    htim2                                    0x20000408   Data          72  tim.o(.bss.htim2)
    htim3                                    0x20000450   Data          72  tim.o(.bss.htim3)
    htim5                                    0x20000498   Data          72  tim.o(.bss.htim5)
    inter_cnt                                0x200004e0   Data           4  i2c_oled.o(.bss.inter_cnt)
    time                                     0x200004e4   Data           4  spi_lcd.o(.bss.time)
    time595                                  0x200004e8   Data           4  595driver.o(.bss.time595)
    __initial_sp                             0x20000cf0   Data           0  startup_stm32f103xe.o(STACK)



==============================================================================

Memory Map of the image

  Image Entry point : 0x08000131

  Load Region LR_IROM1 (Base: 0x08000000, Size: 0x00003440, Max: 0x00040000, ABSOLUTE, COMPRESSED[0x00003388])

    Execution Region ER_IROM1 (Exec base: 0x08000000, Load base: 0x08000000, Size: 0x00003110, Max: 0x00040000, ABSOLUTE)

    Exec Addr    Load Addr    Size         Type   Attr      Idx    E Section Name        Object

    0x08000000   0x08000000   0x00000130   Data   RO            3    RESET               startup_stm32f103xe.o
    0x08000130   0x08000130   0x00000000   Code   RO         1323  * .ARM.Collect$$$$00000000  mc_w.l(entry.o)
    0x08000130   0x08000130   0x00000004   Code   RO         1601    .ARM.Collect$$$$00000001  mc_w.l(entry2.o)
    0x08000134   0x08000134   0x00000004   Code   RO         1604    .ARM.Collect$$$$00000004  mc_w.l(entry5.o)
    0x08000138   0x08000138   0x00000000   Code   RO         1606    .ARM.Collect$$$$00000008  mc_w.l(entry7b.o)
    0x08000138   0x08000138   0x00000000   Code   RO         1608    .ARM.Collect$$$$0000000A  mc_w.l(entry8b.o)
    0x08000138   0x08000138   0x00000008   Code   RO         1609    .ARM.Collect$$$$0000000B  mc_w.l(entry9a.o)
    0x08000140   0x08000140   0x00000000   Code   RO         1611    .ARM.Collect$$$$0000000D  mc_w.l(entry10a.o)
    0x08000140   0x08000140   0x00000000   Code   RO         1613    .ARM.Collect$$$$0000000F  mc_w.l(entry11a.o)
    0x08000140   0x08000140   0x00000004   Code   RO         1602    .ARM.Collect$$$$00002712  mc_w.l(entry2.o)
    0x08000144   0x08000144   0x00000024   Code   RO            4    .text               startup_stm32f103xe.o
    0x08000168   0x08000168   0x00000024   Code   RO         1326    .text               mc_w.l(memseta.o)
    0x0800018c   0x0800018c   0x0000014e   Code   RO         1591    .text               mf_w.l(dadd.o)
    0x080002da   0x080002da   0x0000001c   Code   RO         1593    .text               mf_w.l(fcmplt.o)
    0x080002f6   0x080002f6   0x00000026   Code   RO         1597    .text               mf_w.l(f2d.o)
    0x0800031c   0x0800031c   0x00000038   Code   RO         1599    .text               mf_w.l(d2f.o)
    0x08000354   0x08000354   0x0000002c   Code   RO         1620    .text               mc_w.l(uidiv.o)
    0x08000380   0x08000380   0x0000001e   Code   RO         1624    .text               mc_w.l(llshl.o)
    0x0800039e   0x0800039e   0x00000024   Code   RO         1626    .text               mc_w.l(llsshr.o)
    0x080003c2   0x080003c2   0x00000000   Code   RO         1628    .text               mc_w.l(iusefp.o)
    0x080003c2   0x080003c2   0x0000006e   Code   RO         1629    .text               mf_w.l(fepilogue.o)
    0x08000430   0x08000430   0x000000ba   Code   RO         1631    .text               mf_w.l(depilogue.o)
    0x080004ea   0x080004ea   0x00000002   PAD
    0x080004ec   0x080004ec   0x00000024   Code   RO         1641    .text               mc_w.l(init.o)
    0x08000510   0x08000510   0x00000020   Code   RO         1644    .text               mc_w.l(llushr.o)
    0x08000530   0x08000530   0x00000056   Code   RO         1655    .text               mc_w.l(__dczerorl2.o)
    0x08000586   0x08000586   0x00000002   Code   RO          110    .text.BusFault_Handler  stm32f1xx_it.o
    0x08000588   0x08000588   0x00000002   Code   RO          116    .text.DebugMon_Handler  stm32f1xx_it.o
    0x0800058a   0x0800058a   0x00000008   Code   RO           15    .text.Error_Handler  main.o
    0x08000592   0x08000592   0x00000002   PAD
    0x08000594   0x08000594   0x00000020   Code   RO          496    .text.HAL_Delay     stm32f1xx_hal.o
    0x080005b4   0x080005b4   0x000001b4   Code   RO          594    .text.HAL_GPIO_Init  stm32f1xx_hal_gpio.o
    0x08000768   0x08000768   0x00000010   Code   RO          602    .text.HAL_GPIO_TogglePin  stm32f1xx_hal_gpio.o
    0x08000778   0x08000778   0x0000000a   Code   RO          600    .text.HAL_GPIO_WritePin  stm32f1xx_hal_gpio.o
    0x08000782   0x08000782   0x00000002   PAD
    0x08000784   0x08000784   0x0000000c   Code   RO          488    .text.HAL_GetTick   stm32f1xx_hal.o
    0x08000790   0x08000790   0x00000184   Code   RO          341    .text.HAL_I2C_Init  stm32f1xx_hal_i2c.o
    0x08000914   0x08000914   0x0000012c   Code   RO          385    .text.HAL_I2C_Mem_Write  stm32f1xx_hal_i2c.o
    0x08000a40   0x08000a40   0x0000006c   Code   RO           46    .text.HAL_I2C_MspInit  i2c.o
    0x08000aac   0x08000aac   0x0000000c   Code   RO          486    .text.HAL_IncTick   stm32f1xx_hal.o
    0x08000ab8   0x08000ab8   0x00000024   Code   RO          476    .text.HAL_Init      stm32f1xx_hal.o
    0x08000adc   0x08000adc   0x0000003c   Code   RO          478    .text.HAL_InitTick  stm32f1xx_hal.o
    0x08000b18   0x08000b18   0x00000040   Code   RO          138    .text.HAL_MspInit   stm32f1xx_hal_msp.o
    0x08000b58   0x08000b58   0x0000001c   Code   RO          664    .text.HAL_NVIC_EnableIRQ  stm32f1xx_hal_cortex.o
    0x08000b74   0x08000b74   0x00000044   Code   RO          660    .text.HAL_NVIC_SetPriority  stm32f1xx_hal_cortex.o
    0x08000bb8   0x08000bb8   0x00000020   Code   RO          658    .text.HAL_NVIC_SetPriorityGrouping  stm32f1xx_hal_cortex.o
    0x08000bd8   0x08000bd8   0x00000134   Code   RO          542    .text.HAL_RCC_ClockConfig  stm32f1xx_hal_rcc.o
    0x08000d0c   0x08000d0c   0x0000001c   Code   RO          554    .text.HAL_RCC_GetPCLK1Freq  stm32f1xx_hal_rcc.o
    0x08000d28   0x08000d28   0x00000058   Code   RO          544    .text.HAL_RCC_GetSysClockFreq  stm32f1xx_hal_rcc.o
    0x08000d80   0x08000d80   0x00000374   Code   RO          540    .text.HAL_RCC_OscConfig  stm32f1xx_hal_rcc.o
    0x080010f4   0x080010f4   0x000000b6   Code   RO          846    .text.HAL_SPI_Init  stm32f1xx_hal_spi.o
    0x080011aa   0x080011aa   0x00000002   PAD
    0x080011ac   0x080011ac   0x00000074   Code   RO           64    .text.HAL_SPI_MspInit  spi.o
    0x08001220   0x08001220   0x00000178   Code   RO          854    .text.HAL_SPI_Transmit  stm32f1xx_hal_spi.o
    0x08001398   0x08001398   0x00000028   Code   RO          672    .text.HAL_SYSTICK_Config  stm32f1xx_hal_cortex.o
    0x080013c0   0x080013c0   0x00000002   Code   RO         1289    .text.HAL_TIMEx_BreakCallback  stm32f1xx_hal_tim_ex.o
    0x080013c2   0x080013c2   0x00000002   Code   RO         1285    .text.HAL_TIMEx_CommutCallback  stm32f1xx_hal_tim_ex.o
    0x080013c4   0x080013c4   0x0000006c   Code   RO         1279    .text.HAL_TIMEx_MasterConfigSynchronization  stm32f1xx_hal_tim_ex.o
    0x08001430   0x08001430   0x00000058   Code   RO          967    .text.HAL_TIM_Base_Init  stm32f1xx_hal_tim.o
    0x08001488   0x08001488   0x0000008c   Code   RO           86    .text.HAL_TIM_Base_MspInit  tim.o
    0x08001514   0x08001514   0x0000006c   Code   RO          981    .text.HAL_TIM_Base_Start_IT  stm32f1xx_hal_tim.o
    0x08001580   0x08001580   0x000000f8   Code   RO         1155    .text.HAL_TIM_ConfigClockSource  stm32f1xx_hal_tim.o
    0x08001678   0x08001678   0x00000002   Code   RO         1103    .text.HAL_TIM_IC_CaptureCallback  stm32f1xx_hal_tim.o
    0x0800167a   0x0800167a   0x0000011c   Code   RO         1101    .text.HAL_TIM_IRQHandler  stm32f1xx_hal_tim.o
    0x08001796   0x08001796   0x00000002   Code   RO         1105    .text.HAL_TIM_OC_DelayElapsedCallback  stm32f1xx_hal_tim.o
    0x08001798   0x08001798   0x00000002   Code   RO         1107    .text.HAL_TIM_PWM_PulseFinishedCallback  stm32f1xx_hal_tim.o
    0x0800179a   0x0800179a   0x00000002   PAD
    0x0800179c   0x0800179c   0x00000124   Code   RO           17    .text.HAL_TIM_PeriodElapsedCallback  main.o
    0x080018c0   0x080018c0   0x00000002   Code   RO         1111    .text.HAL_TIM_TriggerCallback  stm32f1xx_hal_tim.o
    0x080018c2   0x080018c2   0x00000002   PAD
    0x080018c4   0x080018c4   0x00000030   Code   RO          301    .text.HC595_CS      595driver.o
    0x080018f4   0x080018f4   0x0000004c   Code   RO          299    .text.HC595_Send_Byte  595driver.o
    0x08001940   0x08001940   0x00000020   Code   RO          303    .text.HC595_Send_Multi_Byte  595driver.o
    0x08001960   0x08001960   0x00000002   Code   RO          106    .text.HardFault_Handler  stm32f1xx_it.o
    0x08001962   0x08001962   0x00000002   PAD
    0x08001964   0x08001964   0x00000030   Code   RO          463    .text.I2C_IsAcknowledgeFailed  stm32f1xx_hal_i2c.o
    0x08001994   0x08001994   0x000000bc   Code   RO          387    .text.I2C_RequestMemoryWrite  stm32f1xx_hal_i2c.o
    0x08001a50   0x08001a50   0x0000005a   Code   RO          355    .text.I2C_WaitOnBTFFlagUntilTimeout  stm32f1xx_hal_i2c.o
    0x08001aaa   0x08001aaa   0x00000092   Code   RO          351    .text.I2C_WaitOnFlagUntilTimeout  stm32f1xx_hal_i2c.o
    0x08001b3c   0x08001b3c   0x000000b4   Code   RO          461    .text.I2C_WaitOnMasterAddressFlagUntilTimeout  stm32f1xx_hal_i2c.o
    0x08001bf0   0x08001bf0   0x0000005a   Code   RO          353    .text.I2C_WaitOnTXEFlagUntilTimeout  stm32f1xx_hal_i2c.o
    0x08001c4a   0x08001c4a   0x00000002   PAD
    0x08001c4c   0x08001c4c   0x00000044   Code   RO          305    .text.LAB_595_display  595driver.o
    0x08001c90   0x08001c90   0x00000024   Code   RO          233    .text.LCD_Display_Words  spi_lcd.o
    0x08001cb4   0x08001cb4   0x0000004c   Code   RO          231    .text.LCE_init      spi_lcd.o
    0x08001d00   0x08001d00   0x000000dc   Code   RO           31    .text.MX_GPIO_Init  gpio.o
    0x08001ddc   0x08001ddc   0x00000040   Code   RO           44    .text.MX_I2C1_Init  i2c.o
    0x08001e1c   0x08001e1c   0x00000050   Code   RO           62    .text.MX_SPI1_Init  spi.o
    0x08001e6c   0x08001e6c   0x00000064   Code   RO           80    .text.MX_TIM2_Init  tim.o
    0x08001ed0   0x08001ed0   0x00000068   Code   RO           82    .text.MX_TIM3_Init  tim.o
    0x08001f38   0x08001f38   0x00000068   Code   RO           84    .text.MX_TIM5_Init  tim.o
    0x08001fa0   0x08001fa0   0x00000002   Code   RO          108    .text.MemManage_Handler  stm32f1xx_it.o
    0x08001fa2   0x08001fa2   0x00000002   Code   RO          104    .text.NMI_Handler   stm32f1xx_it.o
    0x08001fa4   0x08001fa4   0x00000006   Code   RO          261    .text.OLED_CLS      i2c_oled.o
    0x08001faa   0x08001faa   0x00000002   PAD
    0x08001fac   0x08001fac   0x00000038   Code   RO          259    .text.OLED_Fill     i2c_oled.o
    0x08001fe4   0x08001fe4   0x00000080   Code   RO          255    .text.OLED_Init     i2c_oled.o
    0x08002064   0x08002064   0x0000000c   Code   RO          279    .text.OLED_LAB_DISP  i2c_oled.o
    0x08002070   0x08002070   0x00000050   Code   RO          277    .text.OLED_LAB_DISP_name  i2c_oled.o
    0x080020c0   0x080020c0   0x0000002c   Code   RO          257    .text.OLED_SetPos   i2c_oled.o
    0x080020ec   0x080020ec   0x0000005c   Code   RO          269    .text.OLED_ShowCN   i2c_oled.o
    0x08002148   0x08002148   0x000000c4   Code   RO          275    .text.OLED_ShowNumber_16  i2c_oled.o
    0x0800220c   0x0800220c   0x000000fc   Code   RO          267    .text.OLED_ShowStr  i2c_oled.o
    0x08002308   0x08002308   0x00000002   Code   RO          118    .text.PendSV_Handler  stm32f1xx_it.o
    0x0800230a   0x0800230a   0x00000038   Code   RO          856    .text.SPI_EndRxTxTransaction  stm32f1xx_hal_spi.o
    0x08002342   0x08002342   0x00000002   PAD
    0x08002344   0x08002344   0x000000c0   Code   RO          954    .text.SPI_WaitFlagStateUntilTimeout  stm32f1xx_hal_spi.o
    0x08002404   0x08002404   0x00000002   Code   RO          114    .text.SVC_Handler   stm32f1xx_it.o
    0x08002406   0x08002406   0x00000004   Code   RO          120    .text.SysTick_Handler  stm32f1xx_it.o
    0x0800240a   0x0800240a   0x00000066   Code   RO           13    .text.SystemClock_Config  main.o
    0x08002470   0x08002470   0x00000002   Code   RO         1306    .text.SystemInit    system_stm32f1xx.o
    0x08002472   0x08002472   0x00000002   PAD
    0x08002474   0x08002474   0x00000008   Code   RO          122    .text.TIM2_IRQHandler  stm32f1xx_it.o
    0x0800247c   0x0800247c   0x00000008   Code   RO          124    .text.TIM3_IRQHandler  stm32f1xx_it.o
    0x08002484   0x08002484   0x0000000c   Code   RO          126    .text.TIM5_IRQHandler  stm32f1xx_it.o
    0x08002490   0x08002490   0x00000084   Code   RO          971    .text.TIM_Base_SetConfig  stm32f1xx_hal_tim.o
    0x08002514   0x08002514   0x00000022   Code   RO         1157    .text.TIM_TI1_ConfigInputStage  stm32f1xx_hal_tim.o
    0x08002536   0x08002536   0x00000024   Code   RO         1159    .text.TIM_TI2_ConfigInputStage  stm32f1xx_hal_tim.o
    0x0800255a   0x0800255a   0x00000002   Code   RO          112    .text.UsageFault_Handler  stm32f1xx_it.o
    0x0800255c   0x0800255c   0x00000024   Code   RO          251    .text.WriteCmd      i2c_oled.o
    0x08002580   0x08002580   0x00000028   Code   RO          253    .text.WriteDat      i2c_oled.o
    0x080025a8   0x080025a8   0x00000024   Code   RO          662    .text.__NVIC_SetPriority  stm32f1xx_hal_cortex.o
    0x080025cc   0x080025cc   0x0000006c   Code   RO           11    .text.main          main.o
    0x08002638   0x08002638   0x00000044   Code   RO          229    .text.spi_wirte_cmd  spi_lcd.o
    0x0800267c   0x0800267c   0x00000048   Code   RO          227    .text.spi_wirte_data  spi_lcd.o
    0x080026c4   0x080026c4   0x00000030   Code   RO          235    .text.timer         spi_lcd.o
    0x080026f4   0x080026f4   0x00000030   Code   RO         1374    i.__0snprintf$1     mc_w.l(printf1.o)
    0x08002724   0x08002724   0x0000000e   Code   RO         1649    i.__scatterload_copy  mc_w.l(handlers.o)
    0x08002732   0x08002732   0x00000002   Code   RO         1650    i.__scatterload_null  mc_w.l(handlers.o)
    0x08002734   0x08002734   0x0000000e   Code   RO         1651    i.__scatterload_zeroinit  mc_w.l(handlers.o)
    0x08002742   0x08002742   0x00000002   PAD
    0x08002744   0x08002744   0x00000154   Code   RO         1380    i._printf_core      mc_w.l(printf1.o)
    0x08002898   0x08002898   0x00000016   Code   RO         1381    i._snputc           mc_w.l(printf1.o)
    0x080028ae   0x080028ae   0x00000010   Data   RO         1311    .rodata.AHBPrescTable  system_stm32f1xx.o
    0x080028be   0x080028be   0x00000008   Data   RO         1312    .rodata.APBPrescTable  system_stm32f1xx.o
    0x080028c6   0x080028c6   0x00000008   Data   RO          311    .rodata.DIG_CS_CA_INVERTED  595driver.o
    0x080028ce   0x080028ce   0x00000228   Data   RO          282    .rodata.F6x8        i2c_oled.o
    0x08002af6   0x08002af6   0x000005f0   Data   RO          283    .rodata.F8X16       i2c_oled.o
    0x080030e6   0x080030e6   0x0000000a   Data   RO          309    .rodata.digitMapCC  595driver.o
    0x080030f0   0x080030f0   0x00000020   Data   RO         1647    Region$$Table       anon$$obj.o


    Execution Region RW_IRAM1 (Exec base: 0x20000000, Load base: 0x08003110, Size: 0x00000cf0, Max: 0x0000c000, ABSOLUTE, COMPRESSED[0x00000278])

    Exec Addr    Load Addr    Size         Type   Attr      Idx    E Section Name        Object

    0x20000000   COMPRESSED   0x0000000c   Data   RW          526    .data..L_MergedGlobals  stm32f1xx_hal.o
    0x2000000c   COMPRESSED   0x00000300   Data   RW          281    .data.F16x16        i2c_oled.o
    0x2000030c   COMPRESSED   0x00000020   Data   RW          238    .data.LCD_addr      spi_lcd.o
    0x2000032c   COMPRESSED   0x00000004   Data   RW         1310    .data.SystemCoreClock  system_stm32f1xx.o
    0x20000330        -       0x00000004   Zero   RW          151    .bss.LED_status     led.o
    0x20000334        -       0x00000008   Zero   RW          239    .bss.SPI_timer      spi_lcd.o
    0x2000033c        -       0x00000020   Zero   RW          312    .bss.count          595driver.o
    0x2000035c        -       0x00000054   Zero   RW           50    .bss.hi2c1          i2c.o
    0x200003b0        -       0x00000058   Zero   RW           68    .bss.hspi1          spi.o
    0x20000408        -       0x00000048   Zero   RW           90    .bss.htim2          tim.o
    0x20000450        -       0x00000048   Zero   RW           91    .bss.htim3          tim.o
    0x20000498        -       0x00000048   Zero   RW           92    .bss.htim5          tim.o
    0x200004e0        -       0x00000004   Zero   RW          287    .bss.inter_cnt      i2c_oled.o
    0x200004e4        -       0x00000004   Zero   RW          237    .bss.time           spi_lcd.o
    0x200004e8        -       0x00000004   Zero   RW          307    .bss.time595        595driver.o
    0x200004ec   COMPRESSED   0x00000004   PAD
    0x200004f0        -       0x00000800   Zero   RW            1    STACK               startup_stm32f103xe.o


==============================================================================

Image component sizes


      Code (inc. data)   RO Data    RW Data    ZI Data      Debug   Object Name

       224         20         18          0         36       2230   595driver.o
       220         16          0          0          0       1866   gpio.o
       172         24          0          0         84       5061   i2c.o
       942         44       2072        768          4       5024   i2c_oled.o
         0          0          0          0          4        326   led.o
       510         56          0          0          0       5917   main.o
       196         16          0          0         88       4705   spi.o
       300         44          0         32         12       2126   spi_lcd.o
        36          8        304          0       2048        748   startup_stm32f103xe.o
       152         12          0         12          0       6859   stm32f1xx_hal.o
       204         28          0          0          0       9180   stm32f1xx_hal_cortex.o
       462         52          0          0          0       4739   stm32f1xx_hal_gpio.o
      1430         36          0          0          0      39291   stm32f1xx_hal_i2c.o
        64          8          0          0          0       1328   stm32f1xx_hal_msp.o
      1308         72          0          0          0       7642   stm32f1xx_hal_rcc.o
       806          4          0          0          0      20729   stm32f1xx_hal_spi.o
       938         40          0          0          0      42635   stm32f1xx_hal_tim.o
       112          0          0          0          0      18026   stm32f1xx_hal_tim_ex.o
        48          4          0          0          0       1513   stm32f1xx_it.o
         2          0         24          4          0       1689   system_stm32f1xx.o
       448         24          0          0        216       7210   tim.o

    ----------------------------------------------------------------------
      8594        508       2450        816       2496     188844   Object Totals
         0          0         32          0          0          0   (incl. Generated)
        20          0          0          0          4          0   (incl. Padding)

    ----------------------------------------------------------------------

      Code (inc. data)   RO Data    RW Data    ZI Data      Debug   Library Member Name

        86          0          0          0          0          0   __dczerorl2.o
         0          0          0          0          0          0   entry.o
         0          0          0          0          0          0   entry10a.o
         0          0          0          0          0          0   entry11a.o
         8          4          0          0          0          0   entry2.o
         4          0          0          0          0          0   entry5.o
         0          0          0          0          0          0   entry7b.o
         0          0          0          0          0          0   entry8b.o
         8          4          0          0          0          0   entry9a.o
        30          0          0          0          0          0   handlers.o
        36          8          0          0          0         68   init.o
         0          0          0          0          0          0   iusefp.o
        30          0          0          0          0         68   llshl.o
        36          0          0          0          0         68   llsshr.o
        32          0          0          0          0         68   llushr.o
        36          0          0          0          0        108   memseta.o
       410          8          0          0          0        252   printf1.o
        44          0          0          0          0         80   uidiv.o
        56          0          0          0          0         88   d2f.o
       334          0          0          0          0        148   dadd.o
       186          0          0          0          0        176   depilogue.o
        38          0          0          0          0         68   f2d.o
        28          0          0          0          0         68   fcmplt.o
       110          0          0          0          0        168   fepilogue.o

    ----------------------------------------------------------------------
      1516         24          0          0          0       1428   Library Totals
         4          0          0          0          0          0   (incl. Padding)

    ----------------------------------------------------------------------

      Code (inc. data)   RO Data    RW Data    ZI Data      Debug   Library Name

       760         24          0          0          0        712   mc_w.l
       752          0          0          0          0        716   mf_w.l

    ----------------------------------------------------------------------
      1516         24          0          0          0       1428   Library Totals

    ----------------------------------------------------------------------

==============================================================================


      Code (inc. data)   RO Data    RW Data    ZI Data      Debug   

     10110        532       2450        816       2496     189592   Grand Totals
     10110        532       2450        632       2496     189592   ELF Image Totals (compressed)
     10110        532       2450        632          0          0   ROM Totals

==============================================================================

    Total RO  Size (Code + RO Data)                12560 (  12.27kB)
    Total RW  Size (RW Data + ZI Data)              3312 (   3.23kB)
    Total ROM Size (Code + RO Data + RW Data)      13192 (  12.88kB)

==============================================================================

