<html>
<body>
<pre>
<h1>�Vision Build Log</h1>
<h2>Tool Versions:</h2>
IDE-Version: ��Vision V5.41.0.0
Copyright (C) 2024 ARM Ltd and ARM Germany GmbH. All rights reserved.
License Information: YOUNG HT, CQU, LIC=----
 
Tool Versions:
Toolchain:       MDK-Lite  Version: 5.41.0.0
Toolchain Path:  D:\Users\ZhuanZ\AppData\Local\Keil_v5\ARM\ARMCLANG\Bin
C Compiler:      ArmClang.exe V6.22
Assembler:       Armasm.exe V6.22
Linker/Locator:  ArmLink.exe V6.22
Library Manager: ArmAr.exe V6.22
Hex Converter:   FromElf.exe V6.22
CPU DLL:         SARMCM3.DLL V5.41.0.0
Dialog DLL:      DCM.DLL V1.17.5.0
Target DLL:      STLink\ST-LINKIII-KEIL_SWO.dll V3.3.0.0
Dialog DLL:      TCM.DLL V1.56.4.0
 
<h2>Project:</h2>
D:\Study\CQU_Study\Computer_Control\computer_control\lab7\MDK-ARM\lab1.uvprojx
Project File Date:  04/25/2025

<h2>Output:</h2>
*** Using Compiler 'V6.22', folder: 'D:\Users\ZhuanZ\AppData\Local\Keil_v5\ARM\ARMCLANG\Bin'
Build target 'lab1'
../Core/Src/SPI_LCD.c(69): warning: passing 'char[13]' to parameter of type 'unsigned char *' converts between pointers to integer types where one is of the unique plain 'char' type and the other is not [-Wpointer-sign]
   69 |   LCD_Display_Words(0,0,"current key:");
      |                         ^~~~~~~~~~~~~~
../Core/Src/SPI_LCD.c(56): note: passing argument to parameter 'str' here
   56 | void LCD_Display_Words(unsigned char x,unsigned char y,unsigned char*str)
      |                                                                      ^
../Core/Src/SPI_LCD.c(70): warning: passing 'char[2]' to parameter of type 'unsigned char *' converts between pointers to integer types where one is of the unique plain 'char' type and the other is not [-Wpointer-sign]
   70 |         LCD_Display_Words(1,0,"9");
      |                               ^~~
../Core/Src/SPI_LCD.c(56): note: passing argument to parameter 'str' here
   56 | void LCD_Display_Words(unsigned char x,unsigned char y,unsigned char*str)
      |                                                                      ^
../Core/Src/SPI_LCD.c(84): warning: passing 'char[8]' to parameter of type 'unsigned char *' converts between pointers to integer types where one is of the unique plain 'char' type and the other is not [-Wpointer-sign]
   84 |     LCD_Display_Words(0, 0, "forward");
      |                             ^~~~~~~~~
../Core/Src/SPI_LCD.c(56): note: passing argument to parameter 'str' here
   56 | void LCD_Display_Words(unsigned char x,unsigned char y,unsigned char*str)
      |                                                                      ^
../Core/Src/SPI_LCD.c(86): warning: passing 'char[9]' to parameter of type 'unsigned char *' converts between pointers to integer types where one is of the unique plain 'char' type and the other is not [-Wpointer-sign]
   86 |     LCD_Display_Words(0, 0, "backward");
      |                             ^~~~~~~~~~
../Core/Src/SPI_LCD.c(56): note: passing argument to parameter 'str' here
   56 | void LCD_Display_Words(unsigned char x,unsigned char y,unsigned char*str)
      |                                                                      ^
../Core/Src/SPI_LCD.c(88): warning: passing 'char[5]' to parameter of type 'unsigned char *' converts between pointers to integer types where one is of the unique plain 'char' type and the other is not [-Wpointer-sign]
   88 |     LCD_Display_Words(0, 0, "stop");
      |                             ^~~~~~
../Core/Src/SPI_LCD.c(56): note: passing argument to parameter 'str' here
   56 | void LCD_Display_Words(unsigned char x,unsigned char y,unsigned char*str)
      |                                                                      ^
../Core/Src/SPI_LCD.c(91): warning: passing 'char[8]' to parameter of type 'unsigned char *' converts between pointers to integer types where one is of the unique plain 'char' type and the other is not [-Wpointer-sign]
   91 |   LCD_Display_Words(1, 0, PWM_Ratio_char); //打印PWM占空比
      |                           ^~~~~~~~~~~~~~
../Core/Src/SPI_LCD.c(56): note: passing argument to parameter 'str' here
   56 | void LCD_Display_Words(unsigned char x,unsigned char y,unsigned char*str)
      |                                                                      ^
../Core/Src/SPI_LCD.c(93): warning: passing 'char[8]' to parameter of type 'unsigned char *' converts between pointers to integer types where one is of the unique plain 'char' type and the other is not [-Wpointer-sign]
   93 |   LCD_Display_Words(2, 0, RPM_char); //打印电机转速
      |                           ^~~~~~~~
../Core/Src/SPI_LCD.c(56): note: passing argument to parameter 'str' here
   56 | void LCD_Display_Words(unsigned char x,unsigned char y,unsigned char*str)
      |                                                                      ^
7 warnings generated.
compiling SPI_LCD.c...
linking...
Program Size: Code=17070 RO-data=694 RW-data=116 ZI-data=1716  
FromELF: creating hex file...
"lab1\lab1.axf" - 0 Error(s), 7 Warning(s).

<h2>Software Packages used:</h2>

Package Vendor: ARM
                https://www.keil.com/pack/ARM.CMSIS.6.1.0.pack
                ARM::CMSIS@6.1.0
                CMSIS (Common Microcontroller Software Interface Standard)
   * Component: CORE Version: 6.1.0

Package Vendor: Keil
                https://www.keil.com/pack/Keil.STM32F1xx_DFP.2.4.1.pack
                Keil::STM32F1xx_DFP@2.4.1
                STMicroelectronics STM32F1 Series Device Support, Drivers and Examples

<h2>Collection of Component include folders:</h2>
  ./RTE/_lab1
  D:/Users/ZhuanZ/AppData/Local/Arm/Packs/ARM/CMSIS/6.1.0/CMSIS/Core/Include
  D:/Users/ZhuanZ/AppData/Local/Arm/Packs/Keil/STM32F1xx_DFP/2.4.1/Device/Include

<h2>Collection of Component Files used:</h2>

   * Component: ARM::CMSIS:CORE@6.1.0
      Include file:  CMSIS/Core/Include/tz_context.h
Build Time Elapsed:  00:00:06
</pre>
</body>
</html>
