<html>
<body>
<pre>
<h1>�Vision Build Log</h1>
<h2>Tool Versions:</h2>
IDE-Version: ��Vision V5.41.0.0
Copyright (C) 2024 ARM Ltd and ARM Germany GmbH. All rights reserved.
License Information: YOUNG HT, CQU, LIC=----
 
Tool Versions:
Toolchain:       MDK-Lite  Version: 5.41.0.0
Toolchain Path:  D:\Users\ZhuanZ\AppData\Local\Keil_v5\ARM\ARMCLANG\Bin
C Compiler:      ArmClang.exe V6.22
Assembler:       Armasm.exe V6.22
Linker/Locator:  ArmLink.exe V6.22
Library Manager: ArmAr.exe V6.22
Hex Converter:   FromElf.exe V6.22
CPU DLL:         SARMCM3.DLL V5.41.0.0
Dialog DLL:      DCM.DLL V1.17.5.0
Target DLL:      STLink\ST-LINKIII-KEIL_SWO.dll V3.3.0.0
Dialog DLL:      TCM.DLL V1.56.4.0
 
<h2>Project:</h2>
D:\Study\CQU_Study\Computer_Control\computer_control\lab4\MDK-ARM\lab1.uvprojx
Project File Date:  04/11/2025

<h2>Output:</h2>
*** Using Compiler 'V6.22', folder: 'D:\Users\ZhuanZ\AppData\Local\Keil_v5\ARM\ARMCLANG\Bin'
Rebuild target 'lab1'
compiling gpio.c...
compiling AD1674.c...
assembling startup_stm32f103xe.s...
compiling LED.c...
../Core/Src/SPI_LCD.c(72): warning: passing 'char *' to parameter of type 'unsigned char *' converts between pointers to integer types where one is of the unique plain 'char' type and the other is not [-Wpointer-sign]
   72 |   LCD_Display_Words(0, 0, AD1674);
      |                           ^~~~~~
../Core/Src/SPI_LCD.c(54): note: passing argument to parameter 'str' here
   54 | void LCD_Display_Words(unsigned char x,unsigned char y,unsigned char*str)
      |                                                                      ^
../Core/Src/SPI_LCD.c(77): warning: passing 'char *' to parameter of type 'unsigned char *' converts between pointers to integer types where one is of the unique plain 'char' type and the other is not [-Wpointer-sign]
   77 |   LCD_Display_Words(2, 0, ADC);
      |                           ^~~
../Core/Src/SPI_LCD.c(54): note: passing argument to parameter 'str' here
   54 | void LCD_Display_Words(unsigned char x,unsigned char y,unsigned char*str)
      |                                                                      ^
2 warnings generated.
compiling SPI_LCD.c...
compiling i2c.c...
compiling adc.c...
../Core/Src/595Driver.c(119): warning: passing 'char[2]' to parameter of type 'unsigned char *' converts between pointers to integer types where one is of the unique plain 'char' type and the other is not [-Wpointer-sign]
  119 |                         HC595_Send_Multi_Byte(cmd, 2);  
      |                                               ^~~
../Core/Src/595Driver.c(94): note: passing argument to parameter 'data' here
   94 | void HC595_Send_Multi_Byte(unsigned char *data, unsigned short int len)
      |                                           ^
1 warning generated.
compiling 595Driver.c...
compiling main.c...
../Core/Src/I2C_OLED.c(371): warning: passing 'char[5]' to parameter of type 'unsigned char *' converts between pointers to integer types where one is of the unique plain 'char' type and the other is not [-Wpointer-sign]
  371 |       OLED_ShowStr(0,0,"OLED",2);  //"OLED"
      |                        ^~~~~~
../Core/Src/I2C_OLED.c(268): note: passing argument to parameter 'ch' here
  268 | void OLED_ShowStr(unsigned char x, unsigned char y, unsigned char ch[], unsigned char TextSize)
      |                                                                   ^
../Core/Src/I2C_OLED.c(428): warning: passing 'char[9]' to parameter of type 'unsigned char *' converts between pointers to integer types where one is of the unique plain 'char' type and the other is not [-Wpointer-sign]
  428 |           OLED_ShowStr(0,2,"20221689",2);  //"OLED"
      |                            ^~~~~~~~~~
../Core/Src/I2C_OLED.c(268): note: passing argument to parameter 'ch' here
  268 | void OLED_ShowStr(unsigned char x, unsigned char y, unsigned char ch[], unsigned char TextSize)
      |                                                                   ^
2 warnings generated.
compiling I2C_OLED.c...
../Core/Src/SoftWare_LCD_Driver.c(574): warning: passing 'char[13]' to parameter of type 'unsigned char *' converts between pointers to integer types where one is of the unique plain 'char' type and the other is not [-Wpointer-sign]
  574 |     DisplayAt(0,1,"重庆大学");
      |                   ^~~~~~~~~~
../Core/Src/SoftWare_LCD_Driver.c(462): note: passing argument to parameter 'p' here
  462 | void DisplayAt(unsigned char hang,unsigned char lie,unsigned char *p)
      |                                                                    ^
../Core/Src/SoftWare_LCD_Driver.c(578): warning: passing 'char[16]' to parameter of type 'unsigned char *' converts between pointers to integer types where one is of the unique plain 'char' type and the other is not [-Wpointer-sign]
  578 |     DisplayAt(1,0,"自动化学院");
      |                   ^~~~~~~~~~~~
../Core/Src/SoftWare_LCD_Driver.c(462): note: passing argument to parameter 'p' here
  462 | void DisplayAt(unsigned char hang,unsigned char lie,unsigned char *p)
      |                                                                    ^
../Core/Src/SoftWare_LCD_Driver.c(583): warning: passing 'char[25]' to parameter of type 'unsigned char *' converts between pointers to integer types where one is of the unique plain 'char' type and the other is not [-Wpointer-sign]
  583 |     DisplayAt(2,0,"二零二二一六八九");
      |                   ^~~~~~~~~~~~~~~~~~
../Core/Src/SoftWare_LCD_Driver.c(462): note: passing argument to parameter 'p' here
  462 | void DisplayAt(unsigned char hang,unsigned char lie,unsigned char *p)
      |                                                                    ^
../Core/Src/SoftWare_LCD_Driver.c(587): warning: passing 'char[8]' to parameter of type 'unsigned char *' converts between pointers to integer types where one is of the unique plain 'char' type and the other is not [-Wpointer-sign]
  587 |     DisplayAt(3,2,"2021689");
      |                   ^~~~~~~~~
../Core/Src/SoftWare_LCD_Driver.c(462): note: passing argument to parameter 'p' here
  462 | void DisplayAt(unsigned char hang,unsigned char lie,unsigned char *p)
      |                                                                    ^
4 warnings generated.
compiling SoftWare_LCD_Driver.c...
compiling spi.c...
compiling tim.c...
compiling stm32f1xx_it.c...
compiling stm32f1xx_hal_msp.c...
compiling stm32f1xx_hal_gpio_ex.c...
compiling stm32f1xx_hal.c...
compiling stm32f1xx_hal_adc_ex.c...
compiling stm32f1xx_hal_rcc.c...
compiling stm32f1xx_hal_adc.c...
compiling stm32f1xx_hal_rcc_ex.c...
compiling stm32f1xx_hal_gpio.c...
compiling stm32f1xx_hal_pwr.c...
compiling stm32f1xx_hal_cortex.c...
compiling stm32f1xx_hal_dma.c...
compiling stm32f1xx_hal_flash.c...
compiling stm32f1xx_hal_exti.c...
compiling stm32f1xx_hal_flash_ex.c...
compiling system_stm32f1xx.c...
compiling stm32f1xx_hal_tim_ex.c...
compiling stm32f1xx_hal_spi.c...
compiling stm32f1xx_hal_tim.c...
compiling stm32f1xx_hal_i2c.c...
linking...
Program Size: Code=11722 RO-data=394 RW-data=52 ZI-data=1548  
FromELF: creating hex file...
"lab1\lab1.axf" - 0 Error(s), 9 Warning(s).

<h2>Software Packages used:</h2>

Package Vendor: ARM
                https://www.keil.com/pack/ARM.CMSIS.6.1.0.pack
                ARM::CMSIS@6.1.0
                CMSIS (Common Microcontroller Software Interface Standard)
   * Component: CORE Version: 6.1.0

Package Vendor: Keil
                https://www.keil.com/pack/Keil.STM32F1xx_DFP.2.4.1.pack
                Keil::STM32F1xx_DFP@2.4.1
                STMicroelectronics STM32F1 Series Device Support, Drivers and Examples

<h2>Collection of Component include folders:</h2>
  ./RTE/_lab1
  D:/Users/ZhuanZ/AppData/Local/Arm/Packs/ARM/CMSIS/6.1.0/CMSIS/Core/Include
  D:/Users/ZhuanZ/AppData/Local/Arm/Packs/Keil/STM32F1xx_DFP/2.4.1/Device/Include

<h2>Collection of Component Files used:</h2>

   * Component: ARM::CMSIS:CORE@6.1.0
      Include file:  CMSIS/Core/Include/tz_context.h
Build Time Elapsed:  00:00:06
</pre>
</body>
</html>
