Component: Arm Compiler for Embedded 6.22 Tool: armlink [5ee90200]

==============================================================================

Section Cross References

    startup_stm32f103xe.o(RESET) refers to startup_stm32f103xe.o(STACK) for __initial_sp
    startup_stm32f103xe.o(RESET) refers to startup_stm32f103xe.o(.text) for Reset_Handler
    startup_stm32f103xe.o(RESET) refers to stm32f1xx_it.o(.text.NMI_Handler) for NMI_Handler
    startup_stm32f103xe.o(RESET) refers to stm32f1xx_it.o(.text.HardFault_Handler) for HardFault_Handler
    startup_stm32f103xe.o(RESET) refers to stm32f1xx_it.o(.text.MemManage_Handler) for MemManage_Handler
    startup_stm32f103xe.o(RESET) refers to stm32f1xx_it.o(.text.BusFault_Handler) for BusFault_Handler
    startup_stm32f103xe.o(RESET) refers to stm32f1xx_it.o(.text.UsageFault_Handler) for UsageFault_Handler
    startup_stm32f103xe.o(RESET) refers to stm32f1xx_it.o(.text.SVC_Handler) for SVC_Handler
    startup_stm32f103xe.o(RESET) refers to stm32f1xx_it.o(.text.DebugMon_Handler) for DebugMon_Handler
    startup_stm32f103xe.o(RESET) refers to stm32f1xx_it.o(.text.PendSV_Handler) for PendSV_Handler
    startup_stm32f103xe.o(RESET) refers to stm32f1xx_it.o(.text.SysTick_Handler) for SysTick_Handler
    startup_stm32f103xe.o(RESET) refers to stm32f1xx_it.o(.text.TIM2_IRQHandler) for TIM2_IRQHandler
    startup_stm32f103xe.o(RESET) refers to stm32f1xx_it.o(.text.TIM3_IRQHandler) for TIM3_IRQHandler
    startup_stm32f103xe.o(RESET) refers to stm32f1xx_it.o(.text.TIM5_IRQHandler) for TIM5_IRQHandler
    startup_stm32f103xe.o(.text) refers to system_stm32f1xx.o(.text.SystemInit) for SystemInit
    startup_stm32f103xe.o(.text) refers to entry.o(.ARM.Collect$$$$00000000) for __main
    software_lcd_driver.o(.ARM.exidx.text.delayMicroseconds) refers to software_lcd_driver.o(.text.delayMicroseconds) for [Anonymous Symbol]
    software_lcd_driver.o(.ARM.exidx.text.Strlen) refers to software_lcd_driver.o(.text.Strlen) for [Anonymous Symbol]
    software_lcd_driver.o(.text.WriteBytes) refers to software_lcd_driver.o(.text.OUTLINED_FUNCTION_3) for OUTLINED_FUNCTION_3
    software_lcd_driver.o(.text.WriteBytes) refers to stm32f1xx_hal_gpio.o(.text.HAL_GPIO_WritePin) for HAL_GPIO_WritePin
    software_lcd_driver.o(.ARM.exidx.text.WriteBytes) refers to software_lcd_driver.o(.text.WriteBytes) for [Anonymous Symbol]
    software_lcd_driver.o(.text.WriteData) refers to software_lcd_driver.o(.text.WriteBytes) for WriteBytes
    software_lcd_driver.o(.ARM.exidx.text.WriteData) refers to software_lcd_driver.o(.text.WriteData) for [Anonymous Symbol]
    software_lcd_driver.o(.text.SerialWriteData) refers to software_lcd_driver.o(.text.OUTLINED_FUNCTION_0) for OUTLINED_FUNCTION_0
    software_lcd_driver.o(.text.SerialWriteData) refers to software_lcd_driver.o(.text.WriteData) for WriteData
    software_lcd_driver.o(.text.SerialWriteData) refers to software_lcd_driver.o(.text.OUTLINED_FUNCTION_5) for OUTLINED_FUNCTION_5
    software_lcd_driver.o(.text.SerialWriteData) refers to stm32f1xx_hal_gpio.o(.text.HAL_GPIO_WritePin) for HAL_GPIO_WritePin
    software_lcd_driver.o(.ARM.exidx.text.SerialWriteData) refers to software_lcd_driver.o(.text.SerialWriteData) for [Anonymous Symbol]
    software_lcd_driver.o(.text.SerialWriteData2) refers to software_lcd_driver.o(.text.OUTLINED_FUNCTION_1) for OUTLINED_FUNCTION_1
    software_lcd_driver.o(.text.SerialWriteData2) refers to software_lcd_driver.o(.text.OUTLINED_FUNCTION_5) for OUTLINED_FUNCTION_5
    software_lcd_driver.o(.text.SerialWriteData2) refers to stm32f1xx_hal_gpio.o(.text.HAL_GPIO_WritePin) for HAL_GPIO_WritePin
    software_lcd_driver.o(.text.SerialWriteData2) refers to software_lcd_driver.o(.text.WriteBytes) for WriteBytes
    software_lcd_driver.o(.ARM.exidx.text.SerialWriteData2) refers to software_lcd_driver.o(.text.SerialWriteData2) for [Anonymous Symbol]
    software_lcd_driver.o(.text.SerialWriteCmd2) refers to software_lcd_driver.o(.text.OUTLINED_FUNCTION_1) for OUTLINED_FUNCTION_1
    software_lcd_driver.o(.text.SerialWriteCmd2) refers to software_lcd_driver.o(.text.OUTLINED_FUNCTION_5) for OUTLINED_FUNCTION_5
    software_lcd_driver.o(.text.SerialWriteCmd2) refers to stm32f1xx_hal_gpio.o(.text.HAL_GPIO_WritePin) for HAL_GPIO_WritePin
    software_lcd_driver.o(.text.SerialWriteCmd2) refers to software_lcd_driver.o(.text.WriteBytes) for WriteBytes
    software_lcd_driver.o(.ARM.exidx.text.SerialWriteCmd2) refers to software_lcd_driver.o(.text.SerialWriteCmd2) for [Anonymous Symbol]
    software_lcd_driver.o(.text.SerialWriteCmd) refers to software_lcd_driver.o(.text.OUTLINED_FUNCTION_0) for OUTLINED_FUNCTION_0
    software_lcd_driver.o(.text.SerialWriteCmd) refers to software_lcd_driver.o(.text.WriteData) for WriteData
    software_lcd_driver.o(.text.SerialWriteCmd) refers to software_lcd_driver.o(.text.OUTLINED_FUNCTION_5) for OUTLINED_FUNCTION_5
[...]
    [Anonymous Symbol]                       0x080012d0   Section        0  stm32f1xx_hal_cortex.o(.text.HAL_NVIC_EnableIRQ)
    __arm_cp.2_0                             0x080012e4   Number         4  stm32f1xx_hal_cortex.o(.text.HAL_NVIC_EnableIRQ)
    [Anonymous Symbol]                       0x080012e8   Section        0  stm32f1xx_hal_cortex.o(.text.HAL_NVIC_SetPriority)
    __arm_cp.1_1                             0x08001330   Number         4  stm32f1xx_hal_cortex.o(.text.HAL_NVIC_SetPriority)
    [Anonymous Symbol]                       0x08001334   Section        0  stm32f1xx_hal_cortex.o(.text.HAL_NVIC_SetPriorityGrouping)
    __arm_cp.0_0                             0x0800134c   Number         4  stm32f1xx_hal_cortex.o(.text.HAL_NVIC_SetPriorityGrouping)
    __arm_cp.0_1                             0x08001350   Number         4  stm32f1xx_hal_cortex.o(.text.HAL_NVIC_SetPriorityGrouping)
    [Anonymous Symbol]                       0x08001354   Section        0  stm32f1xx_hal_rcc_ex.o(.text.HAL_RCCEx_GetPeriphCLKFreq)
    __arm_cp.2_0                             0x0800140c   Number         4  stm32f1xx_hal_rcc_ex.o(.text.HAL_RCCEx_GetPeriphCLKFreq)
    HAL_RCCEx_GetPeriphCLKFreq.aPLLMULFactorTable 0x08001410   Number         0  stm32f1xx_hal_rcc_ex.o(.text.HAL_RCCEx_GetPeriphCLKFreq)
    HAL_RCCEx_GetPeriphCLKFreq.aPredivFactorTable 0x08001420   Number         0  stm32f1xx_hal_rcc_ex.o(.text.HAL_RCCEx_GetPeriphCLKFreq)
    [Anonymous Symbol]                       0x08001424   Section        0  stm32f1xx_hal_rcc_ex.o(.text.HAL_RCCEx_PeriphCLKConfig)
    __arm_cp.0_1                             0x08001500   Number         4  stm32f1xx_hal_rcc_ex.o(.text.HAL_RCCEx_PeriphCLKConfig)
    __arm_cp.0_2                             0x08001504   Number         4  stm32f1xx_hal_rcc_ex.o(.text.HAL_RCCEx_PeriphCLKConfig)
    [Anonymous Symbol]                       0x08001508   Section        0  stm32f1xx_hal_rcc.o(.text.HAL_RCC_ClockConfig)
    __arm_cp.2_0                             0x08001658   Number         4  stm32f1xx_hal_rcc.o(.text.HAL_RCC_ClockConfig)
    __arm_cp.2_2                             0x0800165c   Number         4  stm32f1xx_hal_rcc.o(.text.HAL_RCC_ClockConfig)
    __arm_cp.2_4                             0x08001660   Number         4  stm32f1xx_hal_rcc.o(.text.HAL_RCC_ClockConfig)
    [Anonymous Symbol]                       0x08001664   Section        0  stm32f1xx_hal_rcc.o(.text.HAL_RCC_GetPCLK1Freq)
    [Anonymous Symbol]                       0x08001678   Section        0  stm32f1xx_hal_rcc.o(.text.HAL_RCC_GetPCLK2Freq)
    __arm_cp.9_0                             0x0800168c   Number         4  stm32f1xx_hal_rcc.o(.text.HAL_RCC_GetPCLK2Freq)
    __arm_cp.9_2                             0x08001690   Number         4  stm32f1xx_hal_rcc.o(.text.HAL_RCC_GetPCLK2Freq)
    [Anonymous Symbol]                       0x08001694   Section        0  stm32f1xx_hal_rcc.o(.text.HAL_RCC_GetSysClockFreq)
    __arm_cp.3_0                             0x080016c8   Number         4  stm32f1xx_hal_rcc.o(.text.HAL_RCC_GetSysClockFreq)
    __arm_cp.3_1                             0x080016cc   Number         4  stm32f1xx_hal_rcc.o(.text.HAL_RCC_GetSysClockFreq)
    HAL_RCC_GetSysClockFreq.aPLLMULFactorTable 0x080016d0   Number         0  stm32f1xx_hal_rcc.o(.text.HAL_RCC_GetSysClockFreq)
    HAL_RCC_GetSysClockFreq.aPredivFactorTable 0x080016e0   Number         0  stm32f1xx_hal_rcc.o(.text.HAL_RCC_GetSysClockFreq)
    __arm_cp.3_4                             0x080016e4   Number         4  stm32f1xx_hal_rcc.o(.text.HAL_RCC_GetSysClockFreq)
    [Anonymous Symbol]                       0x080016e8   Section        0  stm32f1xx_hal_rcc.o(.text.HAL_RCC_OscConfig)
    __arm_cp.1_0                             0x080019ec   Number         4  stm32f1xx_hal_rcc.o(.text.HAL_RCC_OscConfig)
    __arm_cp.1_1                             0x080019f0   Number         4  stm32f1xx_hal_rcc.o(.text.HAL_RCC_OscConfig)
    __arm_cp.1_2                             0x080019f4   Number         4  stm32f1xx_hal_rcc.o(.text.HAL_RCC_OscConfig)
    __arm_cp.1_3                             0x080019f8   Number         4  stm32f1xx_hal_rcc.o(.text.HAL_RCC_OscConfig)
    [Anonymous Symbol]                       0x080019fc   Section        0  stm32f1xx_hal_spi.o(.text.HAL_SPI_Init)
    [Anonymous Symbol]                       0x08001aa4   Section        0  spi.o(.text.HAL_SPI_MspInit)
    __arm_cp.1_0                             0x08001b10   Number         4  spi.o(.text.HAL_SPI_MspInit)
    __arm_cp.1_1                             0x08001b14   Number         4  spi.o(.text.HAL_SPI_MspInit)
    [Anonymous Symbol]                       0x08001b18   Section        0  stm32f1xx_hal_spi.o(.text.HAL_SPI_Transmit)
    [Anonymous Symbol]                       0x08001c30   Section        0  stm32f1xx_hal_cortex.o(.text.HAL_SYSTICK_Config)
    __arm_cp.6_0                             0x08001c50   Number         4  stm32f1xx_hal_cortex.o(.text.HAL_SYSTICK_Config)
    __arm_cp.6_1                             0x08001c54   Number         4  stm32f1xx_hal_cortex.o(.text.HAL_SYSTICK_Config)
    [Anonymous Symbol]                       0x08001c58   Section        0  stm32f1xx_hal_tim_ex.o(.text.HAL_TIMEx_BreakCallback)
    [Anonymous Symbol]                       0x08001c5a   Section        0  stm32f1xx_hal_tim_ex.o(.text.HAL_TIMEx_CommutCallback)
    [Anonymous Symbol]                       0x08001c5c   Section        0  stm32f1xx_hal_tim_ex.o(.text.HAL_TIMEx_MasterConfigSynchronization)
    [Anonymous Symbol]                       0x08001cc0   Section        0  stm32f1xx_hal_tim.o(.text.HAL_TIM_Base_Init)
    [Anonymous Symbol]                       0x08001ce0   Section        0  tim.o(.text.HAL_TIM_Base_MspInit)
    __arm_cp.3_2                             0x08001d5c   Number         4  tim.o(.text.HAL_TIM_Base_MspInit)
    [Anonymous Symbol]                       0x08001d60   Section        0  stm32f1xx_hal_tim.o(.text.HAL_TIM_Base_Start_IT)
    __arm_cp.7_0                             0x08001db8   Number         4  stm32f1xx_hal_tim.o(.text.HAL_TIM_Base_Start_IT)
    __arm_cp.7_1                             0x08001dbc   Number         4  stm32f1xx_hal_tim.o(.text.HAL_TIM_Base_Start_IT)
    __arm_cp.7_2                             0x08001dc0   Number         4  stm32f1xx_hal_tim.o(.text.HAL_TIM_Base_Start_IT)
    __arm_cp.7_3                             0x08001dc4   Number         4  stm32f1xx_hal_tim.o(.text.HAL_TIM_Base_Start_IT)
    __arm_cp.7_4                             0x08001dc8   Number         4  stm32f1xx_hal_tim.o(.text.HAL_TIM_Base_Start_IT)
    [Anonymous Symbol]                       0x08001dcc   Section        0  stm32f1xx_hal_tim.o(.text.HAL_TIM_ConfigClockSource)
    [Anonymous Symbol]                       0x08001e80   Section        0  stm32f1xx_hal_tim.o(.text.HAL_TIM_IC_CaptureCallback)
    [Anonymous Symbol]                       0x08001e82   Section        0  stm32f1xx_hal_tim.o(.text.HAL_TIM_IRQHandler)
    [Anonymous Symbol]                       0x08001f8c   Section        0  stm32f1xx_hal_tim.o(.text.HAL_TIM_OC_DelayElapsedCallback)
    [Anonymous Symbol]                       0x08001f8e   Section        0  stm32f1xx_hal_tim.o(.text.HAL_TIM_PWM_PulseFinishedCallback)
    [Anonymous Symbol]                       0x08001f90   Section        0  main.o(.text.HAL_TIM_PeriodElapsedCallback)
    __arm_cp.3_0                             0x08002084   Number         4  main.o(.text.HAL_TIM_PeriodElapsedCallback)
    __arm_cp.3_1                             0x08002088   Number         4  main.o(.text.HAL_TIM_PeriodElapsedCallback)
    __arm_cp.3_3                             0x0800208c   Number         4  main.o(.text.HAL_TIM_PeriodElapsedCallback)
    __arm_cp.3_4                             0x08002090   Number         4  main.o(.text.HAL_TIM_PeriodElapsedCallback)
    __arm_cp.3_5                             0x08002094   Number         4  main.o(.text.HAL_TIM_PeriodElapsedCallback)
    __arm_cp.3_6                             0x08002098   Number         4  main.o(.text.HAL_TIM_PeriodElapsedCallback)
    __arm_cp.3_7                             0x0800209c   Number         4  main.o(.text.HAL_TIM_PeriodElapsedCallback)
    __arm_cp.3_8                             0x080020a0   Number         4  main.o(.text.HAL_TIM_PeriodElapsedCallback)
    __arm_cp.3_9                             0x080020a4   Number         4  main.o(.text.HAL_TIM_PeriodElapsedCallback)
    __arm_cp.3_10                            0x080020a8   Number         4  main.o(.text.HAL_TIM_PeriodElapsedCallback)
    [Anonymous Symbol]                       0x080020ac   Section        0  stm32f1xx_hal_tim.o(.text.HAL_TIM_TriggerCallback)
    [Anonymous Symbol]                       0x080020b0   Section        0  595driver.o(.text.HC595_CS)
    [Anonymous Symbol]                       0x080020dc   Section        0  595driver.o(.text.HC595_Send_Byte)
    __arm_cp.0_0                             0x08002120   Number         4  595driver.o(.text.HC595_Send_Byte)
    __arm_cp.0_1                             0x08002124   Number         4  595driver.o(.text.HC595_Send_Byte)
    [Anonymous Symbol]                       0x08002128   Section        0  595driver.o(.text.HC595_Send_Multi_Byte)
    [Anonymous Symbol]                       0x08002148   Section        0  stm32f1xx_it.o(.text.HardFault_Handler)
    I2C_IsAcknowledgeFailed                  0x0800214b   Thumb Code    48  stm32f1xx_hal_i2c.o(.text.I2C_IsAcknowledgeFailed)
    [Anonymous Symbol]                       0x0800214a   Section        0  stm32f1xx_hal_i2c.o(.text.I2C_IsAcknowledgeFailed)
    I2C_RequestMemoryWrite                   0x0800217d   Thumb Code   176  stm32f1xx_hal_i2c.o(.text.I2C_RequestMemoryWrite)
    [Anonymous Symbol]                       0x0800217c   Section        0  stm32f1xx_hal_i2c.o(.text.I2C_RequestMemoryWrite)
    __arm_cp.23_0                            0x0800222c   Number         4  stm32f1xx_hal_i2c.o(.text.I2C_RequestMemoryWrite)
    I2C_WaitOnBTFFlagUntilTimeout            0x08002231   Thumb Code    64  stm32f1xx_hal_i2c.o(.text.I2C_WaitOnBTFFlagUntilTimeout)
    [Anonymous Symbol]                       0x08002230   Section        0  stm32f1xx_hal_i2c.o(.text.I2C_WaitOnBTFFlagUntilTimeout)
    I2C_WaitOnFlagUntilTimeout               0x08002271   Thumb Code    86  stm32f1xx_hal_i2c.o(.text.I2C_WaitOnFlagUntilTimeout)
    [Anonymous Symbol]                       0x08002270   Section        0  stm32f1xx_hal_i2c.o(.text.I2C_WaitOnFlagUntilTimeout)
    I2C_WaitOnMasterAddressFlagUntilTimeout  0x080022c7   Thumb Code    96  stm32f1xx_hal_i2c.o(.text.I2C_WaitOnMasterAddressFlagUntilTimeout)
    [Anonymous Symbol]                       0x080022c6   Section        0  stm32f1xx_hal_i2c.o(.text.I2C_WaitOnMasterAddressFlagUntilTimeout)
    I2C_WaitOnTXEFlagUntilTimeout            0x08002327   Thumb Code    64  stm32f1xx_hal_i2c.o(.text.I2C_WaitOnTXEFlagUntilTimeout)
    [Anonymous Symbol]                       0x08002326   Section        0  stm32f1xx_hal_i2c.o(.text.I2C_WaitOnTXEFlagUntilTimeout)
    [Anonymous Symbol]                       0x08002368   Section        0  595driver.o(.text.LAB_595_display)
    __arm_cp.3_0                             0x080023a4   Number         4  595driver.o(.text.LAB_595_display)
    __arm_cp.3_1                             0x080023a8   Number         4  595driver.o(.text.LAB_595_display)
    __arm_cp.3_2                             0x080023ac   Number         4  595driver.o(.text.LAB_595_display)
    [Anonymous Symbol]                       0x080023b0   Section        0  spi_lcd.o(.text.LCD_Display_Lab)
    __arm_cp.5_0                             0x080023f4   Number         4  spi_lcd.o(.text.LCD_Display_Lab)
    __arm_cp.5_1                             0x080023f8   Number         4  spi_lcd.o(.text.LCD_Display_Lab)
    __arm_cp.5_2                             0x080023fc   Number         4  spi_lcd.o(.text.LCD_Display_Lab)
    __arm_cp.5_3                             0x08002400   Number         4  spi_lcd.o(.text.LCD_Display_Lab)
    __arm_cp.5_4                             0x08002404   Number         4  spi_lcd.o(.text.LCD_Display_Lab)
    [Anonymous Symbol]                       0x08002408   Section        0  spi_lcd.o(.text.LCD_Display_Words)
    __arm_cp.3_0                             0x08002428   Number         4  spi_lcd.o(.text.LCD_Display_Words)
    [Anonymous Symbol]                       0x0800242c   Section        0  spi_lcd.o(.text.LCE_init)
    __arm_cp.2_0                             0x0800246c   Number         4  spi_lcd.o(.text.LCE_init)
    __arm_cp.2_1                             0x08002470   Number         4  spi_lcd.o(.text.LCE_init)
    __arm_cp.2_2                             0x08002474   Number         4  spi_lcd.o(.text.LCE_init)
    [Anonymous Symbol]                       0x08002478   Section        0  adc.o(.text.MX_ADC1_Init)
    __arm_cp.0_0                             0x080024b4   Number         4  adc.o(.text.MX_ADC1_Init)
    __arm_cp.0_1                             0x080024b8   Number         4  adc.o(.text.MX_ADC1_Init)
    [Anonymous Symbol]                       0x080024bc   Section        0  gpio.o(.text.MX_GPIO_Init)
    __arm_cp.0_0                             0x080025a4   Number         4  gpio.o(.text.MX_GPIO_Init)
    __arm_cp.0_1                             0x080025a8   Number         4  gpio.o(.text.MX_GPIO_Init)
    __arm_cp.0_2                             0x080025ac   Number         4  gpio.o(.text.MX_GPIO_Init)
    __arm_cp.0_3                             0x080025b0   Number         4  gpio.o(.text.MX_GPIO_Init)
    [Anonymous Symbol]                       0x080025b4   Section        0  i2c.o(.text.MX_I2C1_Init)
    __arm_cp.0_0                             0x080025e4   Number         4  i2c.o(.text.MX_I2C1_Init)
    __arm_cp.0_1                             0x080025e8   Number         4  i2c.o(.text.MX_I2C1_Init)
    __arm_cp.0_2                             0x080025ec   Number         4  i2c.o(.text.MX_I2C1_Init)
    [Anonymous Symbol]                       0x080025f0   Section        0  spi.o(.text.MX_SPI1_Init)
    __arm_cp.0_0                             0x0800262c   Number         4  spi.o(.text.MX_SPI1_Init)
    __arm_cp.0_1                             0x08002630   Number         4  spi.o(.text.MX_SPI1_Init)
    [Anonymous Symbol]                       0x08002634   Section        0  tim.o(.text.MX_TIM2_Init)
    __arm_cp.0_0                             0x08002678   Number         4  tim.o(.text.MX_TIM2_Init)
    [Anonymous Symbol]                       0x0800267c   Section        0  tim.o(.text.MX_TIM3_Init)
    __arm_cp.1_0                             0x080026c0   Number         4  tim.o(.text.MX_TIM3_Init)
    __arm_cp.1_1                             0x080026c4   Number         4  tim.o(.text.MX_TIM3_Init)
    [Anonymous Symbol]                       0x080026c8   Section        0  tim.o(.text.MX_TIM5_Init)
    __arm_cp.2_0                             0x0800270c   Number         4  tim.o(.text.MX_TIM5_Init)
    __arm_cp.2_1                             0x08002710   Number         4  tim.o(.text.MX_TIM5_Init)
    [Anonymous Symbol]                       0x08002714   Section        0  stm32f1xx_it.o(.text.MemManage_Handler)
    [Anonymous Symbol]                       0x08002716   Section        0  stm32f1xx_it.o(.text.NMI_Handler)
    [Anonymous Symbol]                       0x08002718   Section        0  i2c_oled.o(.text.OLED_CLS)
    [Anonymous Symbol]                       0x08002720   Section        0  i2c_oled.o(.text.OLED_Fill)
    [Anonymous Symbol]                       0x08002758   Section        0  i2c_oled.o(.text.OLED_Init)
    __arm_cp.2_0                             0x080027d8   Number         4  i2c_oled.o(.text.OLED_Init)
    OUTLINED_FUNCTION_0                      0x080027dd   Thumb Code    28  spi_lcd.o(.text.OUTLINED_FUNCTION_0)
    [Anonymous Symbol]                       0x080027dc   Section        0  spi_lcd.o(.text.OUTLINED_FUNCTION_0)
    OUTLINED_FUNCTION_0                      0x080027f9   Thumb Code    10  gpio.o(.text.OUTLINED_FUNCTION_0)
    [Anonymous Symbol]                       0x080027f8   Section        0  gpio.o(.text.OUTLINED_FUNCTION_0)
    OUTLINED_FUNCTION_0                      0x08002803   Thumb Code    26  tim.o(.text.OUTLINED_FUNCTION_0)
    [Anonymous Symbol]                       0x08002802   Section        0  tim.o(.text.OUTLINED_FUNCTION_0)
    OUTLINED_FUNCTION_0                      0x0800281d   Thumb Code    12  stm32f1xx_hal_adc.o(.text.OUTLINED_FUNCTION_0)
    [Anonymous Symbol]                       0x0800281c   Section        0  stm32f1xx_hal_adc.o(.text.OUTLINED_FUNCTION_0)
    OUTLINED_FUNCTION_0                      0x08002829   Thumb Code    14  stm32f1xx_hal_rcc.o(.text.OUTLINED_FUNCTION_0)
    [Anonymous Symbol]                       0x08002828   Section        0  stm32f1xx_hal_rcc.o(.text.OUTLINED_FUNCTION_0)
    OUTLINED_FUNCTION_0                      0x08002837   Thumb Code    18  stm32f1xx_hal_cortex.o(.text.OUTLINED_FUNCTION_0)
    [Anonymous Symbol]                       0x08002836   Section        0  stm32f1xx_hal_cortex.o(.text.OUTLINED_FUNCTION_0)
    OUTLINED_FUNCTION_1                      0x08002849   Thumb Code    10  spi_lcd.o(.text.OUTLINED_FUNCTION_1)
    [Anonymous Symbol]                       0x08002848   Section        0  spi_lcd.o(.text.OUTLINED_FUNCTION_1)
    OUTLINED_FUNCTION_1                      0x08002853   Thumb Code    14  gpio.o(.text.OUTLINED_FUNCTION_1)
    [Anonymous Symbol]                       0x08002852   Section        0  gpio.o(.text.OUTLINED_FUNCTION_1)
    OUTLINED_FUNCTION_1                      0x08002861   Thumb Code    10  stm32f1xx_hal_adc.o(.text.OUTLINED_FUNCTION_1)
    [Anonymous Symbol]                       0x08002860   Section        0  stm32f1xx_hal_adc.o(.text.OUTLINED_FUNCTION_1)
    OUTLINED_FUNCTION_1                      0x0800286b   Thumb Code    10  stm32f1xx_hal_rcc.o(.text.OUTLINED_FUNCTION_1)
    [Anonymous Symbol]                       0x0800286a   Section        0  stm32f1xx_hal_rcc.o(.text.OUTLINED_FUNCTION_1)
    OUTLINED_FUNCTION_1                      0x08002875   Thumb Code    16  stm32f1xx_hal_spi.o(.text.OUTLINED_FUNCTION_1)
    [Anonymous Symbol]                       0x08002874   Section        0  stm32f1xx_hal_spi.o(.text.OUTLINED_FUNCTION_1)
    OUTLINED_FUNCTION_1                      0x08002885   Thumb Code    46  stm32f1xx_hal_tim.o(.text.OUTLINED_FUNCTION_1)
    [Anonymous Symbol]                       0x08002884   Section        0  stm32f1xx_hal_tim.o(.text.OUTLINED_FUNCTION_1)
    OUTLINED_FUNCTION_10                     0x080028b3   Thumb Code    10  stm32f1xx_hal_i2c.o(.text.OUTLINED_FUNCTION_10)
    [Anonymous Symbol]                       0x080028b2   Section        0  stm32f1xx_hal_i2c.o(.text.OUTLINED_FUNCTION_10)
    OUTLINED_FUNCTION_10                     0x080028bd   Thumb Code    10  stm32f1xx_hal_tim.o(.text.OUTLINED_FUNCTION_10)
    [Anonymous Symbol]                       0x080028bc   Section        0  stm32f1xx_hal_tim.o(.text.OUTLINED_FUNCTION_10)
    OUTLINED_FUNCTION_12                     0x080028c7   Thumb Code    18  stm32f1xx_hal_spi.o(.text.OUTLINED_FUNCTION_12)
    [Anonymous Symbol]                       0x080028c6   Section        0  stm32f1xx_hal_spi.o(.text.OUTLINED_FUNCTION_12)
    OUTLINED_FUNCTION_13                     0x080028d9   Thumb Code    10  stm32f1xx_hal_tim.o(.text.OUTLINED_FUNCTION_13)
    [Anonymous Symbol]                       0x080028d8   Section        0  stm32f1xx_hal_tim.o(.text.OUTLINED_FUNCTION_13)
    OUTLINED_FUNCTION_15                     0x080028e3   Thumb Code     8  stm32f1xx_hal_i2c.o(.text.OUTLINED_FUNCTION_15)
    [Anonymous Symbol]                       0x080028e2   Section        0  stm32f1xx_hal_i2c.o(.text.OUTLINED_FUNCTION_15)
    OUTLINED_FUNCTION_17                     0x080028eb   Thumb Code    16  stm32f1xx_hal_spi.o(.text.OUTLINED_FUNCTION_17)
    [Anonymous Symbol]                       0x080028ea   Section        0  stm32f1xx_hal_spi.o(.text.OUTLINED_FUNCTION_17)
    OUTLINED_FUNCTION_2                      0x080028fb   Thumb Code    10  spi_lcd.o(.text.OUTLINED_FUNCTION_2)
    [Anonymous Symbol]                       0x080028fa   Section        0  spi_lcd.o(.text.OUTLINED_FUNCTION_2)
    OUTLINED_FUNCTION_2                      0x08002905   Thumb Code    12  stm32f1xx_hal_adc_ex.o(.text.OUTLINED_FUNCTION_2)
    [Anonymous Symbol]                       0x08002904   Section        0  stm32f1xx_hal_adc_ex.o(.text.OUTLINED_FUNCTION_2)
    OUTLINED_FUNCTION_20                     0x08002911   Thumb Code    10  stm32f1xx_hal_spi.o(.text.OUTLINED_FUNCTION_20)
    [Anonymous Symbol]                       0x08002910   Section        0  stm32f1xx_hal_spi.o(.text.OUTLINED_FUNCTION_20)
    OUTLINED_FUNCTION_21                     0x0800291b   Thumb Code     8  stm32f1xx_hal_spi.o(.text.OUTLINED_FUNCTION_21)
    [Anonymous Symbol]                       0x0800291a   Section        0  stm32f1xx_hal_spi.o(.text.OUTLINED_FUNCTION_21)
    OUTLINED_FUNCTION_23                     0x08002923   Thumb Code     8  stm32f1xx_hal_i2c.o(.text.OUTLINED_FUNCTION_23)
    [Anonymous Symbol]                       0x08002922   Section        0  stm32f1xx_hal_i2c.o(.text.OUTLINED_FUNCTION_23)
    OUTLINED_FUNCTION_24                     0x0800292b   Thumb Code    18  stm32f1xx_hal_i2c.o(.text.OUTLINED_FUNCTION_24)
    [Anonymous Symbol]                       0x0800292a   Section        0  stm32f1xx_hal_i2c.o(.text.OUTLINED_FUNCTION_24)
    OUTLINED_FUNCTION_24                     0x0800293d   Thumb Code    10  stm32f1xx_hal_tim.o(.text.OUTLINED_FUNCTION_24)
    [Anonymous Symbol]                       0x0800293c   Section        0  stm32f1xx_hal_tim.o(.text.OUTLINED_FUNCTION_24)
    OUTLINED_FUNCTION_25                     0x08002947   Thumb Code     8  stm32f1xx_hal_spi.o(.text.OUTLINED_FUNCTION_25)
    [Anonymous Symbol]                       0x08002946   Section        0  stm32f1xx_hal_spi.o(.text.OUTLINED_FUNCTION_25)
    OUTLINED_FUNCTION_25                     0x0800294f   Thumb Code    26  stm32f1xx_hal_tim.o(.text.OUTLINED_FUNCTION_25)
    [Anonymous Symbol]                       0x0800294e   Section        0  stm32f1xx_hal_tim.o(.text.OUTLINED_FUNCTION_25)
    OUTLINED_FUNCTION_3                      0x08002969   Thumb Code    18  stm32f1xx_hal_spi.o(.text.OUTLINED_FUNCTION_3)
    [Anonymous Symbol]                       0x08002968   Section        0  stm32f1xx_hal_spi.o(.text.OUTLINED_FUNCTION_3)
    OUTLINED_FUNCTION_30                     0x0800297b   Thumb Code    20  stm32f1xx_hal_tim.o(.text.OUTLINED_FUNCTION_30)
    [Anonymous Symbol]                       0x0800297a   Section        0  stm32f1xx_hal_tim.o(.text.OUTLINED_FUNCTION_30)
    OUTLINED_FUNCTION_36                     0x0800298f   Thumb Code    22  stm32f1xx_hal_i2c.o(.text.OUTLINED_FUNCTION_36)
    [Anonymous Symbol]                       0x0800298e   Section        0  stm32f1xx_hal_i2c.o(.text.OUTLINED_FUNCTION_36)
    OUTLINED_FUNCTION_39                     0x080029a5   Thumb Code    12  stm32f1xx_hal_tim.o(.text.OUTLINED_FUNCTION_39)
    [Anonymous Symbol]                       0x080029a4   Section        0  stm32f1xx_hal_tim.o(.text.OUTLINED_FUNCTION_39)
    OUTLINED_FUNCTION_4                      0x080029b1   Thumb Code    16  stm32f1xx_hal_adc.o(.text.OUTLINED_FUNCTION_4)
    [Anonymous Symbol]                       0x080029b0   Section        0  stm32f1xx_hal_adc.o(.text.OUTLINED_FUNCTION_4)
    OUTLINED_FUNCTION_42                     0x080029c1   Thumb Code    10  stm32f1xx_hal_tim.o(.text.OUTLINED_FUNCTION_42)
    [Anonymous Symbol]                       0x080029c0   Section        0  stm32f1xx_hal_tim.o(.text.OUTLINED_FUNCTION_42)
    OUTLINED_FUNCTION_46                     0x080029cb   Thumb Code    20  stm32f1xx_hal_i2c.o(.text.OUTLINED_FUNCTION_46)
    [Anonymous Symbol]                       0x080029ca   Section        0  stm32f1xx_hal_i2c.o(.text.OUTLINED_FUNCTION_46)
    OUTLINED_FUNCTION_47                     0x080029df   Thumb Code    10  stm32f1xx_hal_i2c.o(.text.OUTLINED_FUNCTION_47)
    [Anonymous Symbol]                       0x080029de   Section        0  stm32f1xx_hal_i2c.o(.text.OUTLINED_FUNCTION_47)
    OUTLINED_FUNCTION_47                     0x080029e9   Thumb Code     6  stm32f1xx_hal_tim.o(.text.OUTLINED_FUNCTION_47)
    [Anonymous Symbol]                       0x080029e8   Section        0  stm32f1xx_hal_tim.o(.text.OUTLINED_FUNCTION_47)
    OUTLINED_FUNCTION_48                     0x080029ef   Thumb Code     8  stm32f1xx_hal_i2c.o(.text.OUTLINED_FUNCTION_48)
    [Anonymous Symbol]                       0x080029ee   Section        0  stm32f1xx_hal_i2c.o(.text.OUTLINED_FUNCTION_48)
    OUTLINED_FUNCTION_5                      0x080029f7   Thumb Code    14  stm32f1xx_hal_adc.o(.text.OUTLINED_FUNCTION_5)
    [Anonymous Symbol]                       0x080029f6   Section        0  stm32f1xx_hal_adc.o(.text.OUTLINED_FUNCTION_5)
    OUTLINED_FUNCTION_5                      0x08002a05   Thumb Code    28  stm32f1xx_hal_i2c.o(.text.OUTLINED_FUNCTION_5)
    [Anonymous Symbol]                       0x08002a04   Section        0  stm32f1xx_hal_i2c.o(.text.OUTLINED_FUNCTION_5)
    OUTLINED_FUNCTION_53                     0x08002a21   Thumb Code    10  stm32f1xx_hal_i2c.o(.text.OUTLINED_FUNCTION_53)
    [Anonymous Symbol]                       0x08002a20   Section        0  stm32f1xx_hal_i2c.o(.text.OUTLINED_FUNCTION_53)
    OUTLINED_FUNCTION_53                     0x08002a2b   Thumb Code    14  stm32f1xx_hal_tim.o(.text.OUTLINED_FUNCTION_53)
    [Anonymous Symbol]                       0x08002a2a   Section        0  stm32f1xx_hal_tim.o(.text.OUTLINED_FUNCTION_53)
    OUTLINED_FUNCTION_55                     0x08002a39   Thumb Code    10  stm32f1xx_hal_tim.o(.text.OUTLINED_FUNCTION_55)
    [Anonymous Symbol]                       0x08002a38   Section        0  stm32f1xx_hal_tim.o(.text.OUTLINED_FUNCTION_55)
    OUTLINED_FUNCTION_61                     0x08002a43   Thumb Code    18  stm32f1xx_hal_i2c.o(.text.OUTLINED_FUNCTION_61)
    [Anonymous Symbol]                       0x08002a42   Section        0  stm32f1xx_hal_i2c.o(.text.OUTLINED_FUNCTION_61)
    OUTLINED_FUNCTION_62                     0x08002a55   Thumb Code    18  stm32f1xx_hal_i2c.o(.text.OUTLINED_FUNCTION_62)
    [Anonymous Symbol]                       0x08002a54   Section        0  stm32f1xx_hal_i2c.o(.text.OUTLINED_FUNCTION_62)
    OUTLINED_FUNCTION_65                     0x08002a67   Thumb Code    16  stm32f1xx_hal_i2c.o(.text.OUTLINED_FUNCTION_65)
    [Anonymous Symbol]                       0x08002a66   Section        0  stm32f1xx_hal_i2c.o(.text.OUTLINED_FUNCTION_65)
    OUTLINED_FUNCTION_68                     0x08002a77   Thumb Code     6  stm32f1xx_hal_i2c.o(.text.OUTLINED_FUNCTION_68)
    [Anonymous Symbol]                       0x08002a76   Section        0  stm32f1xx_hal_i2c.o(.text.OUTLINED_FUNCTION_68)
    OUTLINED_FUNCTION_7                      0x08002a7d   Thumb Code    14  stm32f1xx_hal_tim.o(.text.OUTLINED_FUNCTION_7)
    [Anonymous Symbol]                       0x08002a7c   Section        0  stm32f1xx_hal_tim.o(.text.OUTLINED_FUNCTION_7)
    OUTLINED_FUNCTION_79                     0x08002a8b   Thumb Code    14  stm32f1xx_hal_i2c.o(.text.OUTLINED_FUNCTION_79)
    [Anonymous Symbol]                       0x08002a8a   Section        0  stm32f1xx_hal_i2c.o(.text.OUTLINED_FUNCTION_79)
    OUTLINED_FUNCTION_8                      0x08002a99   Thumb Code     8  stm32f1xx_hal_adc.o(.text.OUTLINED_FUNCTION_8)
    [Anonymous Symbol]                       0x08002a98   Section        0  stm32f1xx_hal_adc.o(.text.OUTLINED_FUNCTION_8)
    OUTLINED_FUNCTION_8                      0x08002aa1   Thumb Code    16  stm32f1xx_hal_spi.o(.text.OUTLINED_FUNCTION_8)
    [Anonymous Symbol]                       0x08002aa0   Section        0  stm32f1xx_hal_spi.o(.text.OUTLINED_FUNCTION_8)
    OUTLINED_FUNCTION_86                     0x08002ab1   Thumb Code     8  stm32f1xx_hal_i2c.o(.text.OUTLINED_FUNCTION_86)
    [Anonymous Symbol]                       0x08002ab0   Section        0  stm32f1xx_hal_i2c.o(.text.OUTLINED_FUNCTION_86)
    OUTLINED_FUNCTION_9                      0x08002ab9   Thumb Code    10  stm32f1xx_hal_adc.o(.text.OUTLINED_FUNCTION_9)
    [Anonymous Symbol]                       0x08002ab8   Section        0  stm32f1xx_hal_adc.o(.text.OUTLINED_FUNCTION_9)
    [Anonymous Symbol]                       0x08002ac2   Section        0  stm32f1xx_it.o(.text.PendSV_Handler)
    SPI_EndRxTxTransaction                   0x08002ac5   Thumb Code    54  stm32f1xx_hal_spi.o(.text.SPI_EndRxTxTransaction)
    [Anonymous Symbol]                       0x08002ac4   Section        0  stm32f1xx_hal_spi.o(.text.SPI_EndRxTxTransaction)
    SPI_WaitFlagStateUntilTimeout            0x08002afd   Thumb Code   188  stm32f1xx_hal_spi.o(.text.SPI_WaitFlagStateUntilTimeout)
    [Anonymous Symbol]                       0x08002afc   Section        0  stm32f1xx_hal_spi.o(.text.SPI_WaitFlagStateUntilTimeout)
    __arm_cp.54_0                            0x08002bb8   Number         4  stm32f1xx_hal_spi.o(.text.SPI_WaitFlagStateUntilTimeout)
    [Anonymous Symbol]                       0x08002bbc   Section        0  stm32f1xx_it.o(.text.SVC_Handler)
    [Anonymous Symbol]                       0x08002bbe   Section        0  stm32f1xx_it.o(.text.SysTick_Handler)
    [Anonymous Symbol]                       0x08002bc2   Section        0  main.o(.text.SystemClock_Config)
    [Anonymous Symbol]                       0x08002c44   Section        0  system_stm32f1xx.o(.text.SystemInit)
    [Anonymous Symbol]                       0x08002c48   Section        0  stm32f1xx_it.o(.text.TIM2_IRQHandler)
    [Anonymous Symbol]                       0x08002c50   Section        0  stm32f1xx_it.o(.text.TIM3_IRQHandler)
    [Anonymous Symbol]                       0x08002c58   Section        0  stm32f1xx_it.o(.text.TIM5_IRQHandler)
    __arm_cp.11_0                            0x08002c60   Number         4  stm32f1xx_it.o(.text.TIM5_IRQHandler)
    [Anonymous Symbol]                       0x08002c64   Section        0  stm32f1xx_hal_tim.o(.text.TIM_Base_SetConfig)
    __arm_cp.2_0                             0x08002cfc   Number         4  stm32f1xx_hal_tim.o(.text.TIM_Base_SetConfig)
    __arm_cp.2_1                             0x08002d00   Number         4  stm32f1xx_hal_tim.o(.text.TIM_Base_SetConfig)
    __arm_cp.2_2                             0x08002d04   Number         4  stm32f1xx_hal_tim.o(.text.TIM_Base_SetConfig)
    __arm_cp.2_3                             0x08002d08   Number         4  stm32f1xx_hal_tim.o(.text.TIM_Base_SetConfig)
    __arm_cp.2_4                             0x08002d0c   Number         4  stm32f1xx_hal_tim.o(.text.TIM_Base_SetConfig)
    TIM_TI1_ConfigInputStage                 0x08002d11   Thumb Code    34  stm32f1xx_hal_tim.o(.text.TIM_TI1_ConfigInputStage)
    [Anonymous Symbol]                       0x08002d10   Section        0  stm32f1xx_hal_tim.o(.text.TIM_TI1_ConfigInputStage)
    TIM_TI2_ConfigInputStage                 0x08002d33   Thumb Code    36  stm32f1xx_hal_tim.o(.text.TIM_TI2_ConfigInputStage)
    [Anonymous Symbol]                       0x08002d32   Section        0  stm32f1xx_hal_tim.o(.text.TIM_TI2_ConfigInputStage)
    [Anonymous Symbol]                       0x08002d56   Section        0  stm32f1xx_it.o(.text.UsageFault_Handler)
    [Anonymous Symbol]                       0x08002d58   Section        0  i2c_oled.o(.text.WriteCmd)
    [Anonymous Symbol]                       0x08002d7c   Section        0  i2c_oled.o(.text.WriteDat)
    __arm_cp.1_0                             0x08002da0   Number         4  i2c_oled.o(.text.WriteDat)
    [Anonymous Symbol]                       0x08002da4   Section        0  main.o(.text.main)
    __arm_cp.0_0                             0x08002e74   Number         4  main.o(.text.main)
    __arm_cp.0_1                             0x08002e78   Number         4  main.o(.text.main)
    __arm_cp.0_2                             0x08002e7c   Number         4  main.o(.text.main)
    __arm_cp.0_3                             0x08002e80   Number         4  main.o(.text.main)
    __arm_cp.0_5                             0x08002e84   Number         4  main.o(.text.main)
    __arm_cp.0_6                             0x08002e88   Number         4  main.o(.text.main)
    __arm_cp.0_7                             0x08002e8c   Number         4  main.o(.text.main)
    __arm_cp.0_8                             0x08002e90   Number         4  main.o(.text.main)
    __arm_cp.0_9                             0x08002e94   Number         4  main.o(.text.main)
    [Anonymous Symbol]                       0x08002e98   Section        0  spi_lcd.o(.text.spi_wirte_cmd)
    [Anonymous Symbol]                       0x08002eb8   Section        0  spi_lcd.o(.text.spi_wirte_data)
    __arm_cp.0_0                             0x08002ed4   Number         4  spi_lcd.o(.text.spi_wirte_data)
    __arm_cp.0_1                             0x08002ed8   Number         4  spi_lcd.o(.text.spi_wirte_data)
    i.__scatterload_copy                     0x08002edc   Section       14  handlers.o(i.__scatterload_copy)
    i.__scatterload_null                     0x08002eea   Section        2  handlers.o(i.__scatterload_null)
    i.__scatterload_zeroinit                 0x08002eec   Section       14  handlers.o(i.__scatterload_zeroinit)
    [Anonymous Symbol]                       0x08002f24   Section        0  spi_lcd.o(.rodata.str1.1)
    [Anonymous Symbol]                       0x20000000   Section        0  spi_lcd.o(.data..L_MergedGlobals)
    [Anonymous Symbol]                       0x20000008   Section        0  stm32f1xx_hal.o(.data..L_MergedGlobals)
    [Anonymous Symbol]                       0x20000038   Section        0  main.o(.bss..L_MergedGlobals)
    [Anonymous Symbol]                       0x20000044   Section        0  spi_lcd.o(.bss..L_MergedGlobals.2)
    STACK                                    0x20000240   Section     1024  startup_stm32f103xe.o(STACK)

    Global Symbols

    Symbol Name                              Value     Ov Type        Size  Object(Section)

    BuildAttributes$$THM_ISAv4$P$D$K$B$S$PE$A:L22UL41UL21$X:L11$S22US41US21$IEEE1$IW$~IW$USESV6$~STKCKD$USESV7$~SHL$OTIME$ROPI$EBA8$MICROLIB$REQ8$PRES8$EABIv2 0x00000000   Number         0  anon$$obj.o ABSOLUTE
    _printf_a                                0x00000000   Number         0  printfstubs.o ABSOLUTE
    _printf_c                                0x00000000   Number         0  printfstubs.o ABSOLUTE
    _printf_charcount                        0x00000000   Number         0  printfstubs.o ABSOLUTE
    _printf_d                                0x00000000   Number         0  printfstubs.o ABSOLUTE
    _printf_e                                0x00000000   Number         0  printfstubs.o ABSOLUTE
    _printf_f                                0x00000000   Number         0  printfstubs.o ABSOLUTE
    _printf_flags                            0x00000000   Number         0  printfstubs.o ABSOLUTE
    _printf_fp_dec                           0x00000000   Number         0  printfstubs.o ABSOLUTE
    _printf_fp_hex                           0x00000000   Number         0  printfstubs.o ABSOLUTE
    _printf_g                                0x00000000   Number         0  printfstubs.o ABSOLUTE
    _printf_i                                0x00000000   Number         0  printfstubs.o ABSOLUTE
    _printf_int_dec                          0x00000000   Number         0  printfstubs.o ABSOLUTE
    _printf_l                                0x00000000   Number         0  printfstubs.o ABSOLUTE
    _printf_lc                               0x00000000   Number         0  printfstubs.o ABSOLUTE
    _printf_ll                               0x00000000   Number         0  printfstubs.o ABSOLUTE
    _printf_lld                              0x00000000   Number         0  printfstubs.o ABSOLUTE
    _printf_lli                              0x00000000   Number         0  printfstubs.o ABSOLUTE
    _printf_llo                              0x00000000   Number         0  printfstubs.o ABSOLUTE
    _printf_llu                              0x00000000   Number         0  printfstubs.o ABSOLUTE
    _printf_llx                              0x00000000   Number         0  printfstubs.o ABSOLUTE
    _printf_longlong_dec                     0x00000000   Number         0  printfstubs.o ABSOLUTE
    _printf_longlong_hex                     0x00000000   Number         0  printfstubs.o ABSOLUTE
    _printf_longlong_oct                     0x00000000   Number         0  printfstubs.o ABSOLUTE
    _printf_ls                               0x00000000   Number         0  printfstubs.o ABSOLUTE
    _printf_mbtowc                           0x00000000   Number         0  printfstubs.o ABSOLUTE
    _printf_n                                0x00000000   Number         0  printfstubs.o ABSOLUTE
    _printf_o                                0x00000000   Number         0  printfstubs.o ABSOLUTE
    _printf_p                                0x00000000   Number         0  printfstubs.o ABSOLUTE
    _printf_percent                          0x00000000   Number         0  printfstubs.o ABSOLUTE
    _printf_pre_padding                      0x00000000   Number         0  printfstubs.o ABSOLUTE
    _printf_return_value                     0x00000000   Number         0  printfstubs.o ABSOLUTE
    _printf_s                                0x00000000   Number         0  printfstubs.o ABSOLUTE
    _printf_sizespec                         0x00000000   Number         0  printfstubs.o ABSOLUTE
    _printf_str                              0x00000000   Number         0  printfstubs.o ABSOLUTE
    _printf_truncate_signed                  0x00000000   Number         0  printfstubs.o ABSOLUTE
    _printf_truncate_unsigned                0x00000000   Number         0  printfstubs.o ABSOLUTE
    _printf_u                                0x00000000   Number         0  printfstubs.o ABSOLUTE
    _printf_wc                               0x00000000   Number         0  printfstubs.o ABSOLUTE
    _printf_wctomb                           0x00000000   Number         0  printfstubs.o ABSOLUTE
    _printf_widthprec                        0x00000000   Number         0  printfstubs.o ABSOLUTE
    _printf_x                                0x00000000   Number         0  printfstubs.o ABSOLUTE
    __cpp_initialize__aeabi_                  - Undefined Weak Reference
    __cxa_finalize                            - Undefined Weak Reference
    __decompress                              - Undefined Weak Reference
    _clock_init                               - Undefined Weak Reference
    _microlib_exit                            - Undefined Weak Reference
    __Vectors_Size                           0x00000130   Number         0  startup_stm32f103xe.o ABSOLUTE
    __Vectors                                0x08000000   Data           4  startup_stm32f103xe.o(RESET)
    __Vectors_End                            0x08000130   Data           0  startup_stm32f103xe.o(RESET)
    __main                                   0x08000131   Thumb Code     0  entry.o(.ARM.Collect$$$$00000000)
    _main_stk                                0x08000131   Thumb Code     0  entry2.o(.ARM.Collect$$$$00000001)
    _main_scatterload                        0x08000135   Thumb Code     0  entry5.o(.ARM.Collect$$$$00000004)
    __main_after_scatterload                 0x08000139   Thumb Code     0  entry5.o(.ARM.Collect$$$$00000004)
    _main_clock                              0x08000139   Thumb Code     0  entry7b.o(.ARM.Collect$$$$00000008)
    _main_cpp_init                           0x08000139   Thumb Code     0  entry8b.o(.ARM.Collect$$$$0000000A)
    _main_init                               0x08000139   Thumb Code     0  entry9a.o(.ARM.Collect$$$$0000000B)
    __rt_final_cpp                           0x08000141   Thumb Code     0  entry10a.o(.ARM.Collect$$$$0000000D)
    __rt_final_exit                          0x08000141   Thumb Code     0  entry11a.o(.ARM.Collect$$$$0000000F)
    Reset_Handler                            0x08000145   Thumb Code     8  startup_stm32f103xe.o(.text)
    ADC1_2_IRQHandler                        0x0800015f   Thumb Code     0  startup_stm32f103xe.o(.text)
    ADC3_IRQHandler                          0x0800015f   Thumb Code     0  startup_stm32f103xe.o(.text)
    CAN1_RX1_IRQHandler                      0x0800015f   Thumb Code     0  startup_stm32f103xe.o(.text)
    CAN1_SCE_IRQHandler                      0x0800015f   Thumb Code     0  startup_stm32f103xe.o(.text)
    DMA1_Channel1_IRQHandler                 0x0800015f   Thumb Code     0  startup_stm32f103xe.o(.text)
    DMA1_Channel2_IRQHandler                 0x0800015f   Thumb Code     0  startup_stm32f103xe.o(.text)
    DMA1_Channel3_IRQHandler                 0x0800015f   Thumb Code     0  startup_stm32f103xe.o(.text)
    DMA1_Channel4_IRQHandler                 0x0800015f   Thumb Code     0  startup_stm32f103xe.o(.text)
    DMA1_Channel5_IRQHandler                 0x0800015f   Thumb Code     0  startup_stm32f103xe.o(.text)
    DMA1_Channel6_IRQHandler                 0x0800015f   Thumb Code     0  startup_stm32f103xe.o(.text)
    DMA1_Channel7_IRQHandler                 0x0800015f   Thumb Code     0  startup_stm32f103xe.o(.text)
    DMA2_Channel1_IRQHandler                 0x0800015f   Thumb Code     0  startup_stm32f103xe.o(.text)
    DMA2_Channel2_IRQHandler                 0x0800015f   Thumb Code     0  startup_stm32f103xe.o(.text)
    DMA2_Channel3_IRQHandler                 0x0800015f   Thumb Code     0  startup_stm32f103xe.o(.text)
    DMA2_Channel4_5_IRQHandler               0x0800015f   Thumb Code     0  startup_stm32f103xe.o(.text)
    EXTI0_IRQHandler                         0x0800015f   Thumb Code     0  startup_stm32f103xe.o(.text)
    EXTI15_10_IRQHandler                     0x0800015f   Thumb Code     0  startup_stm32f103xe.o(.text)
    EXTI1_IRQHandler                         0x0800015f   Thumb Code     0  startup_stm32f103xe.o(.text)
    EXTI2_IRQHandler                         0x0800015f   Thumb Code     0  startup_stm32f103xe.o(.text)
    EXTI3_IRQHandler                         0x0800015f   Thumb Code     0  startup_stm32f103xe.o(.text)
    EXTI4_IRQHandler                         0x0800015f   Thumb Code     0  startup_stm32f103xe.o(.text)
    EXTI9_5_IRQHandler                       0x0800015f   Thumb Code     0  startup_stm32f103xe.o(.text)
    FLASH_IRQHandler                         0x0800015f   Thumb Code     0  startup_stm32f103xe.o(.text)
    FSMC_IRQHandler                          0x0800015f   Thumb Code     0  startup_stm32f103xe.o(.text)
    I2C1_ER_IRQHandler                       0x0800015f   Thumb Code     0  startup_stm32f103xe.o(.text)
    I2C1_EV_IRQHandler                       0x0800015f   Thumb Code     0  startup_stm32f103xe.o(.text)
    I2C2_ER_IRQHandler                       0x0800015f   Thumb Code     0  startup_stm32f103xe.o(.text)
    I2C2_EV_IRQHandler                       0x0800015f   Thumb Code     0  startup_stm32f103xe.o(.text)
    PVD_IRQHandler                           0x0800015f   Thumb Code     0  startup_stm32f103xe.o(.text)
    RCC_IRQHandler                           0x0800015f   Thumb Code     0  startup_stm32f103xe.o(.text)
    RTC_Alarm_IRQHandler                     0x0800015f   Thumb Code     0  startup_stm32f103xe.o(.text)
    RTC_IRQHandler                           0x0800015f   Thumb Code     0  startup_stm32f103xe.o(.text)
    SDIO_IRQHandler                          0x0800015f   Thumb Code     0  startup_stm32f103xe.o(.text)
    SPI1_IRQHandler                          0x0800015f   Thumb Code     0  startup_stm32f103xe.o(.text)
    SPI2_IRQHandler                          0x0800015f   Thumb Code     0  startup_stm32f103xe.o(.text)
    SPI3_IRQHandler                          0x0800015f   Thumb Code     0  startup_stm32f103xe.o(.text)
    TAMPER_IRQHandler                        0x0800015f   Thumb Code     0  startup_stm32f103xe.o(.text)
    TIM1_BRK_IRQHandler                      0x0800015f   Thumb Code     0  startup_stm32f103xe.o(.text)
    TIM1_CC_IRQHandler                       0x0800015f   Thumb Code     0  startup_stm32f103xe.o(.text)
    TIM1_TRG_COM_IRQHandler                  0x0800015f   Thumb Code     0  startup_stm32f103xe.o(.text)
    TIM1_UP_IRQHandler                       0x0800015f   Thumb Code     0  startup_stm32f103xe.o(.text)
    TIM4_IRQHandler                          0x0800015f   Thumb Code     0  startup_stm32f103xe.o(.text)
    TIM6_IRQHandler                          0x0800015f   Thumb Code     0  startup_stm32f103xe.o(.text)
    TIM7_IRQHandler                          0x0800015f   Thumb Code     0  startup_stm32f103xe.o(.text)
    TIM8_BRK_IRQHandler                      0x0800015f   Thumb Code     0  startup_stm32f103xe.o(.text)
    TIM8_CC_IRQHandler                       0x0800015f   Thumb Code     0  startup_stm32f103xe.o(.text)
    TIM8_TRG_COM_IRQHandler                  0x0800015f   Thumb Code     0  startup_stm32f103xe.o(.text)
    TIM8_UP_IRQHandler                       0x0800015f   Thumb Code     0  startup_stm32f103xe.o(.text)
    UART4_IRQHandler                         0x0800015f   Thumb Code     0  startup_stm32f103xe.o(.text)
    UART5_IRQHandler                         0x0800015f   Thumb Code     0  startup_stm32f103xe.o(.text)
    USART1_IRQHandler                        0x0800015f   Thumb Code     0  startup_stm32f103xe.o(.text)
    USART2_IRQHandler                        0x0800015f   Thumb Code     0  startup_stm32f103xe.o(.text)
    USART3_IRQHandler                        0x0800015f   Thumb Code     0  startup_stm32f103xe.o(.text)
    USBWakeUp_IRQHandler                     0x0800015f   Thumb Code     0  startup_stm32f103xe.o(.text)
    USB_HP_CAN1_TX_IRQHandler                0x0800015f   Thumb Code     0  startup_stm32f103xe.o(.text)
    USB_LP_CAN1_RX0_IRQHandler               0x0800015f   Thumb Code     0  startup_stm32f103xe.o(.text)
    WWDG_IRQHandler                          0x0800015f   Thumb Code     0  startup_stm32f103xe.o(.text)
    __aeabi_llsr                             0x08000169   Thumb Code    32  llushr.o(.text)
    _ll_ushift_r                             0x08000169   Thumb Code     0  llushr.o(.text)
    __aeabi_memset                           0x08000189   Thumb Code    14  memseta.o(.text)
    __aeabi_memset4                          0x08000189   Thumb Code     0  memseta.o(.text)
    __aeabi_memset8                          0x08000189   Thumb Code     0  memseta.o(.text)
    __aeabi_memclr                           0x08000197   Thumb Code     4  memseta.o(.text)
    __aeabi_memclr4                          0x08000197   Thumb Code     0  memseta.o(.text)
    __aeabi_memclr8                          0x08000197   Thumb Code     0  memseta.o(.text)
    _memset$wrapper                          0x0800019b   Thumb Code    18  memseta.o(.text)
    __aeabi_fadd                             0x080001ad   Thumb Code   164  fadd.o(.text)
    __aeabi_fsub                             0x08000251   Thumb Code     6  fadd.o(.text)
    __aeabi_frsub                            0x08000257   Thumb Code     6  fadd.o(.text)
    __aeabi_fmul                             0x0800025d   Thumb Code   100  fmul.o(.text)
    __aeabi_dadd                             0x080002c1   Thumb Code   322  dadd.o(.text)
    __aeabi_dsub                             0x08000403   Thumb Code     6  dadd.o(.text)
    __aeabi_drsub                            0x08000409   Thumb Code     6  dadd.o(.text)
    __aeabi_dmul                             0x0800040f   Thumb Code   228  dmul.o(.text)
    __aeabi_fcmplt                           0x080004f3   Thumb Code    28  fcmplt.o(.text)
    __aeabi_ui2f                             0x0800050f   Thumb Code    10  ffltui.o(.text)
    __aeabi_ui2d                             0x08000519   Thumb Code    26  dfltui.o(.text)
    __aeabi_f2d                              0x08000533   Thumb Code    38  f2d.o(.text)
    __aeabi_d2f                              0x08000559   Thumb Code    56  d2f.o(.text)
    __aeabi_llsl                             0x08000591   Thumb Code    30  llshl.o(.text)
    _ll_shift_l                              0x08000591   Thumb Code     0  llshl.o(.text)
    __aeabi_lasr                             0x080005af   Thumb Code    36  llsshr.o(.text)
    _ll_sshift_r                             0x080005af   Thumb Code     0  llsshr.o(.text)
    __I$use$fp                               0x080005d3   Thumb Code     0  iusefp.o(.text)
    _float_round                             0x080005d3   Thumb Code    18  fepilogue.o(.text)
    _float_epilogue                          0x080005e5   Thumb Code    92  fepilogue.o(.text)
    _double_round                            0x08000641   Thumb Code    30  depilogue.o(.text)
    _double_epilogue                         0x0800065f   Thumb Code   156  depilogue.o(.text)
    __scatterload                            0x080006fd   Thumb Code    38  init.o(.text)
    __scatterload_rt2                        0x080006fd   Thumb Code     0  init.o(.text)
    AD1674_Init                              0x0800072d   Thumb Code    64  ad1674.o(.text.AD1674_Init)
    AD1674_IsConversionDone                  0x0800076d   Thumb Code    20  ad1674.o(.text.AD1674_IsConversionDone)
    AD1674_ReadADC                           0x08000781   Thumb Code    22  ad1674.o(.text.AD1674_ReadADC)
    AD1674_ReadValue                         0x08000799   Thumb Code   252  ad1674.o(.text.AD1674_ReadValue)
    AD1674_StartConversion                   0x08000899   Thumb Code    60  ad1674.o(.text.AD1674_StartConversion)
    ADC_ConversionStop_Disable               0x080008dd   Thumb Code    76  stm32f1xx_hal_adc.o(.text.ADC_ConversionStop_Disable)
    ADC_Enable                               0x08000929   Thumb Code   108  stm32f1xx_hal_adc.o(.text.ADC_Enable)
    BusFault_Handler                         0x08000995   Thumb Code     2  stm32f1xx_it.o(.text.BusFault_Handler)
    DebugMon_Handler                         0x08000997   Thumb Code     2  stm32f1xx_it.o(.text.DebugMon_Handler)
    Error_Handler                            0x08000999   Thumb Code     8  main.o(.text.Error_Handler)
    FloatToUint8                             0x080009a1   Thumb Code    24  spi_lcd.o(.text.FloatToUint8)
    HAL_ADCEx_Calibration_Start              0x080009b9   Thumb Code   196  stm32f1xx_hal_adc_ex.o(.text.HAL_ADCEx_Calibration_Start)
    HAL_ADC_ConfigChannel                    0x08000a7d   Thumb Code   248  stm32f1xx_hal_adc.o(.text.HAL_ADC_ConfigChannel)
    HAL_ADC_GetState                         0x08000b81   Thumb Code     4  stm32f1xx_hal_adc.o(.text.HAL_ADC_GetState)
    HAL_ADC_GetValue                         0x08000b85   Thumb Code     6  stm32f1xx_hal_adc.o(.text.HAL_ADC_GetValue)
    HAL_ADC_Init                             0x08000b8d   Thumb Code   252  stm32f1xx_hal_adc.o(.text.HAL_ADC_Init)
    HAL_ADC_MspInit                          0x08000c99   Thumb Code    84  adc.o(.text.HAL_ADC_MspInit)
    HAL_ADC_Start                            0x08000cf1   Thumb Code   156  stm32f1xx_hal_adc.o(.text.HAL_ADC_Start)
    HAL_Delay                                0x08000d91   Thumb Code    32  stm32f1xx_hal.o(.text.HAL_Delay)
    HAL_GPIO_Init                            0x08000db5   Thumb Code   388  stm32f1xx_hal_gpio.o(.text.HAL_GPIO_Init)
    HAL_GPIO_ReadPin                         0x08000f69   Thumb Code    10  stm32f1xx_hal_gpio.o(.text.HAL_GPIO_ReadPin)
    HAL_GPIO_TogglePin                       0x08000f73   Thumb Code    16  stm32f1xx_hal_gpio.o(.text.HAL_GPIO_TogglePin)
    HAL_GPIO_WritePin                        0x08000f83   Thumb Code    10  stm32f1xx_hal_gpio.o(.text.HAL_GPIO_WritePin)
    HAL_GetTick                              0x08000f8d   Thumb Code     8  stm32f1xx_hal.o(.text.HAL_GetTick)
    HAL_I2C_Init                             0x08000f95   Thumb Code   276  stm32f1xx_hal_i2c.o(.text.HAL_I2C_Init)
    HAL_I2C_Mem_Write                        0x080010b9   Thumb Code   232  stm32f1xx_hal_i2c.o(.text.HAL_I2C_Mem_Write)
    HAL_I2C_MspInit                          0x080011a9   Thumb Code    96  i2c.o(.text.HAL_I2C_MspInit)
    HAL_IncTick                              0x08001219   Thumb Code    16  stm32f1xx_hal.o(.text.HAL_IncTick)
    HAL_Init                                 0x0800122d   Thumb Code    32  stm32f1xx_hal.o(.text.HAL_Init)
    HAL_InitTick                             0x08001251   Thumb Code    56  stm32f1xx_hal.o(.text.HAL_InitTick)
    HAL_MspInit                              0x08001291   Thumb Code    56  stm32f1xx_hal_msp.o(.text.HAL_MspInit)
    HAL_NVIC_EnableIRQ                       0x080012d1   Thumb Code    20  stm32f1xx_hal_cortex.o(.text.HAL_NVIC_EnableIRQ)
    HAL_NVIC_SetPriority                     0x080012e9   Thumb Code    72  stm32f1xx_hal_cortex.o(.text.HAL_NVIC_SetPriority)
    HAL_NVIC_SetPriorityGrouping             0x08001335   Thumb Code    24  stm32f1xx_hal_cortex.o(.text.HAL_NVIC_SetPriorityGrouping)
    HAL_RCCEx_GetPeriphCLKFreq               0x08001355   Thumb Code   184  stm32f1xx_hal_rcc_ex.o(.text.HAL_RCCEx_GetPeriphCLKFreq)
    HAL_RCCEx_PeriphCLKConfig                0x08001425   Thumb Code   220  stm32f1xx_hal_rcc_ex.o(.text.HAL_RCCEx_PeriphCLKConfig)
    HAL_RCC_ClockConfig                      0x08001509   Thumb Code   336  stm32f1xx_hal_rcc.o(.text.HAL_RCC_ClockConfig)
    HAL_RCC_GetPCLK1Freq                     0x08001665   Thumb Code    20  stm32f1xx_hal_rcc.o(.text.HAL_RCC_GetPCLK1Freq)
    HAL_RCC_GetPCLK2Freq                     0x08001679   Thumb Code    20  stm32f1xx_hal_rcc.o(.text.HAL_RCC_GetPCLK2Freq)
    HAL_RCC_GetSysClockFreq                  0x08001695   Thumb Code    52  stm32f1xx_hal_rcc.o(.text.HAL_RCC_GetSysClockFreq)
    HAL_RCC_OscConfig                        0x080016e9   Thumb Code   772  stm32f1xx_hal_rcc.o(.text.HAL_RCC_OscConfig)
    HAL_SPI_Init                             0x080019fd   Thumb Code   168  stm32f1xx_hal_spi.o(.text.HAL_SPI_Init)
    HAL_SPI_MspInit                          0x08001aa5   Thumb Code   108  spi.o(.text.HAL_SPI_MspInit)
    HAL_SPI_Transmit                         0x08001b19   Thumb Code   278  stm32f1xx_hal_spi.o(.text.HAL_SPI_Transmit)
    HAL_SYSTICK_Config                       0x08001c31   Thumb Code    32  stm32f1xx_hal_cortex.o(.text.HAL_SYSTICK_Config)
    HAL_TIMEx_BreakCallback                  0x08001c59   Thumb Code     2  stm32f1xx_hal_tim_ex.o(.text.HAL_TIMEx_BreakCallback)
    HAL_TIMEx_CommutCallback                 0x08001c5b   Thumb Code     2  stm32f1xx_hal_tim_ex.o(.text.HAL_TIMEx_CommutCallback)
    HAL_TIMEx_MasterConfigSynchronization    0x08001c5d   Thumb Code   100  stm32f1xx_hal_tim_ex.o(.text.HAL_TIMEx_MasterConfigSynchronization)
    HAL_TIM_Base_Init                        0x08001cc1   Thumb Code    30  stm32f1xx_hal_tim.o(.text.HAL_TIM_Base_Init)
    HAL_TIM_Base_MspInit                     0x08001ce1   Thumb Code   124  tim.o(.text.HAL_TIM_Base_MspInit)
    HAL_TIM_Base_Start_IT                    0x08001d61   Thumb Code    88  stm32f1xx_hal_tim.o(.text.HAL_TIM_Base_Start_IT)
    HAL_TIM_ConfigClockSource                0x08001dcd   Thumb Code   180  stm32f1xx_hal_tim.o(.text.HAL_TIM_ConfigClockSource)
    HAL_TIM_IC_CaptureCallback               0x08001e81   Thumb Code     2  stm32f1xx_hal_tim.o(.text.HAL_TIM_IC_CaptureCallback)
    HAL_TIM_IRQHandler                       0x08001e83   Thumb Code   266  stm32f1xx_hal_tim.o(.text.HAL_TIM_IRQHandler)
    HAL_TIM_OC_DelayElapsedCallback          0x08001f8d   Thumb Code     2  stm32f1xx_hal_tim.o(.text.HAL_TIM_OC_DelayElapsedCallback)
    HAL_TIM_PWM_PulseFinishedCallback        0x08001f8f   Thumb Code     2  stm32f1xx_hal_tim.o(.text.HAL_TIM_PWM_PulseFinishedCallback)
    HAL_TIM_PeriodElapsedCallback            0x08001f91   Thumb Code   244  main.o(.text.HAL_TIM_PeriodElapsedCallback)
    HAL_TIM_TriggerCallback                  0x080020ad   Thumb Code     2  stm32f1xx_hal_tim.o(.text.HAL_TIM_TriggerCallback)
    HC595_CS                                 0x080020b1   Thumb Code    44  595driver.o(.text.HC595_CS)
    HC595_Send_Byte                          0x080020dd   Thumb Code    68  595driver.o(.text.HC595_Send_Byte)
    HC595_Send_Multi_Byte                    0x08002129   Thumb Code    32  595driver.o(.text.HC595_Send_Multi_Byte)
    HardFault_Handler                        0x08002149   Thumb Code     2  stm32f1xx_it.o(.text.HardFault_Handler)
    LAB_595_display                          0x08002369   Thumb Code    60  595driver.o(.text.LAB_595_display)
    LCD_Display_Lab                          0x080023b1   Thumb Code    68  spi_lcd.o(.text.LCD_Display_Lab)
    LCD_Display_Words                        0x08002409   Thumb Code    32  spi_lcd.o(.text.LCD_Display_Words)
    LCE_init                                 0x0800242d   Thumb Code    64  spi_lcd.o(.text.LCE_init)
    MX_ADC1_Init                             0x08002479   Thumb Code    60  adc.o(.text.MX_ADC1_Init)
    MX_GPIO_Init                             0x080024bd   Thumb Code   232  gpio.o(.text.MX_GPIO_Init)
    MX_I2C1_Init                             0x080025b5   Thumb Code    48  i2c.o(.text.MX_I2C1_Init)
    MX_SPI1_Init                             0x080025f1   Thumb Code    60  spi.o(.text.MX_SPI1_Init)
    MX_TIM2_Init                             0x08002635   Thumb Code    68  tim.o(.text.MX_TIM2_Init)
    MX_TIM3_Init                             0x0800267d   Thumb Code    68  tim.o(.text.MX_TIM3_Init)
    MX_TIM5_Init                             0x080026c9   Thumb Code    68  tim.o(.text.MX_TIM5_Init)
    MemManage_Handler                        0x08002715   Thumb Code     2  stm32f1xx_it.o(.text.MemManage_Handler)
    NMI_Handler                              0x08002717   Thumb Code     2  stm32f1xx_it.o(.text.NMI_Handler)
    OLED_CLS                                 0x08002719   Thumb Code     6  i2c_oled.o(.text.OLED_CLS)
    OLED_Fill                                0x08002721   Thumb Code    56  i2c_oled.o(.text.OLED_Fill)
    OLED_Init                                0x08002759   Thumb Code   128  i2c_oled.o(.text.OLED_Init)
    PendSV_Handler                           0x08002ac3   Thumb Code     2  stm32f1xx_it.o(.text.PendSV_Handler)
    SVC_Handler                              0x08002bbd   Thumb Code     2  stm32f1xx_it.o(.text.SVC_Handler)
    SysTick_Handler                          0x08002bbf   Thumb Code     4  stm32f1xx_it.o(.text.SysTick_Handler)
    SystemClock_Config                       0x08002bc3   Thumb Code   130  main.o(.text.SystemClock_Config)
    SystemInit                               0x08002c45   Thumb Code     2  system_stm32f1xx.o(.text.SystemInit)
    TIM2_IRQHandler                          0x08002c49   Thumb Code     8  stm32f1xx_it.o(.text.TIM2_IRQHandler)
    TIM3_IRQHandler                          0x08002c51   Thumb Code     8  stm32f1xx_it.o(.text.TIM3_IRQHandler)
    TIM5_IRQHandler                          0x08002c59   Thumb Code     8  stm32f1xx_it.o(.text.TIM5_IRQHandler)
    TIM_Base_SetConfig                       0x08002c65   Thumb Code   152  stm32f1xx_hal_tim.o(.text.TIM_Base_SetConfig)
    UsageFault_Handler                       0x08002d57   Thumb Code     2  stm32f1xx_it.o(.text.UsageFault_Handler)
    WriteCmd                                 0x08002d59   Thumb Code    36  i2c_oled.o(.text.WriteCmd)
    WriteDat                                 0x08002d7d   Thumb Code    36  i2c_oled.o(.text.WriteDat)
    main                                     0x08002da5   Thumb Code   208  main.o(.text.main)
    spi_wirte_cmd                            0x08002e99   Thumb Code    32  spi_lcd.o(.text.spi_wirte_cmd)
    spi_wirte_data                           0x08002eb9   Thumb Code    28  spi_lcd.o(.text.spi_wirte_data)
    __scatterload_copy                       0x08002edd   Thumb Code    14  handlers.o(i.__scatterload_copy)
    __scatterload_null                       0x08002eeb   Thumb Code     2  handlers.o(i.__scatterload_null)
    __scatterload_zeroinit                   0x08002eed   Thumb Code    14  handlers.o(i.__scatterload_zeroinit)
    AHBPrescTable                            0x08002efa   Data          16  system_stm32f1xx.o(.rodata.AHBPrescTable)
    APBPrescTable                            0x08002f0a   Data           8  system_stm32f1xx.o(.rodata.APBPrescTable)
    DIG_CS_CA_INVERTED                       0x08002f12   Data           8  595driver.o(.rodata.DIG_CS_CA_INVERTED)
    digitMapCC                               0x08002f1a   Data          10  595driver.o(.rodata.digitMapCC)
    Region$$Table$$Base                      0x08002f34   Number         0  anon$$obj.o(Region$$Table)
    Region$$Table$$Limit                     0x08002f54   Number         0  anon$$obj.o(Region$$Table)
    AD1674                                   0x20000000   Data           4  spi_lcd.o(.data..L_MergedGlobals)
    ADC                                      0x20000004   Data           4  spi_lcd.o(.data..L_MergedGlobals)
    uwTickFreq                               0x20000008   Data           1  stm32f1xx_hal.o(.data..L_MergedGlobals)
    uwTickPrio                               0x2000000c   Data           4  stm32f1xx_hal.o(.data..L_MergedGlobals)
    LCD_addr                                 0x20000010   Data          32  spi_lcd.o(.data.LCD_addr)
    SystemCoreClock                          0x20000030   Data           4  system_stm32f1xx.o(.data.SystemCoreClock)
    ADC_value                                0x20000038   Data           2  main.o(.bss..L_MergedGlobals)
    AD1674_uint16                            0x2000003a   Data           2  main.o(.bss..L_MergedGlobals)
    ADC_Value_float                          0x2000003c   Data           4  main.o(.bss..L_MergedGlobals)
    AD1674_value                             0x20000040   Data           4  main.o(.bss..L_MergedGlobals)
    AD1674_value_char                        0x20000044   Data           4  spi_lcd.o(.bss..L_MergedGlobals.2)
    ADC_value_char                           0x20000048   Data           4  spi_lcd.o(.bss..L_MergedGlobals.2)
    LED_status                               0x2000004c   Data           4  led.o(.bss.LED_status)
    SPI_timer                                0x20000050   Data           8  spi_lcd.o(.bss.SPI_timer)
    count                                    0x20000058   Data          32  595driver.o(.bss.count)
    hadc1                                    0x20000078   Data          48  adc.o(.bss.hadc1)
    hi2c1                                    0x200000a8   Data          84  i2c.o(.bss.hi2c1)
    hspi1                                    0x200000fc   Data          88  spi.o(.bss.hspi1)
    htim2                                    0x20000154   Data          72  tim.o(.bss.htim2)
    htim3                                    0x2000019c   Data          72  tim.o(.bss.htim3)
    htim5                                    0x200001e4   Data          72  tim.o(.bss.htim5)
    inter_cnt                                0x2000022c   Data           4  i2c_oled.o(.bss.inter_cnt)
    time                                     0x20000230   Data           4  spi_lcd.o(.bss.time)
    time595                                  0x20000234   Data           4  595driver.o(.bss.time595)
    uwTick                                   0x20000238   Data           4  stm32f1xx_hal.o(.bss.uwTick)
    __initial_sp                             0x20000640   Data           0  startup_stm32f103xe.o(STACK)



==============================================================================

Memory Map of the image

  Image Entry point : 0x08000131

  Load Region LR_IROM1 (Base: 0x08000000, Size: 0x00002f90, Max: 0x00040000, ABSOLUTE)

    Execution Region ER_IROM1 (Exec base: 0x08000000, Load base: 0x08000000, Size: 0x00002f54, Max: 0x00040000, ABSOLUTE)

    Exec Addr    Load Addr    Size         Type   Attr      Idx    E Section Name        Object

    0x08000000   0x08000000   0x00000130   Data   RO            3    RESET               startup_stm32f103xe.o
    0x08000130   0x08000130   0x00000000   Code   RO         1858  * .ARM.Collect$$$$00000000  mc_w.l(entry.o)
    0x08000130   0x08000130   0x00000004   Code   RO         2144    .ARM.Collect$$$$00000001  mc_w.l(entry2.o)
    0x08000134   0x08000134   0x00000004   Code   RO         2147    .ARM.Collect$$$$00000004  mc_w.l(entry5.o)
    0x08000138   0x08000138   0x00000000   Code   RO         2149    .ARM.Collect$$$$00000008  mc_w.l(entry7b.o)
    0x08000138   0x08000138   0x00000000   Code   RO         2151    .ARM.Collect$$$$0000000A  mc_w.l(entry8b.o)
    0x08000138   0x08000138   0x00000008   Code   RO         2152    .ARM.Collect$$$$0000000B  mc_w.l(entry9a.o)
    0x08000140   0x08000140   0x00000000   Code   RO         2154    .ARM.Collect$$$$0000000D  mc_w.l(entry10a.o)
    0x08000140   0x08000140   0x00000000   Code   RO         2156    .ARM.Collect$$$$0000000F  mc_w.l(entry11a.o)
    0x08000140   0x08000140   0x00000004   Code   RO         2145    .ARM.Collect$$$$00002712  mc_w.l(entry2.o)
    0x08000144   0x08000144   0x00000024   Code   RO            4    .text               startup_stm32f103xe.o
    0x08000168   0x08000168   0x00000020   Code   RO         1861    .text               mc_w.l(llushr.o)
    0x08000188   0x08000188   0x00000024   Code   RO         1863    .text               mc_w.l(memseta.o)
    0x080001ac   0x080001ac   0x000000b0   Code   RO         2126    .text               mf_w.l(fadd.o)
    0x0800025c   0x0800025c   0x00000064   Code   RO         2128    .text               mf_w.l(fmul.o)
    0x080002c0   0x080002c0   0x0000014e   Code   RO         2130    .text               mf_w.l(dadd.o)
    0x0800040e   0x0800040e   0x000000e4   Code   RO         2132    .text               mf_w.l(dmul.o)
    0x080004f2   0x080004f2   0x0000001c   Code   RO         2134    .text               mf_w.l(fcmplt.o)
    0x0800050e   0x0800050e   0x0000000a   Code   RO         2136    .text               mf_w.l(ffltui.o)
    0x08000518   0x08000518   0x0000001a   Code   RO         2138    .text               mf_w.l(dfltui.o)
    0x08000532   0x08000532   0x00000026   Code   RO         2140    .text               mf_w.l(f2d.o)
    0x08000558   0x08000558   0x00000038   Code   RO         2142    .text               mf_w.l(d2f.o)
    0x08000590   0x08000590   0x0000001e   Code   RO         2176    .text               mc_w.l(llshl.o)
    0x080005ae   0x080005ae   0x00000024   Code   RO         2178    .text               mc_w.l(llsshr.o)
    0x080005d2   0x080005d2   0x00000000   Code   RO         2180    .text               mc_w.l(iusefp.o)
    0x080005d2   0x080005d2   0x0000006e   Code   RO         2181    .text               mf_w.l(fepilogue.o)
    0x08000640   0x08000640   0x000000ba   Code   RO         2183    .text               mf_w.l(depilogue.o)
    0x080006fa   0x080006fa   0x00000002   PAD
    0x080006fc   0x080006fc   0x00000030   Code   RO         2191    .text               mc_w.l(init.o)
    0x0800072c   0x0800072c   0x00000040   Code   RO          193    .text.AD1674_Init   ad1674.o
    0x0800076c   0x0800076c   0x00000014   Code   RO          197    .text.AD1674_IsConversionDone  ad1674.o
    0x08000780   0x08000780   0x00000016   Code   RO          201    .text.AD1674_ReadADC  ad1674.o
    0x08000796   0x08000796   0x00000002   PAD
    0x08000798   0x08000798   0x00000100   Code   RO          199    .text.AD1674_ReadValue  ad1674.o
    0x08000898   0x08000898   0x00000044   Code   RO          195    .text.AD1674_StartConversion  ad1674.o
    0x080008dc   0x080008dc   0x0000004c   Code   RO          368    .text.ADC_ConversionStop_Disable  stm32f1xx_hal_adc.o
    0x08000928   0x08000928   0x0000006c   Code   RO          376    .text.ADC_Enable    stm32f1xx_hal_adc.o
    0x08000994   0x08000994   0x00000002   Code   RO          316    .text.BusFault_Handler  stm32f1xx_it.o
    0x08000996   0x08000996   0x00000002   Code   RO          322    .text.DebugMon_Handler  stm32f1xx_it.o
    0x08000998   0x08000998   0x00000008   Code   RO          215    .text.Error_Handler  main.o
    0x080009a0   0x080009a0   0x00000018   Code   RO          102    .text.FloatToUint8  spi_lcd.o
    0x080009b8   0x080009b8   0x000000c4   Code   RO          446    .text.HAL_ADCEx_Calibration_Start  stm32f1xx_hal_adc_ex.o
    0x08000a7c   0x08000a7c   0x00000104   Code   RO          410    .text.HAL_ADC_ConfigChannel  stm32f1xx_hal_adc.o
    0x08000b80   0x08000b80   0x00000004   Code   RO          414    .text.HAL_ADC_GetState  stm32f1xx_hal_adc.o
    0x08000b84   0x08000b84   0x00000006   Code   RO          398    .text.HAL_ADC_GetValue  stm32f1xx_hal_adc.o
    0x08000b8a   0x08000b8a   0x00000002   PAD
    0x08000b8c   0x08000b8c   0x0000010c   Code   RO          364    .text.HAL_ADC_Init  stm32f1xx_hal_adc.o
    0x08000c98   0x08000c98   0x00000058   Code   RO          244    .text.HAL_ADC_MspInit  adc.o
    0x08000cf0   0x08000cf0   0x000000a0   Code   RO          374    .text.HAL_ADC_Start  stm32f1xx_hal_adc.o
    0x08000d90   0x08000d90   0x00000024   Code   RO          508    .text.HAL_Delay     stm32f1xx_hal.o
    0x08000db4   0x08000db4   0x000001b4   Code   RO          606    .text.HAL_GPIO_Init  stm32f1xx_hal_gpio.o
    0x08000f68   0x08000f68   0x0000000a   Code   RO          610    .text.HAL_GPIO_ReadPin  stm32f1xx_hal_gpio.o
    0x08000f72   0x08000f72   0x00000010   Code   RO          614    .text.HAL_GPIO_TogglePin  stm32f1xx_hal_gpio.o
    0x08000f82   0x08000f82   0x0000000a   Code   RO          612    .text.HAL_GPIO_WritePin  stm32f1xx_hal_gpio.o
    0x08000f8c   0x08000f8c   0x00000008   Code   RO          500    .text.HAL_GetTick   stm32f1xx_hal.o
    0x08000f94   0x08000f94   0x00000124   Code   RO          847    .text.HAL_I2C_Init  stm32f1xx_hal_i2c.o
    0x080010b8   0x080010b8   0x000000f0   Code   RO          891    .text.HAL_I2C_Mem_Write  stm32f1xx_hal_i2c.o
    0x080011a8   0x080011a8   0x00000070   Code   RO          259    .text.HAL_I2C_MspInit  i2c.o
    0x08001218   0x08001218   0x00000014   Code   RO          498    .text.HAL_IncTick   stm32f1xx_hal.o
    0x0800122c   0x0800122c   0x00000024   Code   RO          488    .text.HAL_Init      stm32f1xx_hal.o
    0x08001250   0x08001250   0x00000040   Code   RO          490    .text.HAL_InitTick  stm32f1xx_hal.o
    0x08001290   0x08001290   0x00000040   Code   RO          341    .text.HAL_MspInit   stm32f1xx_hal_msp.o
    0x080012d0   0x080012d0   0x00000018   Code   RO          672    .text.HAL_NVIC_EnableIRQ  stm32f1xx_hal_cortex.o
    0x080012e8   0x080012e8   0x0000004c   Code   RO          670    .text.HAL_NVIC_SetPriority  stm32f1xx_hal_cortex.o
    0x08001334   0x08001334   0x00000020   Code   RO          668    .text.HAL_NVIC_SetPriorityGrouping  stm32f1xx_hal_cortex.o
    0x08001354   0x08001354   0x000000d0   Code   RO          596    .text.HAL_RCCEx_GetPeriphCLKFreq  stm32f1xx_hal_rcc_ex.o
    0x08001424   0x08001424   0x000000e4   Code   RO          592    .text.HAL_RCCEx_PeriphCLKConfig  stm32f1xx_hal_rcc_ex.o
    0x08001508   0x08001508   0x0000015c   Code   RO          556    .text.HAL_RCC_ClockConfig  stm32f1xx_hal_rcc.o
    0x08001664   0x08001664   0x00000014   Code   RO          568    .text.HAL_RCC_GetPCLK1Freq  stm32f1xx_hal_rcc.o
    0x08001678   0x08001678   0x0000001c   Code   RO          570    .text.HAL_RCC_GetPCLK2Freq  stm32f1xx_hal_rcc.o
    0x08001694   0x08001694   0x00000054   Code   RO          558    .text.HAL_RCC_GetSysClockFreq  stm32f1xx_hal_rcc.o
    0x080016e8   0x080016e8   0x00000314   Code   RO          554    .text.HAL_RCC_OscConfig  stm32f1xx_hal_rcc.o
    0x080019fc   0x080019fc   0x000000a8   Code   RO         1157    .text.HAL_SPI_Init  stm32f1xx_hal_spi.o
    0x08001aa4   0x08001aa4   0x00000074   Code   RO          274    .text.HAL_SPI_MspInit  spi.o
    0x08001b18   0x08001b18   0x00000116   Code   RO         1165    .text.HAL_SPI_Transmit  stm32f1xx_hal_spi.o
    0x08001c2e   0x08001c2e   0x00000002   PAD
    0x08001c30   0x08001c30   0x00000028   Code   RO          680    .text.HAL_SYSTICK_Config  stm32f1xx_hal_cortex.o
    0x08001c58   0x08001c58   0x00000002   Code   RO         1768    .text.HAL_TIMEx_BreakCallback  stm32f1xx_hal_tim_ex.o
    0x08001c5a   0x08001c5a   0x00000002   Code   RO         1764    .text.HAL_TIMEx_CommutCallback  stm32f1xx_hal_tim_ex.o
    0x08001c5c   0x08001c5c   0x00000064   Code   RO         1758    .text.HAL_TIMEx_MasterConfigSynchronization  stm32f1xx_hal_tim_ex.o
    0x08001cc0   0x08001cc0   0x0000001e   Code   RO         1333    .text.HAL_TIM_Base_Init  stm32f1xx_hal_tim.o
    0x08001cde   0x08001cde   0x00000002   PAD
    0x08001ce0   0x08001ce0   0x00000080   Code   RO          293    .text.HAL_TIM_Base_MspInit  tim.o
    0x08001d60   0x08001d60   0x0000006c   Code   RO         1347    .text.HAL_TIM_Base_Start_IT  stm32f1xx_hal_tim.o
    0x08001dcc   0x08001dcc   0x000000b4   Code   RO         1521    .text.HAL_TIM_ConfigClockSource  stm32f1xx_hal_tim.o
    0x08001e80   0x08001e80   0x00000002   Code   RO         1469    .text.HAL_TIM_IC_CaptureCallback  stm32f1xx_hal_tim.o
    0x08001e82   0x08001e82   0x0000010a   Code   RO         1467    .text.HAL_TIM_IRQHandler  stm32f1xx_hal_tim.o
    0x08001f8c   0x08001f8c   0x00000002   Code   RO         1471    .text.HAL_TIM_OC_DelayElapsedCallback  stm32f1xx_hal_tim.o
    0x08001f8e   0x08001f8e   0x00000002   Code   RO         1473    .text.HAL_TIM_PWM_PulseFinishedCallback  stm32f1xx_hal_tim.o
    0x08001f90   0x08001f90   0x0000011c   Code   RO          217    .text.HAL_TIM_PeriodElapsedCallback  main.o
    0x080020ac   0x080020ac   0x00000002   Code   RO         1477    .text.HAL_TIM_TriggerCallback  stm32f1xx_hal_tim.o
    0x080020ae   0x080020ae   0x00000002   PAD
    0x080020b0   0x080020b0   0x0000002c   Code   RO          173    .text.HC595_CS      595driver.o
    0x080020dc   0x080020dc   0x0000004c   Code   RO          171    .text.HC595_Send_Byte  595driver.o
    0x08002128   0x08002128   0x00000020   Code   RO          175    .text.HC595_Send_Multi_Byte  595driver.o
    0x08002148   0x08002148   0x00000002   Code   RO          312    .text.HardFault_Handler  stm32f1xx_it.o
    0x0800214a   0x0800214a   0x00000030   Code   RO          969    .text.I2C_IsAcknowledgeFailed  stm32f1xx_hal_i2c.o
    0x0800217a   0x0800217a   0x00000002   PAD
    0x0800217c   0x0800217c   0x000000b4   Code   RO          893    .text.I2C_RequestMemoryWrite  stm32f1xx_hal_i2c.o
    0x08002230   0x08002230   0x00000040   Code   RO          861    .text.I2C_WaitOnBTFFlagUntilTimeout  stm32f1xx_hal_i2c.o
    0x08002270   0x08002270   0x00000056   Code   RO          857    .text.I2C_WaitOnFlagUntilTimeout  stm32f1xx_hal_i2c.o
    0x080022c6   0x080022c6   0x00000060   Code   RO          967    .text.I2C_WaitOnMasterAddressFlagUntilTimeout  stm32f1xx_hal_i2c.o
    0x08002326   0x08002326   0x00000040   Code   RO          859    .text.I2C_WaitOnTXEFlagUntilTimeout  stm32f1xx_hal_i2c.o
    0x08002366   0x08002366   0x00000002   PAD
    0x08002368   0x08002368   0x00000048   Code   RO          177    .text.LAB_595_display  595driver.o
    0x080023b0   0x080023b0   0x00000058   Code   RO          104    .text.LCD_Display_Lab  spi_lcd.o
    0x08002408   0x08002408   0x00000024   Code   RO          100    .text.LCD_Display_Words  spi_lcd.o
    0x0800242c   0x0800242c   0x0000004c   Code   RO           98    .text.LCE_init      spi_lcd.o
    0x08002478   0x08002478   0x00000044   Code   RO          242    .text.MX_ADC1_Init  adc.o
    0x080024bc   0x080024bc   0x000000f8   Code   RO          229    .text.MX_GPIO_Init  gpio.o
    0x080025b4   0x080025b4   0x0000003c   Code   RO          257    .text.MX_I2C1_Init  i2c.o
    0x080025f0   0x080025f0   0x00000044   Code   RO          272    .text.MX_SPI1_Init  spi.o
    0x08002634   0x08002634   0x00000048   Code   RO          287    .text.MX_TIM2_Init  tim.o
    0x0800267c   0x0800267c   0x0000004c   Code   RO          289    .text.MX_TIM3_Init  tim.o
    0x080026c8   0x080026c8   0x0000004c   Code   RO          291    .text.MX_TIM5_Init  tim.o
    0x08002714   0x08002714   0x00000002   Code   RO          314    .text.MemManage_Handler  stm32f1xx_it.o
    0x08002716   0x08002716   0x00000002   Code   RO          310    .text.NMI_Handler   stm32f1xx_it.o
    0x08002718   0x08002718   0x00000006   Code   RO          136    .text.OLED_CLS      i2c_oled.o
    0x0800271e   0x0800271e   0x00000002   PAD
    0x08002720   0x08002720   0x00000038   Code   RO          134    .text.OLED_Fill     i2c_oled.o
    0x08002758   0x08002758   0x00000084   Code   RO          130    .text.OLED_Init     i2c_oled.o
    0x080027dc   0x080027dc   0x0000001c   Code   RO          106    .text.OUTLINED_FUNCTION_0  spi_lcd.o
    0x080027f8   0x080027f8   0x0000000a   Code   RO          231    .text.OUTLINED_FUNCTION_0  gpio.o
    0x08002802   0x08002802   0x0000001a   Code   RO          297    .text.OUTLINED_FUNCTION_0  tim.o
    0x0800281c   0x0800281c   0x0000000c   Code   RO          418    .text.OUTLINED_FUNCTION_0  stm32f1xx_hal_adc.o
    0x08002828   0x08002828   0x0000000e   Code   RO          580    .text.OUTLINED_FUNCTION_0  stm32f1xx_hal_rcc.o
    0x08002836   0x08002836   0x00000012   Code   RO          700    .text.OUTLINED_FUNCTION_0  stm32f1xx_hal_cortex.o
    0x08002848   0x08002848   0x0000000a   Code   RO          108    .text.OUTLINED_FUNCTION_1  spi_lcd.o
    0x08002852   0x08002852   0x0000000e   Code   RO          233    .text.OUTLINED_FUNCTION_1  gpio.o
    0x08002860   0x08002860   0x0000000a   Code   RO          420    .text.OUTLINED_FUNCTION_1  stm32f1xx_hal_adc.o
    0x0800286a   0x0800286a   0x0000000a   Code   RO          582    .text.OUTLINED_FUNCTION_1  stm32f1xx_hal_rcc.o
    0x08002874   0x08002874   0x00000010   Code   RO         1269    .text.OUTLINED_FUNCTION_1  stm32f1xx_hal_spi.o
    0x08002884   0x08002884   0x0000002e   Code   RO         1567    .text.OUTLINED_FUNCTION_1  stm32f1xx_hal_tim.o
    0x080028b2   0x080028b2   0x0000000a   Code   RO          991    .text.OUTLINED_FUNCTION_10  stm32f1xx_hal_i2c.o
    0x080028bc   0x080028bc   0x0000000a   Code   RO         1585    .text.OUTLINED_FUNCTION_10  stm32f1xx_hal_tim.o
    0x080028c6   0x080028c6   0x00000012   Code   RO         1291    .text.OUTLINED_FUNCTION_12  stm32f1xx_hal_spi.o
    0x080028d8   0x080028d8   0x0000000a   Code   RO         1591    .text.OUTLINED_FUNCTION_13  stm32f1xx_hal_tim.o
    0x080028e2   0x080028e2   0x00000008   Code   RO         1001    .text.OUTLINED_FUNCTION_15  stm32f1xx_hal_i2c.o
    0x080028ea   0x080028ea   0x00000010   Code   RO         1301    .text.OUTLINED_FUNCTION_17  stm32f1xx_hal_spi.o
    0x080028fa   0x080028fa   0x0000000a   Code   RO          110    .text.OUTLINED_FUNCTION_2  spi_lcd.o
    0x08002904   0x08002904   0x0000000c   Code   RO          476    .text.OUTLINED_FUNCTION_2  stm32f1xx_hal_adc_ex.o
    0x08002910   0x08002910   0x0000000a   Code   RO         1307    .text.OUTLINED_FUNCTION_20  stm32f1xx_hal_spi.o
    0x0800291a   0x0800291a   0x00000008   Code   RO         1309    .text.OUTLINED_FUNCTION_21  stm32f1xx_hal_spi.o
    0x08002922   0x08002922   0x00000008   Code   RO         1017    .text.OUTLINED_FUNCTION_23  stm32f1xx_hal_i2c.o
    0x0800292a   0x0800292a   0x00000012   Code   RO         1019    .text.OUTLINED_FUNCTION_24  stm32f1xx_hal_i2c.o
    0x0800293c   0x0800293c   0x0000000a   Code   RO         1613    .text.OUTLINED_FUNCTION_24  stm32f1xx_hal_tim.o
    0x08002946   0x08002946   0x00000008   Code   RO         1317    .text.OUTLINED_FUNCTION_25  stm32f1xx_hal_spi.o
    0x0800294e   0x0800294e   0x0000001a   Code   RO         1615    .text.OUTLINED_FUNCTION_25  stm32f1xx_hal_tim.o
    0x08002968   0x08002968   0x00000012   Code   RO         1273    .text.OUTLINED_FUNCTION_3  stm32f1xx_hal_spi.o
    0x0800297a   0x0800297a   0x00000014   Code   RO         1625    .text.OUTLINED_FUNCTION_30  stm32f1xx_hal_tim.o
    0x0800298e   0x0800298e   0x00000016   Code   RO         1043    .text.OUTLINED_FUNCTION_36  stm32f1xx_hal_i2c.o
    0x080029a4   0x080029a4   0x0000000c   Code   RO         1643    .text.OUTLINED_FUNCTION_39  stm32f1xx_hal_tim.o
    0x080029b0   0x080029b0   0x00000010   Code   RO          426    .text.OUTLINED_FUNCTION_4  stm32f1xx_hal_adc.o
    0x080029c0   0x080029c0   0x0000000a   Code   RO         1649    .text.OUTLINED_FUNCTION_42  stm32f1xx_hal_tim.o
    0x080029ca   0x080029ca   0x00000014   Code   RO         1063    .text.OUTLINED_FUNCTION_46  stm32f1xx_hal_i2c.o
    0x080029de   0x080029de   0x0000000a   Code   RO         1065    .text.OUTLINED_FUNCTION_47  stm32f1xx_hal_i2c.o
    0x080029e8   0x080029e8   0x00000006   Code   RO         1659    .text.OUTLINED_FUNCTION_47  stm32f1xx_hal_tim.o
    0x080029ee   0x080029ee   0x00000008   Code   RO         1067    .text.OUTLINED_FUNCTION_48  stm32f1xx_hal_i2c.o
    0x080029f6   0x080029f6   0x0000000e   Code   RO          428    .text.OUTLINED_FUNCTION_5  stm32f1xx_hal_adc.o
    0x08002a04   0x08002a04   0x0000001c   Code   RO          981    .text.OUTLINED_FUNCTION_5  stm32f1xx_hal_i2c.o
    0x08002a20   0x08002a20   0x0000000a   Code   RO         1077    .text.OUTLINED_FUNCTION_53  stm32f1xx_hal_i2c.o
    0x08002a2a   0x08002a2a   0x0000000e   Code   RO         1671    .text.OUTLINED_FUNCTION_53  stm32f1xx_hal_tim.o
    0x08002a38   0x08002a38   0x0000000a   Code   RO         1675    .text.OUTLINED_FUNCTION_55  stm32f1xx_hal_tim.o
    0x08002a42   0x08002a42   0x00000012   Code   RO         1093    .text.OUTLINED_FUNCTION_61  stm32f1xx_hal_i2c.o
    0x08002a54   0x08002a54   0x00000012   Code   RO         1095    .text.OUTLINED_FUNCTION_62  stm32f1xx_hal_i2c.o
    0x08002a66   0x08002a66   0x00000010   Code   RO         1101    .text.OUTLINED_FUNCTION_65  stm32f1xx_hal_i2c.o
    0x08002a76   0x08002a76   0x00000006   Code   RO         1107    .text.OUTLINED_FUNCTION_68  stm32f1xx_hal_i2c.o
    0x08002a7c   0x08002a7c   0x0000000e   Code   RO         1579    .text.OUTLINED_FUNCTION_7  stm32f1xx_hal_tim.o
    0x08002a8a   0x08002a8a   0x0000000e   Code   RO         1129    .text.OUTLINED_FUNCTION_79  stm32f1xx_hal_i2c.o
    0x08002a98   0x08002a98   0x00000008   Code   RO          434    .text.OUTLINED_FUNCTION_8  stm32f1xx_hal_adc.o
    0x08002aa0   0x08002aa0   0x00000010   Code   RO         1283    .text.OUTLINED_FUNCTION_8  stm32f1xx_hal_spi.o
    0x08002ab0   0x08002ab0   0x00000008   Code   RO         1143    .text.OUTLINED_FUNCTION_86  stm32f1xx_hal_i2c.o
    0x08002ab8   0x08002ab8   0x0000000a   Code   RO          436    .text.OUTLINED_FUNCTION_9  stm32f1xx_hal_adc.o
    0x08002ac2   0x08002ac2   0x00000002   Code   RO          324    .text.PendSV_Handler  stm32f1xx_it.o
    0x08002ac4   0x08002ac4   0x00000036   Code   RO         1167    .text.SPI_EndRxTxTransaction  stm32f1xx_hal_spi.o
    0x08002afa   0x08002afa   0x00000002   PAD
    0x08002afc   0x08002afc   0x000000c0   Code   RO         1265    .text.SPI_WaitFlagStateUntilTimeout  stm32f1xx_hal_spi.o
    0x08002bbc   0x08002bbc   0x00000002   Code   RO          320    .text.SVC_Handler   stm32f1xx_it.o
    0x08002bbe   0x08002bbe   0x00000004   Code   RO          326    .text.SysTick_Handler  stm32f1xx_it.o
    0x08002bc2   0x08002bc2   0x00000082   Code   RO          213    .text.SystemClock_Config  main.o
    0x08002c44   0x08002c44   0x00000002   Code   RO         1844    .text.SystemInit    system_stm32f1xx.o
    0x08002c46   0x08002c46   0x00000002   PAD
    0x08002c48   0x08002c48   0x00000008   Code   RO          328    .text.TIM2_IRQHandler  stm32f1xx_it.o
    0x08002c50   0x08002c50   0x00000008   Code   RO          330    .text.TIM3_IRQHandler  stm32f1xx_it.o
    0x08002c58   0x08002c58   0x0000000c   Code   RO          332    .text.TIM5_IRQHandler  stm32f1xx_it.o
    0x08002c64   0x08002c64   0x000000ac   Code   RO         1337    .text.TIM_Base_SetConfig  stm32f1xx_hal_tim.o
    0x08002d10   0x08002d10   0x00000022   Code   RO         1523    .text.TIM_TI1_ConfigInputStage  stm32f1xx_hal_tim.o
    0x08002d32   0x08002d32   0x00000024   Code   RO         1525    .text.TIM_TI2_ConfigInputStage  stm32f1xx_hal_tim.o
    0x08002d56   0x08002d56   0x00000002   Code   RO          318    .text.UsageFault_Handler  stm32f1xx_it.o
    0x08002d58   0x08002d58   0x00000024   Code   RO          126    .text.WriteCmd      i2c_oled.o
    0x08002d7c   0x08002d7c   0x00000028   Code   RO          128    .text.WriteDat      i2c_oled.o
    0x08002da4   0x08002da4   0x000000f4   Code   RO          211    .text.main          main.o
    0x08002e98   0x08002e98   0x00000020   Code   RO           96    .text.spi_wirte_cmd  spi_lcd.o
    0x08002eb8   0x08002eb8   0x00000024   Code   RO           94    .text.spi_wirte_data  spi_lcd.o
    0x08002edc   0x08002edc   0x0000000e   Code   RO         2197    i.__scatterload_copy  mc_w.l(handlers.o)
    0x08002eea   0x08002eea   0x00000002   Code   RO         2198    i.__scatterload_null  mc_w.l(handlers.o)
    0x08002eec   0x08002eec   0x0000000e   Code   RO         2199    i.__scatterload_zeroinit  mc_w.l(handlers.o)
    0x08002efa   0x08002efa   0x00000010   Data   RO         1849    .rodata.AHBPrescTable  system_stm32f1xx.o
    0x08002f0a   0x08002f0a   0x00000008   Data   RO         1850    .rodata.APBPrescTable  system_stm32f1xx.o
    0x08002f12   0x08002f12   0x00000008   Data   RO          183    .rodata.DIG_CS_CA_INVERTED  595driver.o
    0x08002f1a   0x08002f1a   0x0000000a   Data   RO          181    .rodata.digitMapCC  595driver.o
    0x08002f24   0x08002f24   0x0000000d   Data   RO          114    .rodata.str1.1      spi_lcd.o
    0x08002f31   0x08002f31   0x00000003   PAD
    0x08002f34   0x08002f34   0x00000020   Data   RO         2196    Region$$Table       anon$$obj.o


    Execution Region RW_IRAM1 (Exec base: 0x20000000, Load base: 0x08002f58, Size: 0x00000640, Max: 0x0000c000, ABSOLUTE)

    Exec Addr    Load Addr    Size         Type   Attr      Idx    E Section Name        Object

    0x20000000   0x08002f58   0x00000008   Data   RW          116    .data..L_MergedGlobals  spi_lcd.o
    0x20000008   0x08002f60   0x00000008   Data   RW          543    .data..L_MergedGlobals  stm32f1xx_hal.o
    0x20000010   0x08002f68   0x00000020   Data   RW          113    .data.LCD_addr      spi_lcd.o
    0x20000030   0x08002f88   0x00000004   Data   RW         1848    .data.SystemCoreClock  system_stm32f1xx.o
    0x20000034   0x08002f8c   0x00000004   PAD
    0x20000038        -       0x0000000c   Zero   RW          220    .bss..L_MergedGlobals  main.o
    0x20000044        -       0x00000008   Zero   RW          117    .bss..L_MergedGlobals.2  spi_lcd.o
    0x2000004c        -       0x00000004   Zero   RW           11    .bss.LED_status     led.o
    0x20000050        -       0x00000008   Zero   RW          115    .bss.SPI_timer      spi_lcd.o
    0x20000058        -       0x00000020   Zero   RW          184    .bss.count          595driver.o
    0x20000078        -       0x00000030   Zero   RW          248    .bss.hadc1          adc.o
    0x200000a8        -       0x00000054   Zero   RW          263    .bss.hi2c1          i2c.o
    0x200000fc        -       0x00000058   Zero   RW          278    .bss.hspi1          spi.o
    0x20000154        -       0x00000048   Zero   RW          299    .bss.htim2          tim.o
    0x2000019c        -       0x00000048   Zero   RW          300    .bss.htim3          tim.o
    0x200001e4        -       0x00000048   Zero   RW          301    .bss.htim5          tim.o
    0x2000022c        -       0x00000004   Zero   RW          162    .bss.inter_cnt      i2c_oled.o
    0x20000230        -       0x00000004   Zero   RW          112    .bss.time           spi_lcd.o
    0x20000234        -       0x00000004   Zero   RW          179    .bss.time595        595driver.o
    0x20000238        -       0x00000004   Zero   RW          542    .bss.uwTick         stm32f1xx_hal.o
    0x2000023c   0x08002f8c   0x00000004   PAD
    0x20000240        -       0x00000400   Zero   RW            1    STACK               startup_stm32f103xe.o


==============================================================================

Image component sizes


      Code (inc. data)   RO Data    RW Data    ZI Data      Debug   Object Name

       224         20         18          0         36       2296   595driver.o
       430         12          0          0          0       1690   ad1674.o
       156         12          0          0         48       4199   adc.o
       272         16          0          0          0       1800   gpio.o
       172         28          0          0         84       4794   i2c.o
       270          8          0          0          4       6073   i2c_oled.o
         0          0          0          0          4        317   led.o
       666         76          0          0         12       6698   main.o
       184         16          0          0         88       4353   spi.o
       340         44         13         40         20       3315   spi_lcd.o
        36          8        304          0       1024        804   startup_stm32f103xe.o
       164         20          0          8          4       6267   stm32f1xx_hal.o
       952         32          0          0          0      11457   stm32f1xx_hal_adc.o
       208          0          0          0          0       8946   stm32f1xx_hal_adc_ex.o
       190         24          0          0          0       8664   stm32f1xx_hal_cortex.o
       472         52          0          0          0       4695   stm32f1xx_hal_gpio.o
      1292         28          0          0          0      42331   stm32f1xx_hal_i2c.o
        64          8          0          0          0       1243   stm32f1xx_hal_msp.o
      1292         68          0          0          0       7497   stm32f1xx_hal_rcc.o
       436         40          0          0          0       3825   stm32f1xx_hal_rcc_ex.o
       802          4          0          0          0      21695   stm32f1xx_hal_spi.o
      1022         40          0          0          0      46951   stm32f1xx_hal_tim.o
       104          0          0          0          0      19889   stm32f1xx_hal_tim_ex.o
        48          4          0          0          0       4485   stm32f1xx_it.o
         2          0         24          4          0       1636   system_stm32f1xx.o
       378         24          0          0        216       7048   tim.o

    ----------------------------------------------------------------------
     10196        584        394         52       1548     232968   Object Totals
         0          0         32          0          0          0   (incl. Generated)
        20          0          3          0          8          0   (incl. Padding)

    ----------------------------------------------------------------------

      Code (inc. data)   RO Data    RW Data    ZI Data      Debug   Library Member Name

         0          0          0          0          0          0   entry.o
         0          0          0          0          0          0   entry10a.o
         0          0          0          0          0          0   entry11a.o
         8          4          0          0          0          0   entry2.o
         4          0          0          0          0          0   entry5.o
         0          0          0          0          0          0   entry7b.o
         0          0          0          0          0          0   entry8b.o
         8          4          0          0          0          0   entry9a.o
        30          0          0          0          0          0   handlers.o
        48         10          0          0          0         68   init.o
         0          0          0          0          0          0   iusefp.o
        30          0          0          0          0         68   llshl.o
        36          0          0          0          0         68   llsshr.o
        32          0          0          0          0         68   llushr.o
        36          0          0          0          0        108   memseta.o
        56          0          0          0          0         88   d2f.o
       334          0          0          0          0        148   dadd.o
       186          0          0          0          0        176   depilogue.o
        26          0          0          0          0         76   dfltui.o
       228          0          0          0          0         96   dmul.o
        38          0          0          0          0         68   f2d.o
       176          0          0          0          0        140   fadd.o
        28          0          0          0          0         68   fcmplt.o
       110          0          0          0          0        168   fepilogue.o
        10          0          0          0          0         68   ffltui.o
       100          0          0          0          0         76   fmul.o

    ----------------------------------------------------------------------
      1526         18          0          0          0       1552   Library Totals
         2          0          0          0          0          0   (incl. Padding)

    ----------------------------------------------------------------------

      Code (inc. data)   RO Data    RW Data    ZI Data      Debug   Library Name

       232         18          0          0          0        380   mc_w.l
      1292          0          0          0          0       1172   mf_w.l

    ----------------------------------------------------------------------
      1526         18          0          0          0       1552   Library Totals

    ----------------------------------------------------------------------

==============================================================================


      Code (inc. data)   RO Data    RW Data    ZI Data      Debug   

     11722        602        394         52       1548     233536   Grand Totals
     11722        602        394         52       1548     233536   ELF Image Totals
     11722        602        394         52          0          0   ROM Totals

==============================================================================

    Total RO  Size (Code + RO Data)                12116 (  11.83kB)
    Total RW  Size (RW Data + ZI Data)              1600 (   1.56kB)
    Total ROM Size (Code + RO Data + RW Data)      12168 (  11.88kB)

==============================================================================

