<html>
<body>
<pre>
<h1>�Vision Build Log</h1>
<h2>Tool Versions:</h2>
IDE-Version: ��Vision V5.41.0.0
Copyright (C) 2024 ARM Ltd and ARM Germany GmbH. All rights reserved.
License Information: YOUNG HT, CQU, LIC=----
 
Tool Versions:
Toolchain:       MDK-Lite  Version: 5.41.0.0
Toolchain Path:  D:\Users\ZhuanZ\AppData\Local\Keil_v5\ARM\ARMCLANG\Bin
C Compiler:      ArmClang.exe V6.22
Assembler:       Armasm.exe V6.22
Linker/Locator:  ArmLink.exe V6.22
Library Manager: ArmAr.exe V6.22
Hex Converter:   FromElf.exe V6.22
CPU DLL:         SARMCM3.DLL V5.41.0.0
Dialog DLL:      DCM.DLL V1.17.5.0
Target DLL:      STLink\ST-LINKIII-KEIL_SWO.dll V3.3.0.0
Dialog DLL:      TCM.DLL V1.56.4.0
 
<h2>Project:</h2>
D:\Study\CQU_Study\Computer_Control\computer_control\lab8\MDK-ARM\lab1.uvprojx
Project File Date:  05/09/2025

<h2>Output:</h2>
*** Using Compiler 'V6.22', folder: 'D:\Users\ZhuanZ\AppData\Local\Keil_v5\ARM\ARMCLANG\Bin'
Rebuild target 'lab1'
assembling startup_stm32f103xe.s...
compiling LED.c...
compiling GPIO_KEY.c...
compiling main.c...
../Core/Src/timer.c(47): warning: passing 'char[15]' to parameter of type 'unsigned char *' converts between pointers to integer types where one is of the unique plain 'char' type and the other is not [-Wpointer-sign]
   47 |         OLED_ShowStr(0,0,"press to start",2);
      |                          ^~~~~~~~~~~~~~~~
../Core/Inc\i2c_oled.h(18): note: passing argument to parameter 'ch' here
   18 | void OLED_ShowStr(unsigned char x, unsigned char y, unsigned char ch[], unsigned char TextSize);
      |                                                                   ^
1 warning generated.
compiling timer.c...
compiling SW_keyboard.c...
../Core/Src/I2C_OLED.c(374): warning: passing 'char[5]' to parameter of type 'unsigned char *' converts between pointers to integer types where one is of the unique plain 'char' type and the other is not [-Wpointer-sign]
  374 |       OLED_ShowStr(0,0,"OLED",2);  //"OLED"
      |                        ^~~~~~
../Core/Src/I2C_OLED.c(271): note: passing argument to parameter 'ch' here
  271 | void OLED_ShowStr(unsigned char x, unsigned char y, unsigned char ch[], unsigned char TextSize)
      |                                                                   ^
../Core/Src/I2C_OLED.c(433): warning: passing 'char[8]' to parameter of type 'unsigned char *' converts between pointers to integer types where one is of the unique plain 'char' type and the other is not [-Wpointer-sign]
  433 |     OLED_ShowStr(0, 0, "forward",2);
      |                        ^~~~~~~~~
../Core/Src/I2C_OLED.c(271): note: passing argument to parameter 'ch' here
  271 | void OLED_ShowStr(unsigned char x, unsigned char y, unsigned char ch[], unsigned char TextSize)
      |                                                                   ^
../Core/Src/I2C_OLED.c(435): warning: passing 'char[9]' to parameter of type 'unsigned char *' converts between pointers to integer types where one is of the unique plain 'char' type and the other is not [-Wpointer-sign]
  435 |     OLED_ShowStr(0, 0, "backward",2);
      |                        ^~~~~~~~~~
../Core/Src/I2C_OLED.c(271): note: passing argument to parameter 'ch' here
  271 | void OLED_ShowStr(unsigned char x, unsigned char y, unsigned char ch[], unsigned char TextSize)
      |                                                                   ^
../Core/Src/I2C_OLED.c(437): warning: passing 'char[5]' to parameter of type 'unsigned char *' converts between pointers to integer types where one is of the unique plain 'char' type and the other is not [-Wpointer-sign]
  437 |     OLED_ShowStr(0, 0, "stop",2);
      |                        ^~~~~~
../Core/Src/I2C_OLED.c(271): note: passing argument to parameter 'ch' here
  271 | void OLED_ShowStr(unsigned char x, unsigned char y, unsigned char ch[], unsigned char TextSize)
      |                                                                   ^
../Core/Src/I2C_OLED.c(441): warning: passing 'char[8]' to parameter of type 'unsigned char *' converts between pointers to integer types where one is of the unique plain 'char' type and the other is not [-Wpointer-sign]
  441 |   OLED_ShowStr(0, 3, PWM_Ratio_char_oled,2); //打印PWM占空比
      |                      ^~~~~~~~~~~~~~~~~~~
../Core/Src/I2C_OLED.c(271): note: passing argument to parameter 'ch' here
  271 | void OLED_ShowStr(unsigned char x, unsigned char y, unsigned char ch[], unsigned char TextSize)
      |                                                                   ^
../Core/Src/I2C_OLED.c(445): warning: passing 'char[18]' to parameter of type 'unsigned char *' converts between pointers to integer types where one is of the unique plain 'char' type and the other is not [-Wpointer-sign]
  445 |           OLED_ShowStr(2, 5, "Motor has stopped",2); //打印电机转速
      |                              ^~~~~~~~~~~~~~~~~~~
../Core/Src/I2C_OLED.c(271): note: passing argument to parameter 'ch' here
  271 | void OLED_ShowStr(unsigned char x, unsigned char y, unsigned char ch[], unsigned char TextSize)
      |                                                                   ^
../Core/Src/I2C_OLED.c(448): warning: passing 'char[8]' to parameter of type 'unsigned char *' converts between pointers to integer types where one is of the unique plain 'char' type and the other is not [-Wpointer-sign]
  448 |                 OLED_ShowStr(2, 5, RPM_char_oled,2); //打印电机转速
      |                                    ^~~~~~~~~~~~~
../Core/Src/I2C_OLED.c(271): note: passing argument to parameter 'ch' here
  271 | void OLED_ShowStr(unsigned char x, unsigned char y, unsigned char ch[], unsigned char TextSize)
      |                                                                   ^
../Core/Src/I2C_OLED.c(452): warning: passing 'char[8]' to parameter of type 'unsigned char *' converts between pointers to integer types where one is of the unique plain 'char' type and the other is not [-Wpointer-sign]
  452 |         OLED_ShowStr(0, 7,curr_set_rpm,1); //打印设定转速
      |                           ^~~~~~~~~~~~
../Core/Src/I2C_OLED.c(271): note: passing argument to parameter 'ch' here
  271 | void OLED_ShowStr(unsigned char x, unsigned char y, unsigned char ch[], unsigned char TextSize)
      |                                                                   ^
../Core/Src/I2C_OLED.c(464): warning: passing 'char[11]' to parameter of type 'unsigned char *' converts between pointers to integer types where one is of the unique plain 'char' type and the other is not [-Wpointer-sign]
  464 |         OLED_ShowStr(0,0,"S2 pressed",2);  //"OLED"
      |                          ^~~~~~~~~~~~
../Core/Src/I2C_OLED.c(271): note: passing argument to parameter 'ch' here
  271 | void OLED_ShowStr(unsigned char x, unsigned char y, unsigned char ch[], unsigned char TextSize)
      |                                                                   ^
../Core/Src/I2C_OLED.c(470): warning: passing 'char[11]' to parameter of type 'unsigned char *' converts between pointers to integer types where one is of the unique plain 'char' type and the other is not [-Wpointer-sign]
  470 |         OLED_ShowStr(0,0,"S3 pressed",2);  //"OLED"
      |                          ^~~~~~~~~~~~
../Core/Src/I2C_OLED.c(271): note: passing argument to parameter 'ch' here
  271 | void OLED_ShowStr(unsigned char x, unsigned char y, unsigned char ch[], unsigned char TextSize)
      |                                                                   ^
../Core/Src/I2C_OLED.c(471): warning: passing 'char[9]' to parameter of type 'unsigned char *' converts between pointers to integer types where one is of the unique plain 'char' type and the other is not [-Wpointer-sign]
  471 |         OLED_ShowStr(0,3,"20221689",2);
      |                          ^~~~~~~~~~
../Core/Src/I2C_OLED.c(271): note: passing argument to parameter 'ch' here
  271 | void OLED_ShowStr(unsigned char x, unsigned char y, unsigned char ch[], unsigned char TextSize)
      |                                                                   ^
11 warnings generated.
compiling I2C_OLED.c...
../Core/Src/595Driver.c(119): warning: passing 'char[2]' to parameter of type 'unsigned char *' converts between pointers to integer types where one is of the unique plain 'char' type and the other is not [-Wpointer-sign]
  119 |                         HC595_Send_Multi_Byte(cmd, 2);  
      |                                               ^~~
../Core/Src/595Driver.c(94): note: passing argument to parameter 'data' here
   94 | void HC595_Send_Multi_Byte(unsigned char *data, unsigned short int len)
      |                                           ^
1 warning generated.
compiling 595Driver.c...
compiling tm1650.c...
../Core/Src/SPI_LCD.c(69): warning: passing 'char[13]' to parameter of type 'unsigned char *' converts between pointers to integer types where one is of the unique plain 'char' type and the other is not [-Wpointer-sign]
   69 |   LCD_Display_Words(0,0,"current key:");
      |                         ^~~~~~~~~~~~~~
../Core/Src/SPI_LCD.c(56): note: passing argument to parameter 'str' here
   56 | void LCD_Display_Words(unsigned char x,unsigned char y,unsigned char*str)
      |                                                                      ^
../Core/Src/SPI_LCD.c(70): warning: passing 'char[2]' to parameter of type 'unsigned char *' converts between pointers to integer types where one is of the unique plain 'char' type and the other is not [-Wpointer-sign]
   70 |         LCD_Display_Words(1,0,"9");
      |                               ^~~
../Core/Src/SPI_LCD.c(56): note: passing argument to parameter 'str' here
   56 | void LCD_Display_Words(unsigned char x,unsigned char y,unsigned char*str)
      |                                                                      ^
../Core/Src/SPI_LCD.c(84): warning: passing 'char[8]' to parameter of type 'unsigned char *' converts between pointers to integer types where one is of the unique plain 'char' type and the other is not [-Wpointer-sign]
   84 |     LCD_Display_Words(0, 0, "forward");
      |                             ^~~~~~~~~
../Core/Src/SPI_LCD.c(56): note: passing argument to parameter 'str' here
   56 | void LCD_Display_Words(unsigned char x,unsigned char y,unsigned char*str)
      |                                                                      ^
../Core/Src/SPI_LCD.c(86): warning: passing 'char[9]' to parameter of type 'unsigned char *' converts between pointers to integer types where one is of the unique plain 'char' type and the other is not [-Wpointer-sign]
   86 |     LCD_Display_Words(0, 0, "backward");
      |                             ^~~~~~~~~~
../Core/Src/SPI_LCD.c(56): note: passing argument to parameter 'str' here
   56 | void LCD_Display_Words(unsigned char x,unsigned char y,unsigned char*str)
      |                                                                      ^
../Core/Src/SPI_LCD.c(88): warning: passing 'char[5]' to parameter of type 'unsigned char *' converts between pointers to integer types where one is of the unique plain 'char' type and the other is not [-Wpointer-sign]
   88 |     LCD_Display_Words(0, 0, "stop");
      |                             ^~~~~~
../Core/Src/SPI_LCD.c(56): note: passing argument to parameter 'str' here
   56 | void LCD_Display_Words(unsigned char x,unsigned char y,unsigned char*str)
      |                                                                      ^
../Core/Src/SPI_LCD.c(91): warning: passing 'char[8]' to parameter of type 'unsigned char *' converts between pointers to integer types where one is of the unique plain 'char' type and the other is not [-Wpointer-sign]
   91 |   LCD_Display_Words(1, 0, PWM_Ratio_char); //打印PWM占空比
      |                           ^~~~~~~~~~~~~~
../Core/Src/SPI_LCD.c(56): note: passing argument to parameter 'str' here
   56 | void LCD_Display_Words(unsigned char x,unsigned char y,unsigned char*str)
      |                                                                      ^
../Core/Src/SPI_LCD.c(93): warning: passing 'char[8]' to parameter of type 'unsigned char *' converts between pointers to integer types where one is of the unique plain 'char' type and the other is not [-Wpointer-sign]
   93 |   LCD_Display_Words(2, 0, RPM_char); //打印电机转速
      |                           ^~~~~~~~
../Core/Src/SPI_LCD.c(56): note: passing argument to parameter 'str' here
   56 | void LCD_Display_Words(unsigned char x,unsigned char y,unsigned char*str)
      |                                                                      ^
7 warnings generated.
compiling SPI_LCD.c...
../Core/Src/SoftWare_LCD_Driver.c(572): warning: passing 'char[13]' to parameter of type 'unsigned char *' converts between pointers to integer types where one is of the unique plain 'char' type and the other is not [-Wpointer-sign]
  572 |     DisplayAt(0,1,"重庆大学");
      |                   ^~~~~~~~~~
../Core/Src/SoftWare_LCD_Driver.c(460): note: passing argument to parameter 'p' here
  460 | void DisplayAt(unsigned char hang,unsigned char lie,unsigned char *p)
      |                                                                    ^
../Core/Src/SoftWare_LCD_Driver.c(576): warning: passing 'char[16]' to parameter of type 'unsigned char *' converts between pointers to integer types where one is of the unique plain 'char' type and the other is not [-Wpointer-sign]
  576 |     DisplayAt(1,0,"自动化学院");
      |                   ^~~~~~~~~~~~
../Core/Src/SoftWare_LCD_Driver.c(460): note: passing argument to parameter 'p' here
  460 | void DisplayAt(unsigned char hang,unsigned char lie,unsigned char *p)
      |                                                                    ^
../Core/Src/SoftWare_LCD_Driver.c(581): warning: passing 'char[25]' to parameter of type 'unsigned char *' converts between pointers to integer types where one is of the unique plain 'char' type and the other is not [-Wpointer-sign]
  581 |     DisplayAt(2,0,"二零二二一六八九");
      |                   ^~~~~~~~~~~~~~~~~~
../Core/Src/SoftWare_LCD_Driver.c(460): note: passing argument to parameter 'p' here
  460 | void DisplayAt(unsigned char hang,unsigned char lie,unsigned char *p)
      |                                                                    ^
../Core/Src/SoftWare_LCD_Driver.c(585): warning: passing 'char[8]' to parameter of type 'unsigned char *' converts between pointers to integer types where one is of the unique plain 'char' type and the other is not [-Wpointer-sign]
  585 |     DisplayAt(3,2,"2021689");
      |                   ^~~~~~~~~
../Core/Src/SoftWare_LCD_Driver.c(460): note: passing argument to parameter 'p' here
  460 | void DisplayAt(unsigned char hang,unsigned char lie,unsigned char *p)
      |                                                                    ^
4 warnings generated.
compiling SoftWare_LCD_Driver.c...
compiling gpio.c...
compiling i2c.c...
compiling usart.c...
compiling spi.c...
compiling stm32f1xx_it.c...
compiling tim.c...
compiling stm32f1xx_hal_msp.c...
compiling stm32f1xx_hal_gpio_ex.c...
compiling stm32f1xx_hal.c...
compiling stm32f1xx_hal_i2c.c...
compiling stm32f1xx_hal_rcc.c...
compiling stm32f1xx_hal_gpio.c...
compiling stm32f1xx_hal_rcc_ex.c...
compiling stm32f1xx_hal_pwr.c...
compiling stm32f1xx_hal_dma.c...
compiling stm32f1xx_hal_exti.c...
compiling stm32f1xx_hal_cortex.c...
compiling stm32f1xx_hal_flash.c...
compiling stm32f1xx_hal_flash_ex.c...
compiling system_stm32f1xx.c...
compiling stm32f1xx_hal_spi.c...
compiling stm32f1xx_hal_tim_ex.c...
compiling stm32f1xx_hal_uart.c...
compiling stm32f1xx_hal_tim.c...
linking...
Program Size: Code=19766 RO-data=2966 RW-data=36 ZI-data=1836  
FromELF: creating hex file...
"lab1\lab1.axf" - 0 Error(s), 24 Warning(s).

<h2>Software Packages used:</h2>

Package Vendor: ARM
                https://www.keil.com/pack/ARM.CMSIS.6.1.0.pack
                ARM::CMSIS@6.1.0
                CMSIS (Common Microcontroller Software Interface Standard)
   * Component: CORE Version: 6.1.0

Package Vendor: Keil
                https://www.keil.com/pack/Keil.STM32F1xx_DFP.2.4.1.pack
                Keil::STM32F1xx_DFP@2.4.1
                STMicroelectronics STM32F1 Series Device Support, Drivers and Examples

<h2>Collection of Component include folders:</h2>
  ./RTE/_lab1
  D:/Users/ZhuanZ/AppData/Local/Arm/Packs/ARM/CMSIS/6.1.0/CMSIS/Core/Include
  D:/Users/ZhuanZ/AppData/Local/Arm/Packs/Keil/STM32F1xx_DFP/2.4.1/Device/Include

<h2>Collection of Component Files used:</h2>

   * Component: ARM::CMSIS:CORE@6.1.0
      Include file:  CMSIS/Core/Include/tz_context.h
Build Time Elapsed:  00:00:07
</pre>
</body>
</html>
